Archive member included because of file (symbol)

./libcsud.a(device.keyboard.c.o)
                              build/keyboard.o (KeyboardGetAddress)
./libcsud.a(platform.c.o)     ./libcsud.a(device.keyboard.c.o) (MemoryAllocate)
./libcsud.a(usbd.c.o)         build/kmain.o (UsbInitialise)
./libcsud.a(device.hid.c.o)   ./libcsud.a(device.keyboard.c.o) (HidReadDevice)
./libcsud.a(device.hub.c.o)   ./libcsud.a(usbd.c.o) (HubPortReset)
./libcsud.a(hcd.designware20.c.o)
                              ./libcsud.a(usbd.c.o) (HcdSumbitControlMessage)
./libcsud.a(hcd.designware20.roothub.c.o)
                              ./libcsud.a(hcd.designware20.c.o) (HcdProcessRootHubMessage)
./libcsud.a(platform.armv6.c.o)
                              ./libcsud.a(hcd.designware20.c.o) (__aeabi_uidiv)
./libcsud.a(platform.broadcom2835.c.o)
                              ./libcsud.a(usbd.c.o) (MicroDelay)

Allocating common symbols
Common symbol       size              file

lr_irq              0x4               build/sched.o
CorePhysical        0x4               ./libcsud.a(hcd.designware20.c.o)
call                0x4               build/syscall.o
commandLine         0x100             build/kmain.o
kernel_heap_limit   0x4               build/kheap.o
DeviceNumbers       0x4               ./libcsud.a(usbd.c.o)
kmain_process       0x58              build/sched.o
HostPhysical        0x4               ./libcsud.a(hcd.designware20.c.o)
stackPointer2       0x4               build/sched.o
kernel_heap_top     0x4               build/kheap.o
keyboards           0x10              ./libcsud.a(device.keyboard.c.o)
PowerPhysical       0x4               ./libcsud.a(hcd.designware20.c.o)
current_process     0x4               build/sched.o
Heap                0x4000            ./libcsud.a(platform.c.o)
Allocations         0xc00             ./libcsud.a(platform.c.o)
stackPointer        0x4               build/syscall.o
uart_error          0x4               build/uart.o

Memory Configuration

Name             Origin             Length             Attributes
RAM              0x0000000000008000 0x000000001fff8000
PERIPHERALS      0x0000000020000000 0x0000000000ffffff
*default*        0x0000000000000000 0xffffffffffffffff

Linker script and memory map

LOAD build/asm_tools.o
LOAD build/fb.o
LOAD build/hw.o
LOAD build/init.o
LOAD build/keyboard.o
LOAD build/kheap.o
LOAD build/pwm.o
LOAD build/sched.o
LOAD build/syscall.o
LOAD build/uart.o
LOAD build/util.o
LOAD build/kmain.o
                0x0000000000000200                KERNEL_STACK_SIZE = 0x200
                0x0000000000000200                SYS_STACK_SIZE = 0x200
                0x0000000000000200                IRQ_STACK_SIZE = 0x200
                0x0000000000100000                USER_STACKS_SIZE = 0x100000

.text           0x0000000000008000     0x986c
 build/init.o(.text*)
 .text          0x0000000000008000       0xc4 build/init.o
                0x0000000000008000                _start
 *(.text*)
 .text          0x00000000000080c4       0x48 build/asm_tools.o
                0x00000000000080c4                Set32
                0x00000000000080cc                Get32
                0x00000000000080d4                delay
                0x00000000000080e8                memory_barrier
                0x0000000000008100                invalidate_cache
 .text          0x000000000000810c      0xd54 build/fb.o
                0x0000000000008160                MailboxWrite
                0x00000000000081d8                MailboxRead
                0x0000000000008278                FramebufferInitialize
                0x0000000000008794                put_pixel_RGB24
                0x0000000000008830                draw
                0x0000000000008950                drawRed
                0x00000000000089ec                drawBlue
                0x0000000000008a88                render
                0x0000000000008b80                newLine
                0x0000000000008bac                drawChar
                0x0000000000008be4                drawString
                0x0000000000008c40                drawStringWithoutNewLine
                0x0000000000008c98                drawVerticalLine
                0x0000000000008cf4                drawHorizontalLine
                0x0000000000008d60                prompt
                0x0000000000008d78                drawHelloConsole
                0x0000000000008dc4                clear
 .text          0x0000000000008e60      0x3a4 build/hw.o
                0x0000000000008e60                divide
                0x0000000000008ec8                get_date_ms
                0x0000000000008eec                set_date_ms
                0x0000000000008f84                set_next_tick
                0x0000000000008fdc                set_next_tick_default
                0x0000000000009028                timer_init
                0x0000000000009054                led_on
                0x0000000000009090                led_off
                0x00000000000090cc                led_switch
                0x00000000000090f8                led_status
                0x000000000000910c                led_init
                0x0000000000009140                led_blink
                0x00000000000091d4                hw_init
                0x00000000000091e4                terminate_kernel
 .text          0x0000000000009204      0x144 build/keyboard.o
                0x0000000000009204                KeyboardUpdate
                0x0000000000009288                KeyWasDown
                0x00000000000092b8                KeyboardGetChar
 .text          0x0000000000009348      0x360 build/kheap.o
                0x0000000000009348                aligned_value
                0x0000000000009394                kAlloc_aligned
                0x0000000000009548                kAlloc
                0x0000000000009634                kFree
                0x000000000000967c                kheap_init
 .text          0x00000000000096a8      0x224 build/pwm.o
                0x0000000000009840                audio_test
 .text          0x00000000000098cc      0x690 build/sched.o
                0x00000000000098cc                irq_handler
                0x0000000000009958                sys_exit
                0x0000000000009984                do_sys_exit
                0x0000000000009a2c                sys_yield
                0x0000000000009a4c                do_sys_yield
                0x0000000000009bb0                sched_init
                0x0000000000009be8                create_process
                0x0000000000009c98                elect
                0x0000000000009cb4                pouetpouet
                0x0000000000009cb8                sys_yieldto
                0x0000000000009ce8                do_sys_yieldto
 .text          0x0000000000009f5c      0x298 build/syscall.o
                0x0000000000009f5c                swi_handler
                0x000000000000a03c                sys_settime
                0x000000000000a074                sys_gettime
                0x000000000000a0e4                sys_reboot
                0x000000000000a104                pouet
                0x000000000000a108                sys_nop
                0x000000000000a134                do_sys_reboot
                0x000000000000a140                do_sys_nop
                0x000000000000a148                do_sys_settime
                0x000000000000a1c4                do_sys_gettime
 .text          0x000000000000a1f4      0x658 build/uart.o
                0x000000000000a1f4                uart_init
                0x000000000000a310                uart_send_str
                0x000000000000a3a4                uart_send_int
                0x000000000000a594                uart_receive_str
                0x000000000000a670                uart_receive_int
                0x000000000000a818                uart_is_receive_fifo_empty
 .text          0x000000000000a84c       0x10 build/util.o
                0x000000000000a84c                kernel_panic
 .text          0x000000000000a85c      0x18c build/kmain.o
                0x000000000000a85c                applyMethod
                0x000000000000a8dc                keyboardLoop
                0x000000000000a958                printHeader
                0x000000000000a97c                dummy
                0x000000000000a998                kmain
 .text          0x000000000000a9e8     0x1000 ./libcsud.a(device.keyboard.c.o)
                0x000000000000a9e8                KeyboardDetached
                0x000000000000aa64                KeyboardDeallocate
                0x000000000000aadc                KeyboardIndex
                0x000000000000ab34                KeyboardGetAddress
                0x000000000000ab7c                KeyboardScan
                0x000000000000b248                KeyboardCount
                0x000000000000b258                KeyboardSetLeds
                0x000000000000b474                KeyboardGetLedSupport
                0x000000000000b4c0                KeyboardPoll
                0x000000000000b804                KeyboardGetModifiers
                0x000000000000b850                KeyboardGetKeyDownCount
                0x000000000000b8b4                KeyboadGetKeyIsDown
                0x000000000000b96c                KeyboardGetKeyDown
 .text          0x000000000000b9e8      0x5c0 ./libcsud.a(platform.c.o)
                0x000000000000b9e8                MemoryReserve
                0x000000000000b9f0                MemoryAllocate
                0x000000000000be40                MemoryDeallocate
                0x000000000000bf58                MemoryCopy
 .text          0x000000000000bfa8     0x10e8 ./libcsud.a(usbd.c.o)
                0x000000000000bfa8                UsbGetRootHub
                0x000000000000bfb8                UsbPrintDeviceTree
                0x000000000000c084                UsbControlMessage
                0x000000000000c17c                UsbGetDescriptor
                0x000000000000c268                UsbGetString
                0x000000000000c2d4                UsbReadStringLang
                0x000000000000c358                UsbReadString
                0x000000000000c458                UsbReadDeviceDescriptor
                0x000000000000c598                UsbSetAddress
                0x000000000000c678                UsbSetConfiguration
                0x000000000000c74c                UsbConfigure
                0x000000000000c91c                UsbGetDescription
                0x000000000000cbcc                UsbScanDevice
                0x000000000000cdf4                UsbAllocateDevice
                0x000000000000ceb0                UsbDeallocateDevice
                0x000000000000cfc8                UsbScanRootHub
                0x000000000000d018                UsbInitialise
                0x000000000000d074                UsbCheckForChange
 .text          0x000000000000d090     0x1b24 ./libcsud.a(device.hid.c.o)
                0x000000000000d090                HidEnumerateActionCountField
                0x000000000000d1b8                HidDetached
                0x000000000000d1f4                HidEnumerateActionAddField
                0x000000000000d9fc                HidDeallocate
                0x000000000000db50                HidEnumerateActionCountReport
                0x000000000000dc08                HidGetReport
                0x000000000000dcc4                HidSetReport
                0x000000000000dd74                BitSet
                0x000000000000dea0                BitGetUnsigned
                0x000000000000dfa8                BitGetSigned
                0x000000000000dfd4                HidReadDevice
                0x000000000000e1d0                HidWriteDevice
                0x000000000000e37c                HidSetProtocol
                0x000000000000e42c                HidEnumerateReport
                0x000000000000e584                HidParseReportDescriptor
                0x000000000000e8b4                HidScan
                0x000000000000eba4                HidGetFieldValue
 .text          0x000000000000ebb4      0xd34 ./libcsud.a(device.hub.c.o)
                0x000000000000ebb4                HubDetached
                0x000000000000ec54                HubDeallocate
                0x000000000000ed30                HubReadDescriptor
                0x000000000000ee28                HubGetStatus
                0x000000000000ef00                HubPortGetStatus
                0x000000000000efe0                HubChangeFeature
                0x000000000000f094                HubChangePortFeature
                0x000000000000f150                HubPowerOn
                0x000000000000f1f8                HubPortReset
                0x000000000000f2cc                HubPortConnectionChanged
                0x000000000000f4d4                HubCheckConnection
                0x000000000000f608                HubRecursiveCheck
                0x000000000000f6d0                HubScan
 .text          0x000000000000f8e8     0x160c ./libcsud.a(hcd.designware20.c.o)
                0x000000000000f8e8                WriteThroughRegMask
                0x000000000000f97c                WriteThroughReg
                0x000000000000f984                ReadBackReg
                0x000000000000fa28                ClearReg
                0x000000000000fa90                SetReg
                0x000000000000fb2c                HcdReset
                0x000000000000fbdc                HcdTransmitFifoFlush
                0x000000000000fc70                HcdReceiveFifoFlush
                0x000000000000fce8                HcdPrepareChannel
                0x0000000000010000                HcdTransmitChannel
                0x00000000000100ac                HcdChannelInterruptToError
                0x0000000000010188                HcdChannelSendWaitOne
                0x0000000000010444                HcdChannelSendWait
                0x000000000001055c                HcdSumbitControlMessage
                0x00000000000107a4                HcdInitialise
                0x0000000000010938                HcdStart
                0x0000000000010e94                HcdStop
                0x0000000000010eb8                HcdDeinitialise
 .text          0x0000000000010ef4      0x6f0 ./libcsud.a(hcd.designware20.roothub.c.o)
                0x0000000000010ef4                HcdProcessRootHubMessage
 .text          0x00000000000115e4      0x16c ./libcsud.a(platform.armv6.c.o)
                0x00000000000115e4                __aeabi_uidivmod
                0x0000000000011718                __aeabi_uidiv
 .text          0x0000000000011750      0x11c ./libcsud.a(platform.broadcom2835.c.o)
                0x0000000000011750                MicroDelay
                0x00000000000117c0                PowerOnUsb
                0x000000000001186c                __bss_start = .

.glue_7         0x000000000001186c        0x0
 .glue_7        0x0000000000000000        0x0 linker stubs

.glue_7t        0x000000000001186c        0x0
 .glue_7t       0x0000000000000000        0x0 linker stubs

.vfp11_veneer   0x000000000001186c        0x0
 .vfp11_veneer  0x0000000000000000        0x0 linker stubs

.v4_bx          0x000000000001186c        0x0
 .v4_bx         0x0000000000000000        0x0 linker stubs

.iplt           0x000000000001186c        0x0
 .iplt          0x0000000000000000        0x0 build/asm_tools.o

.bss            0x0000000000011870     0x4e00
 *(.bss*)
 .bss           0x0000000000011870        0x0 build/asm_tools.o
 .bss           0x0000000000011870       0x20 build/fb.o
                0x0000000000011870                offsetX
                0x0000000000011874                offsetY
 .bss           0x0000000000011890        0x4 build/hw.o
 .bss           0x0000000000011894        0x0 build/init.o
 .bss           0x0000000000011894        0x0 build/keyboard.o
 .bss           0x0000000000011894        0x4 build/kheap.o
                0x0000000000011894                freelist
 .bss           0x0000000000011898        0x0 build/pwm.o
 .bss           0x0000000000011898        0x0 build/sched.o
 .bss           0x0000000000011898        0x0 build/syscall.o
 .bss           0x0000000000011898        0x0 build/uart.o
 .bss           0x0000000000011898        0x0 build/util.o
 .bss           0x0000000000011898        0x4 build/kmain.o
                0x0000000000011898                commandLineSize
 .bss           0x000000000001189c       0x14 ./libcsud.a(device.keyboard.c.o)
                0x000000000001189c                keyboardAddresses
                0x00000000000118ac                keyboardCount
 .bss           0x00000000000118b0        0x8 ./libcsud.a(platform.c.o)
                0x00000000000118b0                FirstFreeAllocation
                0x00000000000118b4                allocated
 .bss           0x00000000000118b8        0x4 ./libcsud.a(usbd.c.o)
                0x00000000000118b8                RootHub
 .bss           0x00000000000118bc        0x0 ./libcsud.a(device.hid.c.o)
 .bss           0x00000000000118bc        0x0 ./libcsud.a(device.hub.c.o)
 .bss           0x00000000000118bc       0x14 ./libcsud.a(hcd.designware20.c.o)
                0x00000000000118bc                Core
                0x00000000000118c0                Host
                0x00000000000118c4                Power
                0x00000000000118c8                databuffer
                0x00000000000118cc                PhyInitialised
 .bss           0x00000000000118d0        0x4 ./libcsud.a(hcd.designware20.roothub.c.o)
                0x00000000000118d0                RootHubDeviceNumber
 .bss           0x00000000000118d4        0x0 ./libcsud.a(platform.armv6.c.o)
 .bss           0x00000000000118d4        0x0 ./libcsud.a(platform.broadcom2835.c.o)
 COMMON         0x00000000000118d4        0x8 build/kheap.o
                0x00000000000118d4                kernel_heap_limit
                0x00000000000118d8                kernel_heap_top
 COMMON         0x00000000000118dc       0x64 build/sched.o
                0x00000000000118dc                lr_irq
                0x00000000000118e0                kmain_process
                0x0000000000011938                stackPointer2
                0x000000000001193c                current_process
 COMMON         0x0000000000011940        0x8 build/syscall.o
                0x0000000000011940                call
                0x0000000000011944                stackPointer
 COMMON         0x0000000000011948        0x4 build/uart.o
                0x0000000000011948                uart_error
 COMMON         0x000000000001194c      0x100 build/kmain.o
                0x000000000001194c                commandLine
 COMMON         0x0000000000011a4c       0x10 ./libcsud.a(device.keyboard.c.o)
                0x0000000000011a4c                keyboards
 *fill*         0x0000000000011a5c        0x4 
 COMMON         0x0000000000011a60     0x4c00 ./libcsud.a(platform.c.o)
                0x0000000000011a60                Heap
                0x0000000000015a60                Allocations
 COMMON         0x0000000000016660        0x4 ./libcsud.a(usbd.c.o)
                0x0000000000016660                DeviceNumbers
 COMMON         0x0000000000016664        0xc ./libcsud.a(hcd.designware20.c.o)
                0x0000000000016664                CorePhysical
                0x0000000000016668                HostPhysical
                0x000000000001666c                PowerPhysical
                0x0000000000016670                __bss_end__ = .
                0x0000000000016670                __rodata_start__ = .

.rodata         0x0000000000016670      0x2dc
 *(.rodata*)
 .rodata        0x0000000000016670       0x34 build/fb.o
 .rodata        0x00000000000166a4       0x18 build/hw.o
 .rodata        0x00000000000166bc       0x10 build/syscall.o
 .rodata        0x00000000000166cc       0x28 build/uart.o
 .rodata        0x00000000000166f4      0x248 ./libcsud.a(usbd.c.o)
 .rodata.str1.4
                0x000000000001693c       0x10 ./libcsud.a(usbd.c.o)
                0x000000000001694c                __rodata_end__ = .
                0x000000000001694c                __data_start__ = .

.rel.dyn        0x000000000001694c        0x0
 .rel.iplt      0x0000000000000000        0x0 build/asm_tools.o

.data           0x0000000000016950      0x554
 *(.data)
 .data          0x0000000000016950        0x0 build/asm_tools.o
 .data          0x0000000000016950      0x400 build/fb.o
                0x0000000000016950                font8x8_basic
 .data          0x0000000000016d50        0x0 build/hw.o
 .data          0x0000000000016d50        0x0 build/init.o
 .data          0x0000000000016d50       0xe0 build/keyboard.o
 .data          0x0000000000016e30        0x0 build/kheap.o
 .data          0x0000000000016e30        0xc build/pwm.o
 .data          0x0000000000016e3c        0x0 build/sched.o
 .data          0x0000000000016e3c        0x0 build/syscall.o
 .data          0x0000000000016e3c        0x0 build/uart.o
 .data          0x0000000000016e3c        0x0 build/util.o
 .data          0x0000000000016e3c        0x0 build/kmain.o
 .data          0x0000000000016e3c        0x0 ./libcsud.a(device.keyboard.c.o)
 .data          0x0000000000016e3c        0x4 ./libcsud.a(platform.c.o)
                0x0000000000016e3c                FirstAllocation
 .data          0x0000000000016e40        0x0 ./libcsud.a(usbd.c.o)
 .data          0x0000000000016e40        0x0 ./libcsud.a(device.hid.c.o)
 .data          0x0000000000016e40        0x0 ./libcsud.a(device.hub.c.o)
 .data          0x0000000000016e40        0x0 ./libcsud.a(hcd.designware20.c.o)
 .data          0x0000000000016e40       0x64 ./libcsud.a(hcd.designware20.roothub.c.o)
                0x0000000000016e40                DeviceDescriptor
                0x0000000000016e54                ConfigurationDescriptor
                0x0000000000016e70                String0
                0x0000000000016e74                String1
                0x0000000000016e98                HubDescriptor
 .data          0x0000000000016ea4        0x0 ./libcsud.a(platform.armv6.c.o)
 .data          0x0000000000016ea4        0x0 ./libcsud.a(platform.broadcom2835.c.o)
                0x0000000000016ea4                __data_end__ = .

.igot.plt       0x0000000000016ea4        0x0
 .igot.plt      0x0000000000000000        0x0 build/asm_tools.o

.stack          0x0000000000016ea4      0x600
                0x0000000000016ea4                __stack_start__ = .
                0x00000000000170a4                . = (. + KERNEL_STACK_SIZE)
 *fill*         0x0000000000016ea4      0x200 
                0x00000000000170a4                . = ALIGN (0x4)
                0x00000000000170a4                __svc_stack_end__ = .
                0x00000000000172a4                . = (. + SYS_STACK_SIZE)
 *fill*         0x00000000000170a4      0x200 
                0x00000000000172a4                . = ALIGN (0x4)
                0x00000000000172a4                __sys_stack_end__ = .
                0x00000000000174a4                . = (. + IRQ_STACK_SIZE)
 *fill*         0x00000000000172a4      0x200 
                0x00000000000174a4                . = ALIGN (0x4)
                0x00000000000174a4                __irq_stack_end__ = .
                0x00000000000174a4                __stacks_end__ = .
                0x0000000000018000                . = ALIGN (0x1000)
                0x0000000000018000                __kernel_heap_start__ = .
                0x0000000000ffffff                . = 0xffffff
                0x0000000000ffffff                __kernel_heap_end__ = .
                0x0000000001000000                . = ALIGN (0x1000)
                0x0000000001000000                __after_kernel_heap__ = .
                0x0000000020000000                . = 0x20000000

.devices        0x0000000020000000   0xffffff
                0x0000000020000000                __devices_start__ = .
                0x0000000020ffffff                . = (. + 0xffffff)
 *fill*         0x0000000020000000   0xffffff 
                0x0000000020ffffff                __devices_end__ = .
LOAD ./libcsud.a
OUTPUT(build/kernel.elf elf32-littlearm)

.ARM.attributes
                0x0000000000000000       0x36
 .ARM.attributes
                0x0000000000000000       0x26 build/asm_tools.o
 .ARM.attributes
                0x0000000000000026       0x38 build/fb.o
 .ARM.attributes
                0x000000000000005e       0x38 build/hw.o
 .ARM.attributes
                0x0000000000000096       0x26 build/init.o
 .ARM.attributes
                0x00000000000000bc       0x26 build/keyboard.o
 .ARM.attributes
                0x00000000000000e2       0x38 build/kheap.o
 .ARM.attributes
                0x000000000000011a       0x38 build/pwm.o
 .ARM.attributes
                0x0000000000000152       0x38 build/sched.o
 .ARM.attributes
                0x000000000000018a       0x38 build/syscall.o
 .ARM.attributes
                0x00000000000001c2       0x38 build/uart.o
 .ARM.attributes
                0x00000000000001fa       0x38 build/util.o
 .ARM.attributes
                0x0000000000000232       0x38 build/kmain.o
 .ARM.attributes
                0x000000000000026a       0x32 ./libcsud.a(device.keyboard.c.o)
 .ARM.attributes
                0x000000000000029c       0x32 ./libcsud.a(platform.c.o)
 .ARM.attributes
                0x00000000000002ce       0x32 ./libcsud.a(usbd.c.o)
 .ARM.attributes
                0x0000000000000300       0x32 ./libcsud.a(device.hid.c.o)
 .ARM.attributes
                0x0000000000000332       0x32 ./libcsud.a(device.hub.c.o)
 .ARM.attributes
                0x0000000000000364       0x32 ./libcsud.a(hcd.designware20.c.o)
 .ARM.attributes
                0x0000000000000396       0x32 ./libcsud.a(hcd.designware20.roothub.c.o)
 .ARM.attributes
                0x00000000000003c8       0x32 ./libcsud.a(platform.armv6.c.o)
 .ARM.attributes
                0x00000000000003fa       0x32 ./libcsud.a(platform.broadcom2835.c.o)

.comment        0x0000000000000000       0x30
 .comment       0x0000000000000000       0x1f build/fb.o
                                         0x20 (size before relaxing)
 .comment       0x0000000000000000       0x20 build/hw.o
 .comment       0x0000000000000000       0x20 build/kheap.o
 .comment       0x0000000000000000       0x20 build/pwm.o
 .comment       0x0000000000000000       0x20 build/sched.o
 .comment       0x0000000000000000       0x20 build/syscall.o
 .comment       0x0000000000000000       0x20 build/uart.o
 .comment       0x0000000000000000       0x20 build/util.o
 .comment       0x0000000000000000       0x20 build/kmain.o
 .comment       0x000000000000001f       0x11 ./libcsud.a(device.keyboard.c.o)
                                         0x12 (size before relaxing)
 .comment       0x0000000000000000       0x12 ./libcsud.a(platform.c.o)
 .comment       0x0000000000000000       0x12 ./libcsud.a(usbd.c.o)
 .comment       0x0000000000000000       0x12 ./libcsud.a(device.hid.c.o)
 .comment       0x0000000000000000       0x12 ./libcsud.a(device.hub.c.o)
 .comment       0x0000000000000000       0x12 ./libcsud.a(hcd.designware20.c.o)
 .comment       0x0000000000000000       0x12 ./libcsud.a(hcd.designware20.roothub.c.o)
 .comment       0x0000000000000000       0x12 ./libcsud.a(platform.armv6.c.o)
 .comment       0x0000000000000000       0x12 ./libcsud.a(platform.broadcom2835.c.o)

.debug_line     0x0000000000000000      0x9af
 .debug_line    0x0000000000000000       0x4e build/asm_tools.o
 .debug_line    0x000000000000004e      0x24b build/fb.o
 .debug_line    0x0000000000000299       0xe0 build/hw.o
 .debug_line    0x0000000000000379       0x67 build/init.o
 .debug_line    0x00000000000003e0       0x9b build/keyboard.o
 .debug_line    0x000000000000047b       0xf4 build/kheap.o
 .debug_line    0x000000000000056f       0x7e build/pwm.o
 .debug_line    0x00000000000005ed      0x12b build/sched.o
 .debug_line    0x0000000000000718       0xc6 build/syscall.o
 .debug_line    0x00000000000007de       0xf5 build/uart.o
 .debug_line    0x00000000000008d3       0x3d build/util.o
 .debug_line    0x0000000000000910       0x9f build/kmain.o

.debug_info     0x0000000000000000     0x17e8
 .debug_info    0x0000000000000000       0x5b build/asm_tools.o
 .debug_info    0x000000000000005b      0x659 build/fb.o
 .debug_info    0x00000000000006b4      0x29a build/hw.o
 .debug_info    0x000000000000094e       0x56 build/init.o
 .debug_info    0x00000000000009a4       0x5a build/keyboard.o
 .debug_info    0x00000000000009fe      0x28b build/kheap.o
 .debug_info    0x0000000000000c89      0x13a build/pwm.o
 .debug_info    0x0000000000000dc3      0x39e build/sched.o
 .debug_info    0x0000000000001161      0x234 build/syscall.o
 .debug_info    0x0000000000001395      0x261 build/uart.o
 .debug_info    0x00000000000015f6       0x6c build/util.o
 .debug_info    0x0000000000001662      0x186 build/kmain.o

.debug_abbrev   0x0000000000000000      0xa13
 .debug_abbrev  0x0000000000000000       0x14 build/asm_tools.o
 .debug_abbrev  0x0000000000000014      0x213 build/fb.o
 .debug_abbrev  0x0000000000000227      0x146 build/hw.o
 .debug_abbrev  0x000000000000036d       0x14 build/init.o
 .debug_abbrev  0x0000000000000381       0x14 build/keyboard.o
 .debug_abbrev  0x0000000000000395      0x12d build/kheap.o
 .debug_abbrev  0x00000000000004c2       0xaf build/pwm.o
 .debug_abbrev  0x0000000000000571      0x16b build/sched.o
 .debug_abbrev  0x00000000000006dc      0x105 build/syscall.o
 .debug_abbrev  0x00000000000007e1      0x10a build/uart.o
 .debug_abbrev  0x00000000000008eb       0x5c build/util.o
 .debug_abbrev  0x0000000000000947       0xcc build/kmain.o

.debug_aranges  0x0000000000000000      0x180
 .debug_aranges
                0x0000000000000000       0x20 build/asm_tools.o
 .debug_aranges
                0x0000000000000020       0x20 build/fb.o
 .debug_aranges
                0x0000000000000040       0x20 build/hw.o
 .debug_aranges
                0x0000000000000060       0x20 build/init.o
 .debug_aranges
                0x0000000000000080       0x20 build/keyboard.o
 .debug_aranges
                0x00000000000000a0       0x20 build/kheap.o
 .debug_aranges
                0x00000000000000c0       0x20 build/pwm.o
 .debug_aranges
                0x00000000000000e0       0x20 build/sched.o
 .debug_aranges
                0x0000000000000100       0x20 build/syscall.o
 .debug_aranges
                0x0000000000000120       0x20 build/uart.o
 .debug_aranges
                0x0000000000000140       0x20 build/util.o
 .debug_aranges
                0x0000000000000160       0x20 build/kmain.o

.debug_str      0x0000000000000000      0x7b2
 .debug_str     0x0000000000000000      0x2d8 build/fb.o
                                        0x318 (size before relaxing)
 .debug_str     0x00000000000002d8      0x10b build/hw.o
                                        0x218 (size before relaxing)
 .debug_str     0x00000000000003e3       0xd8 build/kheap.o
                                        0x1f1 (size before relaxing)
 .debug_str     0x00000000000004bb       0x36 build/pwm.o
                                        0x139 (size before relaxing)
 .debug_str     0x00000000000004f1      0x12c build/sched.o
                                        0x25f (size before relaxing)
 .debug_str     0x000000000000061d       0x64 build/syscall.o
                                        0x1bd (size before relaxing)
 .debug_str     0x0000000000000681       0xbd build/uart.o
                                        0x1cc (size before relaxing)
 .debug_str     0x000000000000073e       0x1f build/util.o
                                         0xa3 (size before relaxing)
 .debug_str     0x000000000000075d       0x55 build/kmain.o
                                        0x166 (size before relaxing)

.debug_frame    0x0000000000000000      0x710
 .debug_frame   0x0000000000000000      0x1cc build/fb.o
 .debug_frame   0x00000000000001cc      0x14c build/hw.o
 .debug_frame   0x0000000000000318       0x84 build/kheap.o
 .debug_frame   0x000000000000039c       0x54 build/pwm.o
 .debug_frame   0x00000000000003f0       0xf8 build/sched.o
 .debug_frame   0x00000000000004e8       0xe0 build/syscall.o
 .debug_frame   0x00000000000005c8       0xa0 build/uart.o
 .debug_frame   0x0000000000000668       0x24 build/util.o
 .debug_frame   0x000000000000068c       0x84 build/kmain.o
