
Allocating common symbols
Common symbol       size              file

kernel_heap_limit   0x4               build/phymem.o
kernel_heap_top     0x4               build/phymem.o
uart_error          0x4               build/uart.o

Memory Configuration

Name             Origin             Length             Attributes
RAM              0x0000000000008000 0x000000001fff8000
PERIPHERALS      0x0000000020000000 0x0000000000ffffff
*default*        0x0000000000000000 0xffffffffffffffff

Linker script and memory map

LOAD build/phymem.o
LOAD build/hw.o
LOAD build/uart.o
LOAD build/pwm.o
LOAD build/asm_tools.o
LOAD build/util.o
LOAD build/init.o
LOAD build/kmain.o
                0x0000000000000200                KERNEL_STACK_SIZE = 0x200
                0x0000000000000200                SYS_STACK_SIZE = 0x200
                0x0000000000000200                IRQ_STACK_SIZE = 0x200
                0x0000000000100000                USER_STACKS_SIZE = 0x100000

.text           0x0000000000008000     0x10a0
 build/init.o(.text*)
 .text          0x0000000000008000       0xc4 build/init.o
                0x0000000000008000                _start
 *(.text*)
 .text          0x00000000000080c4      0x360 build/phymem.o
                0x00000000000080c4                aligned_value
                0x0000000000008110                kAlloc_aligned
                0x00000000000082c4                kAlloc
                0x00000000000083b0                kFree
                0x00000000000083f8                phymem_init
 .text          0x0000000000008424      0x3a4 build/hw.o
                0x0000000000008424                divide
                0x000000000000848c                get_date_ms
                0x00000000000084b0                set_date_ms
                0x0000000000008548                set_next_tick
                0x00000000000085a0                set_next_tick_default
                0x00000000000085ec                timer_init
                0x0000000000008618                led_on
                0x0000000000008654                led_off
                0x0000000000008690                led_switch
                0x00000000000086bc                led_status
                0x00000000000086d0                led_init
                0x0000000000008704                led_blink
                0x0000000000008798                hw_init
                0x00000000000087a8                terminate_kernel
 .text          0x00000000000087c8      0x658 build/uart.o
                0x00000000000087c8                uart_init
                0x00000000000088e4                uart_send_str
                0x0000000000008978                uart_send_int
                0x0000000000008b68                uart_receive_str
                0x0000000000008c44                uart_receive_int
                0x0000000000008dec                uart_is_receive_fifo_empty
 .text          0x0000000000008e20      0x224 build/pwm.o
                0x0000000000008fb8                audio_test
 .text          0x0000000000009044       0x48 build/asm_tools.o
                0x0000000000009044                Set32
                0x000000000000904c                Get32
                0x0000000000009054                delay
                0x0000000000009068                memory_barrier
                0x0000000000009080                invalidate_cache
 .text          0x000000000000908c       0x10 build/util.o
                0x000000000000908c                kernel_panic
 .text          0x000000000000909c        0x4 build/kmain.o
                0x000000000000909c                kmain
                0x00000000000090a0                __bss_start = .

.glue_7         0x00000000000090a0        0x0
 .glue_7        0x00000000000090a0        0x0 linker stubs

.glue_7t        0x00000000000090a0        0x0
 .glue_7t       0x00000000000090a0        0x0 linker stubs

.vfp11_veneer   0x00000000000090a0        0x0
 .vfp11_veneer  0x00000000000090a0        0x0 linker stubs

.v4_bx          0x00000000000090a0        0x0
 .v4_bx         0x00000000000090a0        0x0 linker stubs

.iplt           0x00000000000090a0        0x0
 .iplt          0x00000000000090a0        0x0 build/phymem.o

.bss            0x00000000000090a0       0x14
 *(.bss*)
 .bss           0x00000000000090a0        0x4 build/phymem.o
                0x00000000000090a0                freelist
 .bss           0x00000000000090a4        0x4 build/hw.o
 .bss           0x00000000000090a8        0x0 build/uart.o
 .bss           0x00000000000090a8        0x0 build/pwm.o
 .bss           0x00000000000090a8        0x0 build/asm_tools.o
 .bss           0x00000000000090a8        0x0 build/util.o
 .bss           0x00000000000090a8        0x0 build/init.o
 .bss           0x00000000000090a8        0x0 build/kmain.o
 COMMON         0x00000000000090a8        0x8 build/phymem.o
                0x00000000000090a8                kernel_heap_limit
                0x00000000000090ac                kernel_heap_top
 COMMON         0x00000000000090b0        0x4 build/uart.o
                0x00000000000090b0                uart_error
                0x00000000000090b4                __bss_end__ = .
                0x00000000000090b4                __rodata_start__ = .

.rodata         0x00000000000090b4       0x40
 *(.rodata*)
 .rodata        0x00000000000090b4       0x18 build/hw.o
 .rodata        0x00000000000090cc       0x28 build/uart.o
                0x00000000000090f4                __rodata_end__ = .
                0x00000000000090f4                __data_start__ = .

.rel.dyn        0x00000000000090f4        0x0
 .rel.iplt      0x00000000000090f4        0x0 build/phymem.o

.data           0x00000000000090f4        0xc
 *(.data)
 .data          0x00000000000090f4        0x0 build/phymem.o
 .data          0x00000000000090f4        0x0 build/hw.o
 .data          0x00000000000090f4        0x0 build/uart.o
 .data          0x00000000000090f4        0xc build/pwm.o
 .data          0x0000000000009100        0x0 build/asm_tools.o
 .data          0x0000000000009100        0x0 build/util.o
 .data          0x0000000000009100        0x0 build/init.o
 .data          0x0000000000009100        0x0 build/kmain.o
                0x0000000000009100                __data_end__ = .

.igot.plt       0x0000000000009100        0x0
 .igot.plt      0x0000000000009100        0x0 build/phymem.o

.stack          0x0000000000009100      0x600
                0x0000000000009100                __stack_start__ = .
                0x0000000000009300                . = (. + KERNEL_STACK_SIZE)
 *fill*         0x0000000000009100      0x200 
                0x0000000000009300                . = ALIGN (0x4)
                0x0000000000009300                __svc_stack_end__ = .
                0x0000000000009500                . = (. + SYS_STACK_SIZE)
 *fill*         0x0000000000009300      0x200 
                0x0000000000009500                . = ALIGN (0x4)
                0x0000000000009500                __sys_stack_end__ = .
                0x0000000000009700                . = (. + IRQ_STACK_SIZE)
 *fill*         0x0000000000009500      0x200 
                0x0000000000009700                . = ALIGN (0x4)
                0x0000000000009700                __irq_stack_end__ = .
                0x0000000000009700                __stacks_end__ = .
                0x000000000000a000                . = ALIGN (0x1000)
                0x000000000000a000                __kernel_heap_start__ = .
                0x0000000000ffffff                . = 0xffffff
                0x0000000000ffffff                __kernel_heap_end__ = .
                0x0000000001000000                . = ALIGN (0x1000)
                0x0000000001000000                __after_kernel_heap__ = .
                0x0000000020000000                . = 0x20000000

.devices        0x0000000020000000   0xffffff
                0x0000000020000000                __devices_start__ = .
                0x0000000020ffffff                . = (. + 0xffffff)
 *fill*         0x0000000020000000   0xffffff 
                0x0000000020ffffff                __devices_end__ = .
OUTPUT(build/kernel.elf elf32-littlearm)

.debug_info     0x0000000000000000      0xa3c
 .debug_info    0x0000000000000000      0x28b build/phymem.o
 .debug_info    0x000000000000028b      0x29a build/hw.o
 .debug_info    0x0000000000000525      0x261 build/uart.o
 .debug_info    0x0000000000000786      0x13a build/pwm.o
 .debug_info    0x00000000000008c0       0x6f build/asm_tools.o
 .debug_info    0x000000000000092f       0x6c build/util.o
 .debug_info    0x000000000000099b       0x6a build/init.o
 .debug_info    0x0000000000000a05       0x37 build/kmain.o

.debug_abbrev   0x0000000000000000      0x4da
 .debug_abbrev  0x0000000000000000      0x12d build/phymem.o
 .debug_abbrev  0x000000000000012d      0x146 build/hw.o
 .debug_abbrev  0x0000000000000273      0x10a build/uart.o
 .debug_abbrev  0x000000000000037d       0xaf build/pwm.o
 .debug_abbrev  0x000000000000042c       0x14 build/asm_tools.o
 .debug_abbrev  0x0000000000000440       0x5c build/util.o
 .debug_abbrev  0x000000000000049c       0x14 build/init.o
 .debug_abbrev  0x00000000000004b0       0x2a build/kmain.o

.debug_aranges  0x0000000000000000      0x100
 .debug_aranges
                0x0000000000000000       0x20 build/phymem.o
 .debug_aranges
                0x0000000000000020       0x20 build/hw.o
 .debug_aranges
                0x0000000000000040       0x20 build/uart.o
 .debug_aranges
                0x0000000000000060       0x20 build/pwm.o
 .debug_aranges
                0x0000000000000080       0x20 build/asm_tools.o
 .debug_aranges
                0x00000000000000a0       0x20 build/util.o
 .debug_aranges
                0x00000000000000c0       0x20 build/init.o
 .debug_aranges
                0x00000000000000e0       0x20 build/kmain.o

.debug_line     0x0000000000000000      0x46d
 .debug_line    0x0000000000000000       0xf4 build/phymem.o
 .debug_line    0x00000000000000f4       0xde build/hw.o
 .debug_line    0x00000000000001d2       0xf5 build/uart.o
 .debug_line    0x00000000000002c7       0x7e build/pwm.o
 .debug_line    0x0000000000000345       0x4e build/asm_tools.o
 .debug_line    0x0000000000000393       0x3d build/util.o
 .debug_line    0x00000000000003d0       0x67 build/init.o
 .debug_line    0x0000000000000437       0x36 build/kmain.o

.debug_str      0x0000000000000000      0x409
 .debug_str     0x0000000000000000      0x1c9 build/phymem.o
                                        0x204 (size before relaxing)
 .debug_str     0x00000000000001c9      0x10b build/hw.o
                                        0x229 (size before relaxing)
 .debug_str     0x00000000000002d4       0xcb build/uart.o
                                        0x1dd (size before relaxing)
 .debug_str     0x000000000000039f       0x36 build/pwm.o
                                        0x14a (size before relaxing)
 .debug_str     0x00000000000003d5       0x26 build/util.o
                                         0xb4 (size before relaxing)
 .debug_str     0x00000000000003fb        0xe build/kmain.o
                                         0x97 (size before relaxing)

.comment        0x0000000000000000       0x20
 .comment       0x0000000000000000       0x20 build/phymem.o
                                         0x21 (size before relaxing)
 .comment       0x0000000000000020       0x21 build/hw.o
 .comment       0x0000000000000020       0x21 build/uart.o
 .comment       0x0000000000000020       0x21 build/pwm.o
 .comment       0x0000000000000020       0x21 build/util.o
 .comment       0x0000000000000020       0x21 build/kmain.o

.ARM.attributes
                0x0000000000000000       0x36
 .ARM.attributes
                0x0000000000000000       0x38 build/phymem.o
 .ARM.attributes
                0x0000000000000038       0x38 build/hw.o
 .ARM.attributes
                0x0000000000000070       0x38 build/uart.o
 .ARM.attributes
                0x00000000000000a8       0x38 build/pwm.o
 .ARM.attributes
                0x00000000000000e0       0x26 build/asm_tools.o
 .ARM.attributes
                0x0000000000000106       0x38 build/util.o
 .ARM.attributes
                0x000000000000013e       0x26 build/init.o
 .ARM.attributes
                0x0000000000000164       0x38 build/kmain.o

.debug_frame    0x0000000000000000      0x308
 .debug_frame   0x0000000000000000       0x84 build/phymem.o
 .debug_frame   0x0000000000000084      0x14c build/hw.o
 .debug_frame   0x00000000000001d0       0xa0 build/uart.o
 .debug_frame   0x0000000000000270       0x54 build/pwm.o
 .debug_frame   0x00000000000002c4       0x24 build/util.o
 .debug_frame   0x00000000000002e8       0x20 build/kmain.o
