
Allocating common symbols
Common symbol       size              file

lr_irq              0x4               build/sched.o
pcb2                0x58              build/kmain.o
p2                  0x4               build/kmain.o
call                0x4               build/syscall.o
kernel_heap_limit   0x4               build/kheap.o
kmain_process       0x58              build/sched.o
stackPointer2       0x4               build/sched.o
p1                  0x4               build/kmain.o
kernel_heap_top     0x4               build/kheap.o
pcb1                0x58              build/kmain.o
current_process     0x4               build/sched.o
stackPointer        0x4               build/syscall.o
uart_error          0x4               build/uart.o

Memory Configuration

Name             Origin             Length             Attributes
RAM              0x0000000000008000 0x000000001fff8000
PERIPHERALS      0x0000000020000000 0x0000000000ffffff
*default*        0x0000000000000000 0xffffffffffffffff

Linker script and memory map

LOAD build/asm_tools.o
LOAD build/hw.o
LOAD build/init.o
LOAD build/kheap.o
LOAD build/pwm.o
LOAD build/sched.o
LOAD build/syscall.o
LOAD build/uart.o
LOAD build/util.o
LOAD build/kmain.o
                0x0000000000000200                KERNEL_STACK_SIZE = 0x200
                0x0000000000000200                SYS_STACK_SIZE = 0x200
                0x0000000000000200                IRQ_STACK_SIZE = 0x200
                0x0000000000100000                USER_STACKS_SIZE = 0x100000

.text           0x0000000000008000     0x1a54
 build/init.o(.text*)
 .text          0x0000000000008000       0xc4 build/init.o
                0x0000000000008000                _start
 *(.text*)
 .text          0x00000000000080c4       0x48 build/asm_tools.o
                0x00000000000080c4                Set32
                0x00000000000080cc                Get32
                0x00000000000080d4                delay
                0x00000000000080e8                memory_barrier
                0x0000000000008100                invalidate_cache
 .text          0x000000000000810c      0x3a4 build/hw.o
                0x000000000000810c                divide
                0x0000000000008174                get_date_ms
                0x0000000000008198                set_date_ms
                0x0000000000008230                set_next_tick
                0x0000000000008288                set_next_tick_default
                0x00000000000082d4                timer_init
                0x0000000000008300                led_on
                0x000000000000833c                led_off
                0x0000000000008378                led_switch
                0x00000000000083a4                led_status
                0x00000000000083b8                led_init
                0x00000000000083ec                led_blink
                0x0000000000008480                hw_init
                0x0000000000008490                terminate_kernel
 .text          0x00000000000084b0      0x360 build/kheap.o
                0x00000000000084b0                aligned_value
                0x00000000000084fc                kAlloc_aligned
                0x00000000000086b0                kAlloc
                0x000000000000879c                kFree
                0x00000000000087e4                kheap_init
 .text          0x0000000000008810      0x224 build/pwm.o
                0x00000000000089a8                audio_test
 .text          0x0000000000008a34      0x68c build/sched.o
                0x0000000000008a34                irq_handler
                0x0000000000008abc                sys_exit
                0x0000000000008ae8                do_sys_exit
                0x0000000000008b90                sys_yield
                0x0000000000008bb0                do_sys_yield
                0x0000000000008d14                sched_init
                0x0000000000008d4c                create_process
                0x0000000000008dfc                elect
                0x0000000000008e18                pouetpouet
                0x0000000000008e1c                sys_yieldto
                0x0000000000008e4c                do_sys_yieldto
 .text          0x00000000000090c0      0x298 build/syscall.o
                0x00000000000090c0                swi_handler
                0x00000000000091a0                sys_settime
                0x00000000000091d8                sys_gettime
                0x0000000000009248                sys_reboot
                0x0000000000009268                pouet
                0x000000000000926c                sys_nop
                0x0000000000009298                do_sys_reboot
                0x00000000000092a4                do_sys_nop
                0x00000000000092ac                do_sys_settime
                0x0000000000009328                do_sys_gettime
 .text          0x0000000000009358      0x658 build/uart.o
                0x0000000000009358                uart_init
                0x0000000000009474                uart_send_str
                0x0000000000009508                uart_send_int
                0x00000000000096f8                uart_receive_str
                0x00000000000097d4                uart_receive_int
                0x000000000000997c                uart_is_receive_fifo_empty
 .text          0x00000000000099b0       0x10 build/util.o
                0x00000000000099b0                kernel_panic
 .text          0x00000000000099c0       0x94 build/kmain.o
                0x00000000000099c0                user_process_1
                0x00000000000099dc                user_process_2
                0x00000000000099f8                user_process_3
                0x0000000000009a14                kmain
                0x0000000000009a54                __bss_start = .

.glue_7         0x0000000000009a54        0x0
 .glue_7        0x0000000000000000        0x0 linker stubs

.glue_7t        0x0000000000009a54        0x0
 .glue_7t       0x0000000000000000        0x0 linker stubs

.vfp11_veneer   0x0000000000009a54        0x0
 .vfp11_veneer  0x0000000000000000        0x0 linker stubs

.v4_bx          0x0000000000009a54        0x0
 .v4_bx         0x0000000000000000        0x0 linker stubs

.iplt           0x0000000000009a54        0x0
 .iplt          0x0000000000000000        0x0 build/asm_tools.o

.bss            0x0000000000009a54      0x138
 *(.bss*)
 .bss           0x0000000000009a54        0x0 build/asm_tools.o
 .bss           0x0000000000009a54        0x4 build/hw.o
 .bss           0x0000000000009a58        0x0 build/init.o
 .bss           0x0000000000009a58        0x4 build/kheap.o
                0x0000000000009a58                freelist
 .bss           0x0000000000009a5c        0x0 build/pwm.o
 .bss           0x0000000000009a5c        0x0 build/sched.o
 .bss           0x0000000000009a5c        0x0 build/syscall.o
 .bss           0x0000000000009a5c        0x0 build/uart.o
 .bss           0x0000000000009a5c        0x0 build/util.o
 .bss           0x0000000000009a5c        0x0 build/kmain.o
 COMMON         0x0000000000009a5c        0x8 build/kheap.o
                0x0000000000009a5c                kernel_heap_limit
                0x0000000000009a60                kernel_heap_top
 COMMON         0x0000000000009a64       0x64 build/sched.o
                0x0000000000009a64                lr_irq
                0x0000000000009a68                kmain_process
                0x0000000000009ac0                stackPointer2
                0x0000000000009ac4                current_process
 COMMON         0x0000000000009ac8        0x8 build/syscall.o
                0x0000000000009ac8                call
                0x0000000000009acc                stackPointer
 COMMON         0x0000000000009ad0        0x4 build/uart.o
                0x0000000000009ad0                uart_error
 COMMON         0x0000000000009ad4       0xb8 build/kmain.o
                0x0000000000009ad4                pcb2
                0x0000000000009b2c                p2
                0x0000000000009b30                p1
                0x0000000000009b34                pcb1
                0x0000000000009b8c                __bss_end__ = .
                0x0000000000009b8c                __rodata_start__ = .

.rodata         0x0000000000009b8c       0x50
 *(.rodata*)
 .rodata        0x0000000000009b8c       0x18 build/hw.o
 .rodata        0x0000000000009ba4       0x10 build/syscall.o
 .rodata        0x0000000000009bb4       0x28 build/uart.o
                0x0000000000009bdc                __rodata_end__ = .
                0x0000000000009bdc                __data_start__ = .

.rel.dyn        0x0000000000009bdc        0x0
 .rel.iplt      0x0000000000000000        0x0 build/asm_tools.o

.data           0x0000000000009bdc        0xc
 *(.data)
 .data          0x0000000000009bdc        0x0 build/asm_tools.o
 .data          0x0000000000009bdc        0x0 build/hw.o
 .data          0x0000000000009bdc        0x0 build/init.o
 .data          0x0000000000009bdc        0x0 build/kheap.o
 .data          0x0000000000009bdc        0xc build/pwm.o
 .data          0x0000000000009be8        0x0 build/sched.o
 .data          0x0000000000009be8        0x0 build/syscall.o
 .data          0x0000000000009be8        0x0 build/uart.o
 .data          0x0000000000009be8        0x0 build/util.o
 .data          0x0000000000009be8        0x0 build/kmain.o
                0x0000000000009be8                __data_end__ = .

.igot.plt       0x0000000000009be8        0x0
 .igot.plt      0x0000000000000000        0x0 build/asm_tools.o

.stack          0x0000000000009be8      0x600
                0x0000000000009be8                __stack_start__ = .
                0x0000000000009de8                . = (. + KERNEL_STACK_SIZE)
 *fill*         0x0000000000009be8      0x200 
                0x0000000000009de8                . = ALIGN (0x4)
                0x0000000000009de8                __svc_stack_end__ = .
                0x0000000000009fe8                . = (. + SYS_STACK_SIZE)
 *fill*         0x0000000000009de8      0x200 
                0x0000000000009fe8                . = ALIGN (0x4)
                0x0000000000009fe8                __sys_stack_end__ = .
                0x000000000000a1e8                . = (. + IRQ_STACK_SIZE)
 *fill*         0x0000000000009fe8      0x200 
                0x000000000000a1e8                . = ALIGN (0x4)
                0x000000000000a1e8                __irq_stack_end__ = .
                0x000000000000a1e8                __stacks_end__ = .
                0x000000000000b000                . = ALIGN (0x1000)
                0x000000000000b000                __kernel_heap_start__ = .
                0x0000000000ffffff                . = 0xffffff
                0x0000000000ffffff                __kernel_heap_end__ = .
                0x0000000001000000                . = ALIGN (0x1000)
                0x0000000001000000                __after_kernel_heap__ = .
                0x0000000020000000                . = 0x20000000

.devices        0x0000000020000000   0xffffff
                0x0000000020000000                __devices_start__ = .
                0x0000000020ffffff                . = (. + 0xffffff)
 *fill*         0x0000000020000000   0xffffff 
                0x0000000020ffffff                __devices_end__ = .
OUTPUT(build/kernel.elf elf32-littlearm)

.ARM.attributes
                0x0000000000000000       0x34
 .ARM.attributes
                0x0000000000000000       0x26 build/asm_tools.o
 .ARM.attributes
                0x0000000000000026       0x38 build/hw.o
 .ARM.attributes
                0x000000000000005e       0x26 build/init.o
 .ARM.attributes
                0x0000000000000084       0x38 build/kheap.o
 .ARM.attributes
                0x00000000000000bc       0x38 build/pwm.o
 .ARM.attributes
                0x00000000000000f4       0x38 build/sched.o
 .ARM.attributes
                0x000000000000012c       0x38 build/syscall.o
 .ARM.attributes
                0x0000000000000164       0x38 build/uart.o
 .ARM.attributes
                0x000000000000019c       0x38 build/util.o
 .ARM.attributes
                0x00000000000001d4       0x38 build/kmain.o

.comment        0x0000000000000000       0x1f
 .comment       0x0000000000000000       0x1f build/hw.o
                                         0x20 (size before relaxing)
 .comment       0x0000000000000000       0x20 build/kheap.o
 .comment       0x0000000000000000       0x20 build/pwm.o
 .comment       0x0000000000000000       0x20 build/sched.o
 .comment       0x0000000000000000       0x20 build/syscall.o
 .comment       0x0000000000000000       0x20 build/uart.o
 .comment       0x0000000000000000       0x20 build/util.o
 .comment       0x0000000000000000       0x20 build/kmain.o

.debug_line     0x0000000000000000      0x6a4
 .debug_line    0x0000000000000000       0x4e build/asm_tools.o
 .debug_line    0x000000000000004e       0xe0 build/hw.o
 .debug_line    0x000000000000012e       0x67 build/init.o
 .debug_line    0x0000000000000195       0xf4 build/kheap.o
 .debug_line    0x0000000000000289       0x7e build/pwm.o
 .debug_line    0x0000000000000307      0x12a build/sched.o
 .debug_line    0x0000000000000431       0xc6 build/syscall.o
 .debug_line    0x00000000000004f7       0xf5 build/uart.o
 .debug_line    0x00000000000005ec       0x3d build/util.o
 .debug_line    0x0000000000000629       0x7b build/kmain.o

.debug_info     0x0000000000000000     0x11fc
 .debug_info    0x0000000000000000       0x5b build/asm_tools.o
 .debug_info    0x000000000000005b      0x29a build/hw.o
 .debug_info    0x00000000000002f5       0x56 build/init.o
 .debug_info    0x000000000000034b      0x28b build/kheap.o
 .debug_info    0x00000000000005d6      0x13a build/pwm.o
 .debug_info    0x0000000000000710      0x39e build/sched.o
 .debug_info    0x0000000000000aae      0x234 build/syscall.o
 .debug_info    0x0000000000000ce2      0x261 build/uart.o
 .debug_info    0x0000000000000f43       0x6c build/util.o
 .debug_info    0x0000000000000faf      0x24d build/kmain.o

.debug_abbrev   0x0000000000000000      0x800
 .debug_abbrev  0x0000000000000000       0x14 build/asm_tools.o
 .debug_abbrev  0x0000000000000014      0x146 build/hw.o
 .debug_abbrev  0x000000000000015a       0x14 build/init.o
 .debug_abbrev  0x000000000000016e      0x12d build/kheap.o
 .debug_abbrev  0x000000000000029b       0xaf build/pwm.o
 .debug_abbrev  0x000000000000034a      0x16b build/sched.o
 .debug_abbrev  0x00000000000004b5      0x105 build/syscall.o
 .debug_abbrev  0x00000000000005ba      0x10a build/uart.o
 .debug_abbrev  0x00000000000006c4       0x5c build/util.o
 .debug_abbrev  0x0000000000000720       0xe0 build/kmain.o

.debug_aranges  0x0000000000000000      0x140
 .debug_aranges
                0x0000000000000000       0x20 build/asm_tools.o
 .debug_aranges
                0x0000000000000020       0x20 build/hw.o
 .debug_aranges
                0x0000000000000040       0x20 build/init.o
 .debug_aranges
                0x0000000000000060       0x20 build/kheap.o
 .debug_aranges
                0x0000000000000080       0x20 build/pwm.o
 .debug_aranges
                0x00000000000000a0       0x20 build/sched.o
 .debug_aranges
                0x00000000000000c0       0x20 build/syscall.o
 .debug_aranges
                0x00000000000000e0       0x20 build/uart.o
 .debug_aranges
                0x0000000000000100       0x20 build/util.o
 .debug_aranges
                0x0000000000000120       0x20 build/kmain.o

.debug_str      0x0000000000000000      0x5bd
 .debug_str     0x0000000000000000      0x1dc build/hw.o
                                        0x218 (size before relaxing)
 .debug_str     0x00000000000001dc       0xe5 build/kheap.o
                                        0x1f1 (size before relaxing)
 .debug_str     0x00000000000002c1       0x36 build/pwm.o
                                        0x139 (size before relaxing)
 .debug_str     0x00000000000002f7      0x12c build/sched.o
                                        0x25f (size before relaxing)
 .debug_str     0x0000000000000423       0x64 build/syscall.o
                                        0x1bd (size before relaxing)
 .debug_str     0x0000000000000487       0xcb build/uart.o
                                        0x1cc (size before relaxing)
 .debug_str     0x0000000000000552       0x26 build/util.o
                                         0xa3 (size before relaxing)
 .debug_str     0x0000000000000578       0x45 build/kmain.o
                                        0x18e (size before relaxing)

.debug_frame    0x0000000000000000      0x524
 .debug_frame   0x0000000000000000      0x14c build/hw.o
 .debug_frame   0x000000000000014c       0x84 build/kheap.o
 .debug_frame   0x00000000000001d0       0x54 build/pwm.o
 .debug_frame   0x0000000000000224       0xf8 build/sched.o
 .debug_frame   0x000000000000031c       0xe0 build/syscall.o
 .debug_frame   0x00000000000003fc       0xa0 build/uart.o
 .debug_frame   0x000000000000049c       0x24 build/util.o
 .debug_frame   0x00000000000004c0       0x64 build/kmain.o
