Archive member included because of file (symbol)

./libcsud.a(device.keyboard.c.o)
                              build/keyboard.o (KeyboardGetAddress)
./libcsud.a(platform.c.o)     ./libcsud.a(device.keyboard.c.o) (MemoryAllocate)
./libcsud.a(usbd.c.o)         build/kmain.o (UsbInitialise)
./libcsud.a(device.hid.c.o)   ./libcsud.a(device.keyboard.c.o) (HidReadDevice)
./libcsud.a(device.hub.c.o)   ./libcsud.a(usbd.c.o) (HubPortReset)
./libcsud.a(hcd.designware20.c.o)
                              ./libcsud.a(usbd.c.o) (HcdSumbitControlMessage)
./libcsud.a(hcd.designware20.roothub.c.o)
                              ./libcsud.a(hcd.designware20.c.o) (HcdProcessRootHubMessage)
./libcsud.a(platform.armv6.c.o)
                              ./libcsud.a(hcd.designware20.c.o) (__aeabi_uidiv)
./libcsud.a(platform.broadcom2835.c.o)
                              ./libcsud.a(usbd.c.o) (MicroDelay)

Allocating common symbols
Common symbol       size              file

lr_irq              0x4               build/sched.o
CorePhysical        0x4               ./libcsud.a(hcd.designware20.c.o)
call                0x4               build/syscall.o
commandLine         0x100             build/kmain.o
kernel_heap_limit   0x4               build/kheap.o
command             0x100             build/kmain.o
DeviceNumbers       0x4               ./libcsud.a(usbd.c.o)
kmain_process       0x58              build/sched.o
HostPhysical        0x4               ./libcsud.a(hcd.designware20.c.o)
stackPointer2       0x4               build/sched.o
oneParameterSize    0x28              build/kmain.o
history             0x100             build/kmain.o
kernel_heap_top     0x4               build/kheap.o
parameters          0x100             build/kmain.o
oneParameter        0xa00             build/kmain.o
keyboards           0x10              ./libcsud.a(device.keyboard.c.o)
PowerPhysical       0x4               ./libcsud.a(hcd.designware20.c.o)
current_process     0x4               build/sched.o
Heap                0x4000            ./libcsud.a(platform.c.o)
Allocations         0xc00             ./libcsud.a(platform.c.o)
stackPointer        0x4               build/syscall.o
uart_error          0x4               build/uart.o

Memory Configuration

Name             Origin             Length             Attributes
RAM              0x0000000000008000 0x000000001fff8000
PERIPHERALS      0x0000000020000000 0x0000000000ffffff
*default*        0x0000000000000000 0xffffffffffffffff

Linker script and memory map

LOAD build/asm_tools.o
LOAD build/fb.o
LOAD build/hw.o
LOAD build/init.o
LOAD build/keyboard.o
LOAD build/kheap.o
LOAD build/pwm.o
LOAD build/sched.o
LOAD build/syscall.o
LOAD build/uart.o
LOAD build/util.o
LOAD build/kmain.o
LOAD tune1.o
LOAD tune2.o
LOAD tune3.o
                0x0000000000000200                KERNEL_STACK_SIZE = 0x200
                0x0000000000000200                SYS_STACK_SIZE = 0x200
                0x0000000000000200                IRQ_STACK_SIZE = 0x200
                0x0000000000100000                USER_STACKS_SIZE = 0x100000

.text           0x0000000000008000     0xa3c8
 build/init.o(.text*)
 .text          0x0000000000008000       0xc4 build/init.o
                0x0000000000008000                _start
 *(.text*)
 .text          0x00000000000080c4       0x48 build/asm_tools.o
                0x00000000000080c4                Set32
                0x00000000000080cc                Get32
                0x00000000000080d4                delay
                0x00000000000080e8                memory_barrier
                0x0000000000008100                invalidate_cache
 .text          0x000000000000810c      0xe98 build/fb.o
                0x0000000000008160                MailboxWrite
                0x00000000000081d8                MailboxRead
                0x0000000000008278                FramebufferInitialize
                0x0000000000008794                put_pixel_RGB24
                0x0000000000008830                draw
                0x0000000000008950                drawRed
                0x00000000000089ec                drawBlue
                0x0000000000008a88                render
                0x0000000000008b90                newLine
                0x0000000000008bbc                drawChar
                0x0000000000008bf4                drawString
                0x0000000000008c50                drawStringWithoutNewLine
                0x0000000000008ca8                drawVerticalLine
                0x0000000000008d18                drawHorizontalLine
                0x0000000000008d98                prompt
                0x0000000000008db0                drawHelloConsole
                0x0000000000008dfc                clear
                0x0000000000008e98                setColor
                0x0000000000008eec                drawError
                0x0000000000008f88                increaseOffsetY
 .text          0x0000000000008fa4      0x3a4 build/hw.o
                0x0000000000008fa4                divide
                0x000000000000900c                get_date_ms
                0x0000000000009030                set_date_ms
                0x00000000000090c8                set_next_tick
                0x0000000000009120                set_next_tick_default
                0x000000000000916c                timer_init
                0x0000000000009198                led_on
                0x00000000000091d4                led_off
                0x0000000000009210                led_switch
                0x000000000000923c                led_status
                0x0000000000009250                led_init
                0x0000000000009284                led_blink
                0x0000000000009318                hw_init
                0x0000000000009328                terminate_kernel
 .text          0x0000000000009348      0x144 build/keyboard.o
                0x0000000000009348                KeyboardUpdate
                0x00000000000093cc                KeyWasDown
                0x00000000000093fc                KeyboardGetChar
 .text          0x000000000000948c      0x360 build/kheap.o
                0x000000000000948c                aligned_value
                0x00000000000094d8                kAlloc_aligned
                0x000000000000968c                kAlloc
                0x0000000000009778                kFree
                0x00000000000097c0                kheap_init
 .text          0x00000000000097ec      0x2e0 build/pwm.o
                0x0000000000009994                audio_test
 .text          0x0000000000009acc      0x690 build/sched.o
                0x0000000000009acc                irq_handler
                0x0000000000009b58                sys_exit
                0x0000000000009b84                do_sys_exit
                0x0000000000009c2c                sys_yield
                0x0000000000009c4c                do_sys_yield
                0x0000000000009db0                sched_init
                0x0000000000009de8                create_process
                0x0000000000009e98                elect
                0x0000000000009eb4                pouetpouet
                0x0000000000009eb8                sys_yieldto
                0x0000000000009ee8                do_sys_yieldto
 .text          0x000000000000a15c      0x2bc build/syscall.o
                0x000000000000a15c                swi_handler
                0x000000000000a23c                sys_settime
                0x000000000000a274                sys_gettime
                0x000000000000a2e4                sys_reboot
                0x000000000000a304                pouet
                0x000000000000a308                sys_nop
                0x000000000000a334                do_sys_reboot
                0x000000000000a364                do_sys_nop
                0x000000000000a36c                do_sys_settime
                0x000000000000a3e8                do_sys_gettime
 .text          0x000000000000a418      0x658 build/uart.o
                0x000000000000a418                uart_init
                0x000000000000a534                uart_send_str
                0x000000000000a5c8                uart_send_int
                0x000000000000a7b8                uart_receive_str
                0x000000000000a894                uart_receive_int
                0x000000000000aa3c                uart_is_receive_fifo_empty
 .text          0x000000000000aa70       0x10 build/util.o
                0x000000000000aa70                kernel_panic
 .text          0x000000000000aa80      0xac4 build/kmain.o
                0x000000000000aa80                effacerPrecedenteCommande
                0x000000000000aafc                drawSnoop
                0x000000000000ac7c                printSnoop
                0x000000000000ad2c                strcmp
                0x000000000000ada0                testAffichage
                0x000000000000ae0c                commandProcess
                0x000000000000b298                applyMethod
                0x000000000000b2c8                keyboardLoop
                0x000000000000b4a0                printHeader
                0x000000000000b4d4                dummy
                0x000000000000b4f0                kmain
 .text          0x000000000000b544     0x1000 ./libcsud.a(device.keyboard.c.o)
                0x000000000000b544                KeyboardDetached
                0x000000000000b5c0                KeyboardDeallocate
                0x000000000000b638                KeyboardIndex
                0x000000000000b690                KeyboardGetAddress
                0x000000000000b6d8                KeyboardScan
                0x000000000000bda4                KeyboardCount
                0x000000000000bdb4                KeyboardSetLeds
                0x000000000000bfd0                KeyboardGetLedSupport
                0x000000000000c01c                KeyboardPoll
                0x000000000000c360                KeyboardGetModifiers
                0x000000000000c3ac                KeyboardGetKeyDownCount
                0x000000000000c410                KeyboadGetKeyIsDown
                0x000000000000c4c8                KeyboardGetKeyDown
 .text          0x000000000000c544      0x5c0 ./libcsud.a(platform.c.o)
                0x000000000000c544                MemoryReserve
                0x000000000000c54c                MemoryAllocate
                0x000000000000c99c                MemoryDeallocate
                0x000000000000cab4                MemoryCopy
 .text          0x000000000000cb04     0x10e8 ./libcsud.a(usbd.c.o)
                0x000000000000cb04                UsbGetRootHub
                0x000000000000cb14                UsbPrintDeviceTree
                0x000000000000cbe0                UsbControlMessage
                0x000000000000ccd8                UsbGetDescriptor
                0x000000000000cdc4                UsbGetString
                0x000000000000ce30                UsbReadStringLang
                0x000000000000ceb4                UsbReadString
                0x000000000000cfb4                UsbReadDeviceDescriptor
                0x000000000000d0f4                UsbSetAddress
                0x000000000000d1d4                UsbSetConfiguration
                0x000000000000d2a8                UsbConfigure
                0x000000000000d478                UsbGetDescription
                0x000000000000d728                UsbScanDevice
                0x000000000000d950                UsbAllocateDevice
                0x000000000000da0c                UsbDeallocateDevice
                0x000000000000db24                UsbScanRootHub
                0x000000000000db74                UsbInitialise
                0x000000000000dbd0                UsbCheckForChange
 .text          0x000000000000dbec     0x1b24 ./libcsud.a(device.hid.c.o)
                0x000000000000dbec                HidEnumerateActionCountField
                0x000000000000dd14                HidDetached
                0x000000000000dd50                HidEnumerateActionAddField
                0x000000000000e558                HidDeallocate
                0x000000000000e6ac                HidEnumerateActionCountReport
                0x000000000000e764                HidGetReport
                0x000000000000e820                HidSetReport
                0x000000000000e8d0                BitSet
                0x000000000000e9fc                BitGetUnsigned
                0x000000000000eb04                BitGetSigned
                0x000000000000eb30                HidReadDevice
                0x000000000000ed2c                HidWriteDevice
                0x000000000000eed8                HidSetProtocol
                0x000000000000ef88                HidEnumerateReport
                0x000000000000f0e0                HidParseReportDescriptor
                0x000000000000f410                HidScan
                0x000000000000f700                HidGetFieldValue
 .text          0x000000000000f710      0xd34 ./libcsud.a(device.hub.c.o)
                0x000000000000f710                HubDetached
                0x000000000000f7b0                HubDeallocate
                0x000000000000f88c                HubReadDescriptor
                0x000000000000f984                HubGetStatus
                0x000000000000fa5c                HubPortGetStatus
                0x000000000000fb3c                HubChangeFeature
                0x000000000000fbf0                HubChangePortFeature
                0x000000000000fcac                HubPowerOn
                0x000000000000fd54                HubPortReset
                0x000000000000fe28                HubPortConnectionChanged
                0x0000000000010030                HubCheckConnection
                0x0000000000010164                HubRecursiveCheck
                0x000000000001022c                HubScan
 .text          0x0000000000010444     0x160c ./libcsud.a(hcd.designware20.c.o)
                0x0000000000010444                WriteThroughRegMask
                0x00000000000104d8                WriteThroughReg
                0x00000000000104e0                ReadBackReg
                0x0000000000010584                ClearReg
                0x00000000000105ec                SetReg
                0x0000000000010688                HcdReset
                0x0000000000010738                HcdTransmitFifoFlush
                0x00000000000107cc                HcdReceiveFifoFlush
                0x0000000000010844                HcdPrepareChannel
                0x0000000000010b5c                HcdTransmitChannel
                0x0000000000010c08                HcdChannelInterruptToError
                0x0000000000010ce4                HcdChannelSendWaitOne
                0x0000000000010fa0                HcdChannelSendWait
                0x00000000000110b8                HcdSumbitControlMessage
                0x0000000000011300                HcdInitialise
                0x0000000000011494                HcdStart
                0x00000000000119f0                HcdStop
                0x0000000000011a14                HcdDeinitialise
 .text          0x0000000000011a50      0x6f0 ./libcsud.a(hcd.designware20.roothub.c.o)
                0x0000000000011a50                HcdProcessRootHubMessage
 .text          0x0000000000012140      0x16c ./libcsud.a(platform.armv6.c.o)
                0x0000000000012140                __aeabi_uidivmod
                0x0000000000012274                __aeabi_uidiv
 .text          0x00000000000122ac      0x11c ./libcsud.a(platform.broadcom2835.c.o)
                0x00000000000122ac                MicroDelay
                0x000000000001231c                PowerOnUsb
                0x00000000000123c8                __bss_start = .

.glue_7         0x00000000000123c8        0x0
 .glue_7        0x0000000000000000        0x0 linker stubs

.glue_7t        0x00000000000123c8        0x0
 .glue_7t       0x0000000000000000        0x0 linker stubs

.vfp11_veneer   0x00000000000123c8        0x0
 .vfp11_veneer  0x0000000000000000        0x0 linker stubs

.v4_bx          0x00000000000123c8        0x0
 .v4_bx         0x0000000000000000        0x0 linker stubs

.iplt           0x00000000000123c8        0x0
 .iplt          0x0000000000000000        0x0 build/asm_tools.o

.bss            0x00000000000123c8     0x5b38
 *(.bss*)
 .bss           0x00000000000123c8        0x0 build/asm_tools.o
 .bss           0x00000000000123c8       0x20 build/fb.o
                0x00000000000123c8                offsetX
                0x00000000000123cc                offsetY
 .bss           0x00000000000123e8        0x4 build/hw.o
 .bss           0x00000000000123ec        0x0 build/init.o
 .bss           0x00000000000123ec        0x0 build/keyboard.o
 .bss           0x00000000000123ec        0x4 build/kheap.o
                0x00000000000123ec                freelist
 .bss           0x00000000000123f0        0x0 build/pwm.o
 .bss           0x00000000000123f0        0x0 build/sched.o
 .bss           0x00000000000123f0        0x0 build/syscall.o
 .bss           0x00000000000123f0        0x0 build/uart.o
 .bss           0x00000000000123f0        0x0 build/util.o
 .bss           0x00000000000123f0       0x14 build/kmain.o
                0x00000000000123f0                commandLineSize
                0x00000000000123f4                commandSize
                0x00000000000123f8                parametersSize
                0x00000000000123fc                numberOfParameters
                0x0000000000012400                historySize
 .bss           0x0000000000012404       0x14 ./libcsud.a(device.keyboard.c.o)
                0x0000000000012404                keyboardAddresses
                0x0000000000012414                keyboardCount
 .bss           0x0000000000012418        0x8 ./libcsud.a(platform.c.o)
                0x0000000000012418                FirstFreeAllocation
                0x000000000001241c                allocated
 .bss           0x0000000000012420        0x4 ./libcsud.a(usbd.c.o)
                0x0000000000012420                RootHub
 .bss           0x0000000000012424        0x0 ./libcsud.a(device.hid.c.o)
 .bss           0x0000000000012424        0x0 ./libcsud.a(device.hub.c.o)
 .bss           0x0000000000012424       0x14 ./libcsud.a(hcd.designware20.c.o)
                0x0000000000012424                Core
                0x0000000000012428                Host
                0x000000000001242c                Power
                0x0000000000012430                databuffer
                0x0000000000012434                PhyInitialised
 .bss           0x0000000000012438        0x4 ./libcsud.a(hcd.designware20.roothub.c.o)
                0x0000000000012438                RootHubDeviceNumber
 .bss           0x000000000001243c        0x0 ./libcsud.a(platform.armv6.c.o)
 .bss           0x000000000001243c        0x0 ./libcsud.a(platform.broadcom2835.c.o)
 COMMON         0x000000000001243c        0x8 build/kheap.o
                0x000000000001243c                kernel_heap_limit
                0x0000000000012440                kernel_heap_top
 COMMON         0x0000000000012444       0x64 build/sched.o
                0x0000000000012444                lr_irq
                0x0000000000012448                kmain_process
                0x00000000000124a0                stackPointer2
                0x00000000000124a4                current_process
 COMMON         0x00000000000124a8        0x8 build/syscall.o
                0x00000000000124a8                call
                0x00000000000124ac                stackPointer
 COMMON         0x00000000000124b0        0x4 build/uart.o
                0x00000000000124b0                uart_error
 COMMON         0x00000000000124b4      0xe28 build/kmain.o
                0x00000000000124b4                commandLine
                0x00000000000125b4                command
                0x00000000000126b4                oneParameterSize
                0x00000000000126dc                history
                0x00000000000127dc                parameters
                0x00000000000128dc                oneParameter
 COMMON         0x00000000000132dc       0x10 ./libcsud.a(device.keyboard.c.o)
                0x00000000000132dc                keyboards
 *fill*         0x00000000000132ec        0x4 
 COMMON         0x00000000000132f0     0x4c00 ./libcsud.a(platform.c.o)
                0x00000000000132f0                Heap
                0x00000000000172f0                Allocations
 COMMON         0x0000000000017ef0        0x4 ./libcsud.a(usbd.c.o)
                0x0000000000017ef0                DeviceNumbers
 COMMON         0x0000000000017ef4        0xc ./libcsud.a(hcd.designware20.c.o)
                0x0000000000017ef4                CorePhysical
                0x0000000000017ef8                HostPhysical
                0x0000000000017efc                PowerPhysical
                0x0000000000017f00                __bss_end__ = .
                0x0000000000017f00                __rodata_start__ = .

.rodata         0x0000000000017f00     0x139c
 *(.rodata*)
 .rodata        0x0000000000017f00       0x34 build/fb.o
 .rodata        0x0000000000017f34       0x18 build/hw.o
 .rodata        0x0000000000017f4c       0x10 build/syscall.o
 .rodata        0x0000000000017f5c       0x28 build/uart.o
 .rodata        0x0000000000017f84     0x10c0 build/kmain.o
 .rodata        0x0000000000019044      0x248 ./libcsud.a(usbd.c.o)
 .rodata.str1.4
                0x000000000001928c       0x10 ./libcsud.a(usbd.c.o)
                0x000000000001929c                __rodata_end__ = .
                0x000000000001929c                __data_start__ = .

.rel.dyn        0x000000000001929c        0x0
 .rel.iplt      0x0000000000000000        0x0 build/asm_tools.o

.data           0x00000000000192a0    0xb13f8
 *(.data)
 .data          0x00000000000192a0        0x0 build/asm_tools.o
 .data          0x00000000000192a0      0x404 build/fb.o
                0x00000000000192a0                font8x8_basic
                0x00000000000196a0                redC
                0x00000000000196a1                greenC
                0x00000000000196a2                blueC
 .data          0x00000000000196a4        0x0 build/hw.o
 .data          0x00000000000196a4        0x0 build/init.o
 *fill*         0x00000000000196a4        0x4 
 .data          0x00000000000196a8       0xe0 build/keyboard.o
 .data          0x0000000000019788        0x0 build/kheap.o
 .data          0x0000000000019788        0xc build/pwm.o
 .data          0x0000000000019794        0x0 build/sched.o
 .data          0x0000000000019794        0x0 build/syscall.o
 .data          0x0000000000019794        0x0 build/uart.o
 .data          0x0000000000019794        0x0 build/util.o
 .data          0x0000000000019794    0x56ad0 build/kmain.o
                0x0000000000019794                snoopLine
                0x0000000000019798                snoopSize
                0x000000000001979c                snoopWidth
                0x00000000000197a0                snoopIMG
                0x00000000000197a4                snoopArray
 .data          0x0000000000070264     0x9ee5 tune1.o
                0x0000000000070264                _binary_tune1_wav_start
                0x000000000007a149                _binary_tune1_wav_end
 .data          0x000000000007a149    0x3cef4 tune2.o
                0x000000000007a149                _binary_tune2_wav_start
                0x00000000000b703d                _binary_tune2_wav_end
 .data          0x00000000000b703d    0x135f2 tune3.o
                0x00000000000b703d                _binary_tune3_wav_start
                0x00000000000ca62f                _binary_tune3_wav_end
 .data          0x00000000000ca62f        0x0 ./libcsud.a(device.keyboard.c.o)
 *fill*         0x00000000000ca62f        0x1 
 .data          0x00000000000ca630        0x4 ./libcsud.a(platform.c.o)
                0x00000000000ca630                FirstAllocation
 .data          0x00000000000ca634        0x0 ./libcsud.a(usbd.c.o)
 .data          0x00000000000ca634        0x0 ./libcsud.a(device.hid.c.o)
 .data          0x00000000000ca634        0x0 ./libcsud.a(device.hub.c.o)
 .data          0x00000000000ca634        0x0 ./libcsud.a(hcd.designware20.c.o)
 .data          0x00000000000ca634       0x64 ./libcsud.a(hcd.designware20.roothub.c.o)
                0x00000000000ca634                DeviceDescriptor
                0x00000000000ca648                ConfigurationDescriptor
                0x00000000000ca664                String0
                0x00000000000ca668                String1
                0x00000000000ca68c                HubDescriptor
 .data          0x00000000000ca698        0x0 ./libcsud.a(platform.armv6.c.o)
 .data          0x00000000000ca698        0x0 ./libcsud.a(platform.broadcom2835.c.o)
                0x00000000000ca698                __data_end__ = .

.igot.plt       0x00000000000ca698        0x0
 .igot.plt      0x0000000000000000        0x0 build/asm_tools.o

.stack          0x00000000000ca698      0x600
                0x00000000000ca698                __stack_start__ = .
                0x00000000000ca898                . = (. + KERNEL_STACK_SIZE)
 *fill*         0x00000000000ca698      0x200 
                0x00000000000ca898                . = ALIGN (0x4)
                0x00000000000ca898                __svc_stack_end__ = .
                0x00000000000caa98                . = (. + SYS_STACK_SIZE)
 *fill*         0x00000000000ca898      0x200 
                0x00000000000caa98                . = ALIGN (0x4)
                0x00000000000caa98                __sys_stack_end__ = .
                0x00000000000cac98                . = (. + IRQ_STACK_SIZE)
 *fill*         0x00000000000caa98      0x200 
                0x00000000000cac98                . = ALIGN (0x4)
                0x00000000000cac98                __irq_stack_end__ = .
                0x00000000000cac98                __stacks_end__ = .
                0x00000000000cb000                . = ALIGN (0x1000)
                0x00000000000cb000                __kernel_heap_start__ = .
                0x0000000000ffffff                . = 0xffffff
                0x0000000000ffffff                __kernel_heap_end__ = .
                0x0000000001000000                . = ALIGN (0x1000)
                0x0000000001000000                __after_kernel_heap__ = .
                0x0000000020000000                . = 0x20000000

.devices        0x0000000020000000   0xffffff
                0x0000000020000000                __devices_start__ = .
                0x0000000020ffffff                . = (. + 0xffffff)
 *fill*         0x0000000020000000   0xffffff 
                0x0000000020ffffff                __devices_end__ = .
LOAD ./libcsud.a
OUTPUT(build/kernel.elf elf32-littlearm)

.ARM.attributes
                0x0000000000000000       0x36
 .ARM.attributes
                0x0000000000000000       0x26 build/asm_tools.o
 .ARM.attributes
                0x0000000000000026       0x38 build/fb.o
 .ARM.attributes
                0x000000000000005e       0x38 build/hw.o
 .ARM.attributes
                0x0000000000000096       0x26 build/init.o
 .ARM.attributes
                0x00000000000000bc       0x26 build/keyboard.o
 .ARM.attributes
                0x00000000000000e2       0x38 build/kheap.o
 .ARM.attributes
                0x000000000000011a       0x38 build/pwm.o
 .ARM.attributes
                0x0000000000000152       0x38 build/sched.o
 .ARM.attributes
                0x000000000000018a       0x38 build/syscall.o
 .ARM.attributes
                0x00000000000001c2       0x38 build/uart.o
 .ARM.attributes
                0x00000000000001fa       0x38 build/util.o
 .ARM.attributes
                0x0000000000000232       0x38 build/kmain.o
 .ARM.attributes
                0x000000000000026a       0x32 ./libcsud.a(device.keyboard.c.o)
 .ARM.attributes
                0x000000000000029c       0x32 ./libcsud.a(platform.c.o)
 .ARM.attributes
                0x00000000000002ce       0x32 ./libcsud.a(usbd.c.o)
 .ARM.attributes
                0x0000000000000300       0x32 ./libcsud.a(device.hid.c.o)
 .ARM.attributes
                0x0000000000000332       0x32 ./libcsud.a(device.hub.c.o)
 .ARM.attributes
                0x0000000000000364       0x32 ./libcsud.a(hcd.designware20.c.o)
 .ARM.attributes
                0x0000000000000396       0x32 ./libcsud.a(hcd.designware20.roothub.c.o)
 .ARM.attributes
                0x00000000000003c8       0x32 ./libcsud.a(platform.armv6.c.o)
 .ARM.attributes
                0x00000000000003fa       0x32 ./libcsud.a(platform.broadcom2835.c.o)

.comment        0x0000000000000000       0x30
 .comment       0x0000000000000000       0x1f build/fb.o
                                         0x20 (size before relaxing)
 .comment       0x0000000000000000       0x20 build/hw.o
 .comment       0x0000000000000000       0x20 build/kheap.o
 .comment       0x0000000000000000       0x20 build/pwm.o
 .comment       0x0000000000000000       0x20 build/sched.o
 .comment       0x0000000000000000       0x20 build/syscall.o
 .comment       0x0000000000000000       0x20 build/uart.o
 .comment       0x0000000000000000       0x20 build/util.o
 .comment       0x0000000000000000       0x20 build/kmain.o
 .comment       0x000000000000001f       0x11 ./libcsud.a(device.keyboard.c.o)
                                         0x12 (size before relaxing)
 .comment       0x0000000000000000       0x12 ./libcsud.a(platform.c.o)
 .comment       0x0000000000000000       0x12 ./libcsud.a(usbd.c.o)
 .comment       0x0000000000000000       0x12 ./libcsud.a(device.hid.c.o)
 .comment       0x0000000000000000       0x12 ./libcsud.a(device.hub.c.o)
 .comment       0x0000000000000000       0x12 ./libcsud.a(hcd.designware20.c.o)
 .comment       0x0000000000000000       0x12 ./libcsud.a(hcd.designware20.roothub.c.o)
 .comment       0x0000000000000000       0x12 ./libcsud.a(platform.armv6.c.o)
 .comment       0x0000000000000000       0x12 ./libcsud.a(platform.broadcom2835.c.o)

.debug_line     0x0000000000000000      0xb73
 .debug_line    0x0000000000000000       0x4e build/asm_tools.o
 .debug_line    0x000000000000004e      0x25d build/fb.o
 .debug_line    0x00000000000002ab       0xe0 build/hw.o
 .debug_line    0x000000000000038b       0x67 build/init.o
 .debug_line    0x00000000000003f2       0x9b build/keyboard.o
 .debug_line    0x000000000000048d       0xf4 build/kheap.o
 .debug_line    0x0000000000000581       0x8a build/pwm.o
 .debug_line    0x000000000000060b      0x12b build/sched.o
 .debug_line    0x0000000000000736       0xca build/syscall.o
 .debug_line    0x0000000000000800       0xf5 build/uart.o
 .debug_line    0x00000000000008f5       0x3d build/util.o
 .debug_line    0x0000000000000932      0x241 build/kmain.o

.debug_info     0x0000000000000000     0x1d3c
 .debug_info    0x0000000000000000       0x5b build/asm_tools.o
 .debug_info    0x000000000000005b      0x744 build/fb.o
 .debug_info    0x000000000000079f      0x29a build/hw.o
 .debug_info    0x0000000000000a39       0x56 build/init.o
 .debug_info    0x0000000000000a8f       0x5a build/keyboard.o
 .debug_info    0x0000000000000ae9      0x28b build/kheap.o
 .debug_info    0x0000000000000d74      0x1b3 build/pwm.o
 .debug_info    0x0000000000000f27      0x39e build/sched.o
 .debug_info    0x00000000000012c5      0x234 build/syscall.o
 .debug_info    0x00000000000014f9      0x261 build/uart.o
 .debug_info    0x000000000000175a       0x6c build/util.o
 .debug_info    0x00000000000017c6      0x576 build/kmain.o

.debug_abbrev   0x0000000000000000      0xad4
 .debug_abbrev  0x0000000000000000       0x14 build/asm_tools.o
 .debug_abbrev  0x0000000000000014      0x22d build/fb.o
 .debug_abbrev  0x0000000000000241      0x146 build/hw.o
 .debug_abbrev  0x0000000000000387       0x14 build/init.o
 .debug_abbrev  0x000000000000039b       0x14 build/keyboard.o
 .debug_abbrev  0x00000000000003af      0x12d build/kheap.o
 .debug_abbrev  0x00000000000004dc       0xd1 build/pwm.o
 .debug_abbrev  0x00000000000005ad      0x16b build/sched.o
 .debug_abbrev  0x0000000000000718      0x105 build/syscall.o
 .debug_abbrev  0x000000000000081d      0x10a build/uart.o
 .debug_abbrev  0x0000000000000927       0x5c build/util.o
 .debug_abbrev  0x0000000000000983      0x151 build/kmain.o

.debug_aranges  0x0000000000000000      0x180
 .debug_aranges
                0x0000000000000000       0x20 build/asm_tools.o
 .debug_aranges
                0x0000000000000020       0x20 build/fb.o
 .debug_aranges
                0x0000000000000040       0x20 build/hw.o
 .debug_aranges
                0x0000000000000060       0x20 build/init.o
 .debug_aranges
                0x0000000000000080       0x20 build/keyboard.o
 .debug_aranges
                0x00000000000000a0       0x20 build/kheap.o
 .debug_aranges
                0x00000000000000c0       0x20 build/pwm.o
 .debug_aranges
                0x00000000000000e0       0x20 build/sched.o
 .debug_aranges
                0x0000000000000100       0x20 build/syscall.o
 .debug_aranges
                0x0000000000000120       0x20 build/uart.o
 .debug_aranges
                0x0000000000000140       0x20 build/util.o
 .debug_aranges
                0x0000000000000160       0x20 build/kmain.o

.debug_str      0x0000000000000000      0xa18
 .debug_str     0x0000000000000000      0x338 build/fb.o
                                        0x37d (size before relaxing)
 .debug_str     0x0000000000000338      0x10b build/hw.o
                                        0x218 (size before relaxing)
 .debug_str     0x0000000000000443       0xd8 build/kheap.o
                                        0x1f1 (size before relaxing)
 .debug_str     0x000000000000051b       0xdc build/pwm.o
                                        0x1e4 (size before relaxing)
 .debug_str     0x00000000000005f7      0x12c build/sched.o
                                        0x25f (size before relaxing)
 .debug_str     0x0000000000000723       0x64 build/syscall.o
                                        0x1bd (size before relaxing)
 .debug_str     0x0000000000000787       0xbd build/uart.o
                                        0x1cc (size before relaxing)
 .debug_str     0x0000000000000844       0x1f build/util.o
                                         0xa3 (size before relaxing)
 .debug_str     0x0000000000000863      0x1b5 build/kmain.o
                                        0x2e1 (size before relaxing)

.debug_frame    0x0000000000000000      0x7dc
 .debug_frame   0x0000000000000000      0x208 build/fb.o
 .debug_frame   0x0000000000000208      0x14c build/hw.o
 .debug_frame   0x0000000000000354       0x84 build/kheap.o
 .debug_frame   0x00000000000003d8       0x54 build/pwm.o
 .debug_frame   0x000000000000042c       0xf8 build/sched.o
 .debug_frame   0x0000000000000524       0xe8 build/syscall.o
 .debug_frame   0x000000000000060c       0xa0 build/uart.o
 .debug_frame   0x00000000000006ac       0x24 build/util.o
 .debug_frame   0x00000000000006d0      0x10c build/kmain.o
