
Allocating common symbols
Common symbol       size              file

kernel_heap_limit   0x4               build/kheap.o
kernel_heap_top     0x4               build/kheap.o
uart_error          0x4               build/uart.o

Memory Configuration

Name             Origin             Length             Attributes
RAM              0x0000000000008000 0x000000001fff8000
PERIPHERALS      0x0000000020000000 0x0000000000ffffff
*default*        0x0000000000000000 0xffffffffffffffff

Linker script and memory map

LOAD build/kheap.o
LOAD build/syscall.o
LOAD build/init.o
LOAD build/hw.o
LOAD build/uart.o
LOAD build/pwm.o
LOAD build/asm_tools.o
LOAD build/util.o
LOAD build/kmain.o
                0x0000000000000200                KERNEL_STACK_SIZE = 0x200
                0x0000000000000200                SYS_STACK_SIZE = 0x200
                0x0000000000000200                IRQ_STACK_SIZE = 0x200
                0x0000000000100000                USER_STACKS_SIZE = 0x100000

.text           0x0000000000008000     0x11f0
 build/init.o(.text*)
 .text          0x0000000000008000       0xc4 build/init.o
                0x0000000000008000                _start
 *(.text*)
 .text          0x00000000000080c4      0x360 build/kheap.o
                0x00000000000080c4                aligned_value
                0x0000000000008110                kAlloc_aligned
                0x00000000000082c4                kAlloc
                0x00000000000083b0                kFree
                0x00000000000083f8                kheap_init
 .text          0x0000000000008424       0x88 build/syscall.o
                0x0000000000008424                sys_reboot
                0x0000000000008438                sys_nop
                0x000000000000844c                swi_handler
                0x000000000000849c                do_sys_nop
                0x00000000000084a0                do_sys_reboot
 .text          0x00000000000084ac      0x3a4 build/hw.o
                0x00000000000084ac                divide
                0x0000000000008514                get_date_ms
                0x0000000000008538                set_date_ms
                0x00000000000085d0                set_next_tick
                0x0000000000008628                set_next_tick_default
                0x0000000000008674                timer_init
                0x00000000000086a0                led_on
                0x00000000000086dc                led_off
                0x0000000000008718                led_switch
                0x0000000000008744                led_status
                0x0000000000008758                led_init
                0x000000000000878c                led_blink
                0x0000000000008820                hw_init
                0x0000000000008830                terminate_kernel
 .text          0x0000000000008850      0x658 build/uart.o
                0x0000000000008850                uart_init
                0x000000000000896c                uart_send_str
                0x0000000000008a00                uart_send_int
                0x0000000000008bf0                uart_receive_str
                0x0000000000008ccc                uart_receive_int
                0x0000000000008e74                uart_is_receive_fifo_empty
 .text          0x0000000000008ea8      0x224 build/pwm.o
                0x0000000000009040                audio_test
 .text          0x00000000000090cc       0x48 build/asm_tools.o
                0x00000000000090cc                Set32
                0x00000000000090d4                Get32
                0x00000000000090dc                delay
                0x00000000000090f0                memory_barrier
                0x0000000000009108                invalidate_cache
 .text          0x0000000000009114       0x10 build/util.o
                0x0000000000009114                kernel_panic
 .text          0x0000000000009124       0xcc build/kmain.o
                0x0000000000009124                dummy
                0x000000000000912c                div
                0x0000000000009188                compute_volume
                0x00000000000091dc                kmain
                0x00000000000091f0                __bss_start = .

.glue_7         0x00000000000091f0        0x0
 .glue_7        0x00000000000091f0        0x0 linker stubs

.glue_7t        0x00000000000091f0        0x0
 .glue_7t       0x00000000000091f0        0x0 linker stubs

.vfp11_veneer   0x00000000000091f0        0x0
 .vfp11_veneer  0x00000000000091f0        0x0 linker stubs

.v4_bx          0x00000000000091f0        0x0
 .v4_bx         0x00000000000091f0        0x0 linker stubs

.iplt           0x00000000000091f0        0x0
 .iplt          0x00000000000091f0        0x0 build/kheap.o

.bss            0x00000000000091f0       0x14
 *(.bss*)
 .bss           0x00000000000091f0        0x4 build/kheap.o
                0x00000000000091f0                freelist
 .bss           0x00000000000091f4        0x0 build/syscall.o
 .bss           0x00000000000091f4        0x0 build/init.o
 .bss           0x00000000000091f4        0x4 build/hw.o
 .bss           0x00000000000091f8        0x0 build/uart.o
 .bss           0x00000000000091f8        0x0 build/pwm.o
 .bss           0x00000000000091f8        0x0 build/asm_tools.o
 .bss           0x00000000000091f8        0x0 build/util.o
 .bss           0x00000000000091f8        0x0 build/kmain.o
 COMMON         0x00000000000091f8        0x8 build/kheap.o
                0x00000000000091f8                kernel_heap_limit
                0x00000000000091fc                kernel_heap_top
 COMMON         0x0000000000009200        0x4 build/uart.o
                0x0000000000009200                uart_error
                0x0000000000009204                __bss_end__ = .
                0x0000000000009204                __rodata_start__ = .

.rodata         0x0000000000009204       0x50
 *(.rodata*)
 .rodata        0x0000000000009204       0x10 build/syscall.o
 .rodata        0x0000000000009214       0x18 build/hw.o
 .rodata        0x000000000000922c       0x28 build/uart.o
                0x0000000000009254                __rodata_end__ = .
                0x0000000000009254                __data_start__ = .

.rel.dyn        0x0000000000009254        0x0
 .rel.iplt      0x0000000000009254        0x0 build/kheap.o

.data           0x0000000000009254        0xc
 *(.data)
 .data          0x0000000000009254        0x0 build/kheap.o
 .data          0x0000000000009254        0x0 build/syscall.o
 .data          0x0000000000009254        0x0 build/init.o
 .data          0x0000000000009254        0x0 build/hw.o
 .data          0x0000000000009254        0x0 build/uart.o
 .data          0x0000000000009254        0xc build/pwm.o
 .data          0x0000000000009260        0x0 build/asm_tools.o
 .data          0x0000000000009260        0x0 build/util.o
 .data          0x0000000000009260        0x0 build/kmain.o
                0x0000000000009260                __data_end__ = .

.igot.plt       0x0000000000009260        0x0
 .igot.plt      0x0000000000009260        0x0 build/kheap.o

.stack          0x0000000000009260      0x600
                0x0000000000009260                __stack_start__ = .
                0x0000000000009460                . = (. + KERNEL_STACK_SIZE)
 *fill*         0x0000000000009260      0x200 
                0x0000000000009460                . = ALIGN (0x4)
                0x0000000000009460                __svc_stack_end__ = .
                0x0000000000009660                . = (. + SYS_STACK_SIZE)
 *fill*         0x0000000000009460      0x200 
                0x0000000000009660                . = ALIGN (0x4)
                0x0000000000009660                __sys_stack_end__ = .
                0x0000000000009860                . = (. + IRQ_STACK_SIZE)
 *fill*         0x0000000000009660      0x200 
                0x0000000000009860                . = ALIGN (0x4)
                0x0000000000009860                __irq_stack_end__ = .
                0x0000000000009860                __stacks_end__ = .
                0x000000000000a000                . = ALIGN (0x1000)
                0x000000000000a000                __kernel_heap_start__ = .
                0x0000000000ffffff                . = 0xffffff
                0x0000000000ffffff                __kernel_heap_end__ = .
                0x0000000001000000                . = ALIGN (0x1000)
                0x0000000001000000                __after_kernel_heap__ = .
                0x0000000020000000                . = 0x20000000

.devices        0x0000000020000000   0xffffff
                0x0000000020000000                __devices_start__ = .
                0x0000000020ffffff                . = (. + 0xffffff)
 *fill*         0x0000000020000000   0xffffff 
                0x0000000020ffffff                __devices_end__ = .
OUTPUT(build/kernel.elf elf32-littlearm)

.debug_info     0x0000000000000000      0xb66
 .debug_info    0x0000000000000000      0x28b build/kheap.o
 .debug_info    0x000000000000028b       0x95 build/syscall.o
 .debug_info    0x0000000000000320       0x6a build/init.o
 .debug_info    0x000000000000038a      0x29a build/hw.o
 .debug_info    0x0000000000000624      0x261 build/uart.o
 .debug_info    0x0000000000000885      0x13a build/pwm.o
 .debug_info    0x00000000000009bf       0x64 build/asm_tools.o
 .debug_info    0x0000000000000a23       0x6c build/util.o
 .debug_info    0x0000000000000a8f       0xd7 build/kmain.o

.debug_abbrev   0x0000000000000000      0x5be
 .debug_abbrev  0x0000000000000000      0x12d build/kheap.o
 .debug_abbrev  0x000000000000012d       0x5c build/syscall.o
 .debug_abbrev  0x0000000000000189       0x14 build/init.o
 .debug_abbrev  0x000000000000019d      0x146 build/hw.o
 .debug_abbrev  0x00000000000002e3      0x10a build/uart.o
 .debug_abbrev  0x00000000000003ed       0xaf build/pwm.o
 .debug_abbrev  0x000000000000049c       0x14 build/asm_tools.o
 .debug_abbrev  0x00000000000004b0       0x5c build/util.o
 .debug_abbrev  0x000000000000050c       0xb2 build/kmain.o

.debug_aranges  0x0000000000000000      0x120
 .debug_aranges
                0x0000000000000000       0x20 build/kheap.o
 .debug_aranges
                0x0000000000000020       0x20 build/syscall.o
 .debug_aranges
                0x0000000000000040       0x20 build/init.o
 .debug_aranges
                0x0000000000000060       0x20 build/hw.o
 .debug_aranges
                0x0000000000000080       0x20 build/uart.o
 .debug_aranges
                0x00000000000000a0       0x20 build/pwm.o
 .debug_aranges
                0x00000000000000c0       0x20 build/asm_tools.o
 .debug_aranges
                0x00000000000000e0       0x20 build/util.o
 .debug_aranges
                0x0000000000000100       0x20 build/kmain.o

.debug_line     0x0000000000000000      0x4d4
 .debug_line    0x0000000000000000       0xf2 build/kheap.o
 .debug_line    0x00000000000000f2       0x52 build/syscall.o
 .debug_line    0x0000000000000144       0x67 build/init.o
 .debug_line    0x00000000000001ab       0xde build/hw.o
 .debug_line    0x0000000000000289       0xf5 build/uart.o
 .debug_line    0x000000000000037e       0x7e build/pwm.o
 .debug_line    0x00000000000003fc       0x4e build/asm_tools.o
 .debug_line    0x000000000000044a       0x3d build/util.o
 .debug_line    0x0000000000000487       0x4d build/kmain.o

.debug_str      0x0000000000000000      0x486
 .debug_str     0x0000000000000000      0x1c7 build/kheap.o
                                        0x202 (size before relaxing)
 .debug_str     0x00000000000001c7       0x43 build/syscall.o
                                         0xdf (size before relaxing)
 .debug_str     0x000000000000020a      0x10b build/hw.o
                                        0x229 (size before relaxing)
 .debug_str     0x0000000000000315       0xcb build/uart.o
                                        0x1dd (size before relaxing)
 .debug_str     0x00000000000003e0       0x36 build/pwm.o
                                        0x14a (size before relaxing)
 .debug_str     0x0000000000000416       0x26 build/util.o
                                         0xb4 (size before relaxing)
 .debug_str     0x000000000000043c       0x4a build/kmain.o
                                         0xd3 (size before relaxing)

.comment        0x0000000000000000       0x20
 .comment       0x0000000000000000       0x20 build/kheap.o
                                         0x21 (size before relaxing)
 .comment       0x0000000000000020       0x21 build/syscall.o
 .comment       0x0000000000000020       0x21 build/hw.o
 .comment       0x0000000000000020       0x21 build/uart.o
 .comment       0x0000000000000020       0x21 build/pwm.o
 .comment       0x0000000000000020       0x21 build/util.o
 .comment       0x0000000000000020       0x21 build/kmain.o

.ARM.attributes
                0x0000000000000000       0x36
 .ARM.attributes
                0x0000000000000000       0x38 build/kheap.o
 .ARM.attributes
                0x0000000000000038       0x38 build/syscall.o
 .ARM.attributes
                0x0000000000000070       0x26 build/init.o
 .ARM.attributes
                0x0000000000000096       0x38 build/hw.o
 .ARM.attributes
                0x00000000000000ce       0x38 build/uart.o
 .ARM.attributes
                0x0000000000000106       0x38 build/pwm.o
 .ARM.attributes
                0x000000000000013e       0x26 build/asm_tools.o
 .ARM.attributes
                0x0000000000000164       0x38 build/util.o
 .ARM.attributes
                0x000000000000019c       0x38 build/kmain.o

.debug_frame    0x0000000000000000      0x3c4
 .debug_frame   0x0000000000000000       0x84 build/kheap.o
 .debug_frame   0x0000000000000084       0x78 build/syscall.o
 .debug_frame   0x00000000000000fc      0x14c build/hw.o
 .debug_frame   0x0000000000000248       0xa0 build/uart.o
 .debug_frame   0x00000000000002e8       0x54 build/pwm.o
 .debug_frame   0x000000000000033c       0x24 build/util.o
 .debug_frame   0x0000000000000360       0x64 build/kmain.o
