
Allocating common symbols
Common symbol       size              file

kernel_heap_limit   0x4               build/kheap.o
kernel_heap_top     0x4               build/kheap.o
uart_error          0x4               build/uart.o

Memory Configuration

Name             Origin             Length             Attributes
RAM              0x0000000000008000 0x000000001fff8000
PERIPHERALS      0x0000000020000000 0x0000000000ffffff
*default*        0x0000000000000000 0xffffffffffffffff

Linker script and memory map

LOAD build/asm_tools.o
LOAD build/hw.o
LOAD build/init.o
LOAD build/kheap.o
LOAD build/pwm.o
LOAD build/syscall.o
LOAD build/uart.o
LOAD build/util.o
LOAD build/kmain.o
                0x0000000000000200                KERNEL_STACK_SIZE = 0x200
                0x0000000000000200                SYS_STACK_SIZE = 0x200
                0x0000000000000200                IRQ_STACK_SIZE = 0x200
                0x0000000000100000                USER_STACKS_SIZE = 0x100000

.text           0x0000000000008000     0x10e4
 build/init.o(.text*)
 .text          0x0000000000008000       0xc4 build/init.o
                0x0000000000008000                _start
 *(.text*)
 .text          0x00000000000080c4       0x48 build/asm_tools.o
                0x00000000000080c4                Set32
                0x00000000000080cc                Get32
                0x00000000000080d4                delay
                0x00000000000080e8                memory_barrier
                0x0000000000008100                invalidate_cache
 .text          0x000000000000810c      0x3a4 build/hw.o
                0x000000000000810c                divide
                0x0000000000008174                get_date_ms
                0x0000000000008198                set_date_ms
                0x0000000000008230                set_next_tick
                0x0000000000008288                set_next_tick_default
                0x00000000000082d4                timer_init
                0x0000000000008300                led_on
                0x000000000000833c                led_off
                0x0000000000008378                led_switch
                0x00000000000083a4                led_status
                0x00000000000083b8                led_init
                0x00000000000083ec                led_blink
                0x0000000000008480                hw_init
                0x0000000000008490                terminate_kernel
 .text          0x00000000000084b0      0x360 build/kheap.o
                0x00000000000084b0                aligned_value
                0x00000000000084fc                kAlloc_aligned
                0x00000000000086b0                kAlloc
                0x000000000000879c                kFree
                0x00000000000087e4                kheap_init
 .text          0x0000000000008810      0x224 build/pwm.o
                0x00000000000089a8                audio_test
 .text          0x0000000000008a34       0x5c build/syscall.o
                0x0000000000008a34                sys_reboot
                0x0000000000008a48                swi_handler
                0x0000000000008a84                do_sys_reboot
 .text          0x0000000000008a90      0x634 build/uart.o
                0x0000000000008a90                uart_init
                0x0000000000008bac                uart_send_str
                0x0000000000008c40                uart_send_int
                0x0000000000008e10                uart_receive_str
                0x0000000000008ee8                uart_receive_int
                0x0000000000009090                uart_is_receive_fifo_empty
 .text          0x00000000000090c4       0x10 build/util.o
                0x00000000000090c4                kernel_panic
 .text          0x00000000000090d4       0x10 build/kmain.o
                0x00000000000090d4                kmain
                0x00000000000090e4                __bss_start = .

.glue_7         0x00000000000090e4        0x0
 .glue_7        0x0000000000000000        0x0 linker stubs

.glue_7t        0x00000000000090e4        0x0
 .glue_7t       0x0000000000000000        0x0 linker stubs

.vfp11_veneer   0x00000000000090e4        0x0
 .vfp11_veneer  0x0000000000000000        0x0 linker stubs

.v4_bx          0x00000000000090e4        0x0
 .v4_bx         0x0000000000000000        0x0 linker stubs

.iplt           0x00000000000090e4        0x0
 .iplt          0x0000000000000000        0x0 build/asm_tools.o

.bss            0x00000000000090e4       0x14
 *(.bss*)
 .bss           0x00000000000090e4        0x0 build/asm_tools.o
 .bss           0x00000000000090e4        0x4 build/hw.o
 .bss           0x00000000000090e8        0x0 build/init.o
 .bss           0x00000000000090e8        0x4 build/kheap.o
                0x00000000000090e8                freelist
 .bss           0x00000000000090ec        0x0 build/pwm.o
 .bss           0x00000000000090ec        0x0 build/syscall.o
 .bss           0x00000000000090ec        0x0 build/uart.o
 .bss           0x00000000000090ec        0x0 build/util.o
 .bss           0x00000000000090ec        0x0 build/kmain.o
 COMMON         0x00000000000090ec        0x8 build/kheap.o
                0x00000000000090ec                kernel_heap_limit
                0x00000000000090f0                kernel_heap_top
 COMMON         0x00000000000090f4        0x4 build/uart.o
                0x00000000000090f4                uart_error
                0x00000000000090f8                __bss_end__ = .
                0x00000000000090f8                __rodata_start__ = .

.rodata         0x00000000000090f8       0x50
 *(.rodata*)
 .rodata        0x00000000000090f8       0x15 build/hw.o
 *fill*         0x000000000000910d        0x3 
 .rodata        0x0000000000009110        0xe build/syscall.o
 *fill*         0x000000000000911e        0x2 
 .rodata        0x0000000000009120       0x28 build/uart.o
                0x0000000000009148                __rodata_end__ = .
                0x0000000000009148                __data_start__ = .

.rel.dyn        0x0000000000009148        0x0
 .rel.iplt      0x0000000000000000        0x0 build/asm_tools.o

.data           0x0000000000009148        0xc
 *(.data)
 .data          0x0000000000009148        0x0 build/asm_tools.o
 .data          0x0000000000009148        0x0 build/hw.o
 .data          0x0000000000009148        0x0 build/init.o
 .data          0x0000000000009148        0x0 build/kheap.o
 .data          0x0000000000009148        0xc build/pwm.o
 .data          0x0000000000009154        0x0 build/syscall.o
 .data          0x0000000000009154        0x0 build/uart.o
 .data          0x0000000000009154        0x0 build/util.o
 .data          0x0000000000009154        0x0 build/kmain.o
                0x0000000000009154                __data_end__ = .

.igot.plt       0x0000000000009154        0x0
 .igot.plt      0x0000000000000000        0x0 build/asm_tools.o

.stack          0x0000000000009154      0x600
                0x0000000000009154                __stack_start__ = .
                0x0000000000009354                . = (. + KERNEL_STACK_SIZE)
 *fill*         0x0000000000009154      0x200 
                0x0000000000009354                . = ALIGN (0x4)
                0x0000000000009354                __svc_stack_end__ = .
                0x0000000000009554                . = (. + SYS_STACK_SIZE)
 *fill*         0x0000000000009354      0x200 
                0x0000000000009554                . = ALIGN (0x4)
                0x0000000000009554                __sys_stack_end__ = .
                0x0000000000009754                . = (. + IRQ_STACK_SIZE)
 *fill*         0x0000000000009554      0x200 
                0x0000000000009754                . = ALIGN (0x4)
                0x0000000000009754                __irq_stack_end__ = .
                0x0000000000009754                __stacks_end__ = .
                0x000000000000a000                . = ALIGN (0x1000)
                0x000000000000a000                __kernel_heap_start__ = .
                0x0000000000ffffff                . = 0xffffff
                0x0000000000ffffff                __kernel_heap_end__ = .
                0x0000000001000000                . = ALIGN (0x1000)
                0x0000000001000000                __after_kernel_heap__ = .
                0x0000000020000000                . = 0x20000000

.devices        0x0000000020000000   0xffffff
                0x0000000020000000                __devices_start__ = .
                0x0000000020ffffff                . = (. + 0xffffff)
 *fill*         0x0000000020000000   0xffffff 
                0x0000000020ffffff                __devices_end__ = .
OUTPUT(build/kernel.elf elf32-littlearm)

.ARM.attributes
                0x0000000000000000       0x34
 .ARM.attributes
                0x0000000000000000       0x26 build/asm_tools.o
 .ARM.attributes
                0x0000000000000026       0x38 build/hw.o
 .ARM.attributes
                0x000000000000005e       0x26 build/init.o
 .ARM.attributes
                0x0000000000000084       0x38 build/kheap.o
 .ARM.attributes
                0x00000000000000bc       0x38 build/pwm.o
 .ARM.attributes
                0x00000000000000f4       0x38 build/syscall.o
 .ARM.attributes
                0x000000000000012c       0x38 build/uart.o
 .ARM.attributes
                0x0000000000000164       0x38 build/util.o
 .ARM.attributes
                0x000000000000019c       0x38 build/kmain.o

.comment        0x0000000000000000       0x70
 .comment       0x0000000000000000       0x70 build/hw.o
                                         0x71 (size before relaxing)
 .comment       0x0000000000000000       0x71 build/kheap.o
 .comment       0x0000000000000000       0x71 build/pwm.o
 .comment       0x0000000000000000       0x71 build/syscall.o
 .comment       0x0000000000000000       0x71 build/uart.o
 .comment       0x0000000000000000       0x71 build/util.o
 .comment       0x0000000000000000       0x71 build/kmain.o

.debug_line     0x0000000000000000      0x4e3
 .debug_line    0x0000000000000000       0x4e build/asm_tools.o
 .debug_line    0x000000000000004e       0xe0 build/hw.o
 .debug_line    0x000000000000012e       0x67 build/init.o
 .debug_line    0x0000000000000195       0xec build/kheap.o
 .debug_line    0x0000000000000281       0x7a build/pwm.o
 .debug_line    0x00000000000002fb       0x4a build/syscall.o
 .debug_line    0x0000000000000345       0xf1 build/uart.o
 .debug_line    0x0000000000000436       0x3d build/util.o
 .debug_line    0x0000000000000473       0x70 build/kmain.o

.debug_info     0x0000000000000000      0xa95
 .debug_info    0x0000000000000000       0x64 build/asm_tools.o
 .debug_info    0x0000000000000064      0x29a build/hw.o
 .debug_info    0x00000000000002fe       0x5f build/init.o
 .debug_info    0x000000000000035d      0x28b build/kheap.o
 .debug_info    0x00000000000005e8      0x13a build/pwm.o
 .debug_info    0x0000000000000722       0x73 build/syscall.o
 .debug_info    0x0000000000000795      0x261 build/uart.o
 .debug_info    0x00000000000009f6       0x6c build/util.o
 .debug_info    0x0000000000000a62       0x33 build/kmain.o

.debug_abbrev   0x0000000000000000      0x536
 .debug_abbrev  0x0000000000000000       0x14 build/asm_tools.o
 .debug_abbrev  0x0000000000000014      0x146 build/hw.o
 .debug_abbrev  0x000000000000015a       0x14 build/init.o
 .debug_abbrev  0x000000000000016e      0x12d build/kheap.o
 .debug_abbrev  0x000000000000029b       0xaf build/pwm.o
 .debug_abbrev  0x000000000000034a       0x5c build/syscall.o
 .debug_abbrev  0x00000000000003a6      0x10a build/uart.o
 .debug_abbrev  0x00000000000004b0       0x5c build/util.o
 .debug_abbrev  0x000000000000050c       0x2a build/kmain.o

.debug_aranges  0x0000000000000000      0x120
 .debug_aranges
                0x0000000000000000       0x20 build/asm_tools.o
 .debug_aranges
                0x0000000000000020       0x20 build/hw.o
 .debug_aranges
                0x0000000000000040       0x20 build/init.o
 .debug_aranges
                0x0000000000000060       0x20 build/kheap.o
 .debug_aranges
                0x0000000000000080       0x20 build/pwm.o
 .debug_aranges
                0x00000000000000a0       0x20 build/syscall.o
 .debug_aranges
                0x00000000000000c0       0x20 build/uart.o
 .debug_aranges
                0x00000000000000e0       0x20 build/util.o
 .debug_aranges
                0x0000000000000100       0x20 build/kmain.o

.debug_str      0x0000000000000000      0x4aa
 .debug_str     0x0000000000000000      0x220 build/hw.o
                                        0x25c (size before relaxing)
 .debug_str     0x0000000000000220       0xe5 build/kheap.o
                                        0x235 (size before relaxing)
 .debug_str     0x0000000000000305       0x36 build/pwm.o
                                        0x17d (size before relaxing)
 .debug_str     0x000000000000033b       0x38 build/syscall.o
                                         0xff (size before relaxing)
 .debug_str     0x0000000000000373       0xcb build/uart.o
                                        0x210 (size before relaxing)
 .debug_str     0x000000000000043e       0x26 build/util.o
                                         0xe7 (size before relaxing)
 .debug_str     0x0000000000000464       0x46 build/kmain.o
                                         0xd6 (size before relaxing)

.debug_frame    0x0000000000000000      0x3bc
 .debug_frame   0x0000000000000000      0x170 build/hw.o
 .debug_frame   0x0000000000000170       0x9c build/kheap.o
 .debug_frame   0x000000000000020c       0x60 build/pwm.o
 .debug_frame   0x000000000000026c       0x54 build/syscall.o
 .debug_frame   0x00000000000002c0       0xb0 build/uart.o
 .debug_frame   0x0000000000000370       0x24 build/util.o
 .debug_frame   0x0000000000000394       0x28 build/kmain.o
