Archive member included because of file (symbol)

./libcsud.a(device.keyboard.c.o)
                              build/keyboard.o (KeyboardGetAddress)
./libcsud.a(platform.c.o)     ./libcsud.a(device.keyboard.c.o) (MemoryAllocate)
./libcsud.a(usbd.c.o)         build/kmain.o (UsbInitialise)
./libcsud.a(device.hid.c.o)   ./libcsud.a(device.keyboard.c.o) (HidReadDevice)
./libcsud.a(device.hub.c.o)   ./libcsud.a(usbd.c.o) (HubPortReset)
./libcsud.a(hcd.designware20.c.o)
                              ./libcsud.a(usbd.c.o) (HcdSumbitControlMessage)
./libcsud.a(hcd.designware20.roothub.c.o)
                              ./libcsud.a(hcd.designware20.c.o) (HcdProcessRootHubMessage)
./libcsud.a(platform.armv6.c.o)
                              ./libcsud.a(hcd.designware20.c.o) (__aeabi_uidiv)
./libcsud.a(platform.broadcom2835.c.o)
                              ./libcsud.a(usbd.c.o) (MicroDelay)

Allocating common symbols
Common symbol       size              file

lr_irq              0x4               build/sched.o
CorePhysical        0x4               ./libcsud.a(hcd.designware20.c.o)
call                0x4               build/syscall.o
commandLine         0x100             build/kmain.o
kernel_heap_limit   0x4               build/kheap.o
command             0x100             build/kmain.o
DeviceNumbers       0x4               ./libcsud.a(usbd.c.o)
kmain_process       0x58              build/sched.o
HostPhysical        0x4               ./libcsud.a(hcd.designware20.c.o)
stackPointer2       0x4               build/sched.o
history             0x100             build/kmain.o
kernel_heap_top     0x4               build/kheap.o
parameters          0x100             build/kmain.o
keyboards           0x10              ./libcsud.a(device.keyboard.c.o)
PowerPhysical       0x4               ./libcsud.a(hcd.designware20.c.o)
current_process     0x4               build/sched.o
Heap                0x4000            ./libcsud.a(platform.c.o)
Allocations         0xc00             ./libcsud.a(platform.c.o)
stackPointer        0x4               build/syscall.o
uart_error          0x4               build/uart.o

Memory Configuration

Name             Origin             Length             Attributes
RAM              0x0000000000008000 0x000000001fff8000
PERIPHERALS      0x0000000020000000 0x0000000000ffffff
*default*        0x0000000000000000 0xffffffffffffffff

Linker script and memory map

LOAD build/asm_tools.o
LOAD build/fb.o
LOAD build/hw.o
LOAD build/init.o
LOAD build/keyboard.o
LOAD build/kheap.o
LOAD build/pwm.o
LOAD build/sched.o
LOAD build/syscall.o
LOAD build/uart.o
LOAD build/util.o
LOAD build/kmain.o
LOAD tune1.o
LOAD tune2.o
LOAD tune3.o
                0x0000000000000200                KERNEL_STACK_SIZE = 0x200
                0x0000000000000200                SYS_STACK_SIZE = 0x200
                0x0000000000000200                IRQ_STACK_SIZE = 0x200
                0x0000000000100000                USER_STACKS_SIZE = 0x100000

.text           0x0000000000008000     0xa094
 build/init.o(.text*)
 .text          0x0000000000008000       0xc4 build/init.o
                0x0000000000008000                _start
 *(.text*)
 .text          0x00000000000080c4       0x48 build/asm_tools.o
                0x00000000000080c4                Set32
                0x00000000000080cc                Get32
                0x00000000000080d4                delay
                0x00000000000080e8                memory_barrier
                0x0000000000008100                invalidate_cache
 .text          0x000000000000810c      0xe98 build/fb.o
                0x0000000000008160                MailboxWrite
                0x00000000000081d8                MailboxRead
                0x0000000000008278                FramebufferInitialize
                0x0000000000008794                put_pixel_RGB24
                0x0000000000008830                draw
                0x0000000000008950                drawRed
                0x00000000000089ec                drawBlue
                0x0000000000008a88                render
                0x0000000000008b90                newLine
                0x0000000000008bbc                drawChar
                0x0000000000008bf4                drawString
                0x0000000000008c50                drawStringWithoutNewLine
                0x0000000000008ca8                drawVerticalLine
                0x0000000000008d18                drawHorizontalLine
                0x0000000000008d98                prompt
                0x0000000000008db0                drawHelloConsole
                0x0000000000008dfc                clear
                0x0000000000008e98                setColor
                0x0000000000008eec                drawError
                0x0000000000008f88                increaseOffsetY
 .text          0x0000000000008fa4      0x3a4 build/hw.o
                0x0000000000008fa4                divide
                0x000000000000900c                get_date_ms
                0x0000000000009030                set_date_ms
                0x00000000000090c8                set_next_tick
                0x0000000000009120                set_next_tick_default
                0x000000000000916c                timer_init
                0x0000000000009198                led_on
                0x00000000000091d4                led_off
                0x0000000000009210                led_switch
                0x000000000000923c                led_status
                0x0000000000009250                led_init
                0x0000000000009284                led_blink
                0x0000000000009318                hw_init
                0x0000000000009328                terminate_kernel
 .text          0x0000000000009348      0x144 build/keyboard.o
                0x0000000000009348                KeyboardUpdate
                0x00000000000093cc                KeyWasDown
                0x00000000000093fc                KeyboardGetChar
 .text          0x000000000000948c      0x360 build/kheap.o
                0x000000000000948c                aligned_value
                0x00000000000094d8                kAlloc_aligned
                0x000000000000968c                kAlloc
                0x0000000000009778                kFree
                0x00000000000097c0                kheap_init
 .text          0x00000000000097ec      0x2e0 build/pwm.o
                0x0000000000009994                audio_test
 .text          0x0000000000009acc      0x690 build/sched.o
                0x0000000000009acc                irq_handler
                0x0000000000009b58                sys_exit
                0x0000000000009b84                do_sys_exit
                0x0000000000009c2c                sys_yield
                0x0000000000009c4c                do_sys_yield
                0x0000000000009db0                sched_init
                0x0000000000009de8                create_process
                0x0000000000009e98                elect
                0x0000000000009eb4                pouetpouet
                0x0000000000009eb8                sys_yieldto
                0x0000000000009ee8                do_sys_yieldto
 .text          0x000000000000a15c      0x298 build/syscall.o
                0x000000000000a15c                swi_handler
                0x000000000000a23c                sys_settime
                0x000000000000a274                sys_gettime
                0x000000000000a2e4                sys_reboot
                0x000000000000a304                pouet
                0x000000000000a308                sys_nop
                0x000000000000a334                do_sys_reboot
                0x000000000000a340                do_sys_nop
                0x000000000000a348                do_sys_settime
                0x000000000000a3c4                do_sys_gettime
 .text          0x000000000000a3f4      0x658 build/uart.o
                0x000000000000a3f4                uart_init
                0x000000000000a510                uart_send_str
                0x000000000000a5a4                uart_send_int
                0x000000000000a794                uart_receive_str
                0x000000000000a870                uart_receive_int
                0x000000000000aa18                uart_is_receive_fifo_empty
 .text          0x000000000000aa4c       0x10 build/util.o
                0x000000000000aa4c                kernel_panic
 .text          0x000000000000aa5c      0x7b4 build/kmain.o
                0x000000000000aa5c                drawSnoop
                0x000000000000abdc                printSnoop
                0x000000000000ac8c                strcmp
                0x000000000000ad00                testAffichage
                0x000000000000ad6c                commandProcess
                0x000000000000afa0                applyMethod
                0x000000000000afd0                keyboardLoop
                0x000000000000b17c                printHeader
                0x000000000000b1a0                dummy
                0x000000000000b1bc                kmain
 .text          0x000000000000b210     0x1000 ./libcsud.a(device.keyboard.c.o)
                0x000000000000b210                KeyboardDetached
                0x000000000000b28c                KeyboardDeallocate
                0x000000000000b304                KeyboardIndex
                0x000000000000b35c                KeyboardGetAddress
                0x000000000000b3a4                KeyboardScan
                0x000000000000ba70                KeyboardCount
                0x000000000000ba80                KeyboardSetLeds
                0x000000000000bc9c                KeyboardGetLedSupport
                0x000000000000bce8                KeyboardPoll
                0x000000000000c02c                KeyboardGetModifiers
                0x000000000000c078                KeyboardGetKeyDownCount
                0x000000000000c0dc                KeyboadGetKeyIsDown
                0x000000000000c194                KeyboardGetKeyDown
 .text          0x000000000000c210      0x5c0 ./libcsud.a(platform.c.o)
                0x000000000000c210                MemoryReserve
                0x000000000000c218                MemoryAllocate
                0x000000000000c668                MemoryDeallocate
                0x000000000000c780                MemoryCopy
 .text          0x000000000000c7d0     0x10e8 ./libcsud.a(usbd.c.o)
                0x000000000000c7d0                UsbGetRootHub
                0x000000000000c7e0                UsbPrintDeviceTree
                0x000000000000c8ac                UsbControlMessage
                0x000000000000c9a4                UsbGetDescriptor
                0x000000000000ca90                UsbGetString
                0x000000000000cafc                UsbReadStringLang
                0x000000000000cb80                UsbReadString
                0x000000000000cc80                UsbReadDeviceDescriptor
                0x000000000000cdc0                UsbSetAddress
                0x000000000000cea0                UsbSetConfiguration
                0x000000000000cf74                UsbConfigure
                0x000000000000d144                UsbGetDescription
                0x000000000000d3f4                UsbScanDevice
                0x000000000000d61c                UsbAllocateDevice
                0x000000000000d6d8                UsbDeallocateDevice
                0x000000000000d7f0                UsbScanRootHub
                0x000000000000d840                UsbInitialise
                0x000000000000d89c                UsbCheckForChange
 .text          0x000000000000d8b8     0x1b24 ./libcsud.a(device.hid.c.o)
                0x000000000000d8b8                HidEnumerateActionCountField
                0x000000000000d9e0                HidDetached
                0x000000000000da1c                HidEnumerateActionAddField
                0x000000000000e224                HidDeallocate
                0x000000000000e378                HidEnumerateActionCountReport
                0x000000000000e430                HidGetReport
                0x000000000000e4ec                HidSetReport
                0x000000000000e59c                BitSet
                0x000000000000e6c8                BitGetUnsigned
                0x000000000000e7d0                BitGetSigned
                0x000000000000e7fc                HidReadDevice
                0x000000000000e9f8                HidWriteDevice
                0x000000000000eba4                HidSetProtocol
                0x000000000000ec54                HidEnumerateReport
                0x000000000000edac                HidParseReportDescriptor
                0x000000000000f0dc                HidScan
                0x000000000000f3cc                HidGetFieldValue
 .text          0x000000000000f3dc      0xd34 ./libcsud.a(device.hub.c.o)
                0x000000000000f3dc                HubDetached
                0x000000000000f47c                HubDeallocate
                0x000000000000f558                HubReadDescriptor
                0x000000000000f650                HubGetStatus
                0x000000000000f728                HubPortGetStatus
                0x000000000000f808                HubChangeFeature
                0x000000000000f8bc                HubChangePortFeature
                0x000000000000f978                HubPowerOn
                0x000000000000fa20                HubPortReset
                0x000000000000faf4                HubPortConnectionChanged
                0x000000000000fcfc                HubCheckConnection
                0x000000000000fe30                HubRecursiveCheck
                0x000000000000fef8                HubScan
 .text          0x0000000000010110     0x160c ./libcsud.a(hcd.designware20.c.o)
                0x0000000000010110                WriteThroughRegMask
                0x00000000000101a4                WriteThroughReg
                0x00000000000101ac                ReadBackReg
                0x0000000000010250                ClearReg
                0x00000000000102b8                SetReg
                0x0000000000010354                HcdReset
                0x0000000000010404                HcdTransmitFifoFlush
                0x0000000000010498                HcdReceiveFifoFlush
                0x0000000000010510                HcdPrepareChannel
                0x0000000000010828                HcdTransmitChannel
                0x00000000000108d4                HcdChannelInterruptToError
                0x00000000000109b0                HcdChannelSendWaitOne
                0x0000000000010c6c                HcdChannelSendWait
                0x0000000000010d84                HcdSumbitControlMessage
                0x0000000000010fcc                HcdInitialise
                0x0000000000011160                HcdStart
                0x00000000000116bc                HcdStop
                0x00000000000116e0                HcdDeinitialise
 .text          0x000000000001171c      0x6f0 ./libcsud.a(hcd.designware20.roothub.c.o)
                0x000000000001171c                HcdProcessRootHubMessage
 .text          0x0000000000011e0c      0x16c ./libcsud.a(platform.armv6.c.o)
                0x0000000000011e0c                __aeabi_uidivmod
                0x0000000000011f40                __aeabi_uidiv
 .text          0x0000000000011f78      0x11c ./libcsud.a(platform.broadcom2835.c.o)
                0x0000000000011f78                MicroDelay
                0x0000000000011fe8                PowerOnUsb
                0x0000000000012094                __bss_start = .

.glue_7         0x0000000000012094        0x0
 .glue_7        0x0000000000000000        0x0 linker stubs

.glue_7t        0x0000000000012094        0x0
 .glue_7t       0x0000000000000000        0x0 linker stubs

.vfp11_veneer   0x0000000000012094        0x0
 .vfp11_veneer  0x0000000000000000        0x0 linker stubs

.v4_bx          0x0000000000012094        0x0
 .v4_bx         0x0000000000000000        0x0 linker stubs

.iplt           0x0000000000012094        0x0
 .iplt          0x0000000000000000        0x0 build/asm_tools.o

.bss            0x0000000000012098     0x5108
 *(.bss*)
 .bss           0x0000000000012098        0x0 build/asm_tools.o
 .bss           0x0000000000012098       0x20 build/fb.o
                0x0000000000012098                offsetX
                0x000000000001209c                offsetY
 .bss           0x00000000000120b8        0x4 build/hw.o
 .bss           0x00000000000120bc        0x0 build/init.o
 .bss           0x00000000000120bc        0x0 build/keyboard.o
 .bss           0x00000000000120bc        0x4 build/kheap.o
                0x00000000000120bc                freelist
 .bss           0x00000000000120c0        0x0 build/pwm.o
 .bss           0x00000000000120c0        0x0 build/sched.o
 .bss           0x00000000000120c0        0x0 build/syscall.o
 .bss           0x00000000000120c0        0x0 build/uart.o
 .bss           0x00000000000120c0        0x0 build/util.o
 .bss           0x00000000000120c0       0x10 build/kmain.o
                0x00000000000120c0                commandLineSize
                0x00000000000120c4                commandSize
                0x00000000000120c8                parametersSize
                0x00000000000120cc                historySize
 .bss           0x00000000000120d0       0x14 ./libcsud.a(device.keyboard.c.o)
                0x00000000000120d0                keyboardAddresses
                0x00000000000120e0                keyboardCount
 .bss           0x00000000000120e4        0x8 ./libcsud.a(platform.c.o)
                0x00000000000120e4                FirstFreeAllocation
                0x00000000000120e8                allocated
 .bss           0x00000000000120ec        0x4 ./libcsud.a(usbd.c.o)
                0x00000000000120ec                RootHub
 .bss           0x00000000000120f0        0x0 ./libcsud.a(device.hid.c.o)
 .bss           0x00000000000120f0        0x0 ./libcsud.a(device.hub.c.o)
 .bss           0x00000000000120f0       0x14 ./libcsud.a(hcd.designware20.c.o)
                0x00000000000120f0                Core
                0x00000000000120f4                Host
                0x00000000000120f8                Power
                0x00000000000120fc                databuffer
                0x0000000000012100                PhyInitialised
 .bss           0x0000000000012104        0x4 ./libcsud.a(hcd.designware20.roothub.c.o)
                0x0000000000012104                RootHubDeviceNumber
 .bss           0x0000000000012108        0x0 ./libcsud.a(platform.armv6.c.o)
 .bss           0x0000000000012108        0x0 ./libcsud.a(platform.broadcom2835.c.o)
 COMMON         0x0000000000012108        0x8 build/kheap.o
                0x0000000000012108                kernel_heap_limit
                0x000000000001210c                kernel_heap_top
 COMMON         0x0000000000012110       0x64 build/sched.o
                0x0000000000012110                lr_irq
                0x0000000000012114                kmain_process
                0x000000000001216c                stackPointer2
                0x0000000000012170                current_process
 COMMON         0x0000000000012174        0x8 build/syscall.o
                0x0000000000012174                call
                0x0000000000012178                stackPointer
 COMMON         0x000000000001217c        0x4 build/uart.o
                0x000000000001217c                uart_error
 COMMON         0x0000000000012180      0x400 build/kmain.o
                0x0000000000012180                commandLine
                0x0000000000012280                command
                0x0000000000012380                history
                0x0000000000012480                parameters
 COMMON         0x0000000000012580       0x10 ./libcsud.a(device.keyboard.c.o)
                0x0000000000012580                keyboards
 COMMON         0x0000000000012590     0x4c00 ./libcsud.a(platform.c.o)
                0x0000000000012590                Heap
                0x0000000000016590                Allocations
 COMMON         0x0000000000017190        0x4 ./libcsud.a(usbd.c.o)
                0x0000000000017190                DeviceNumbers
 COMMON         0x0000000000017194        0xc ./libcsud.a(hcd.designware20.c.o)
                0x0000000000017194                CorePhysical
                0x0000000000017198                HostPhysical
                0x000000000001719c                PowerPhysical
                0x00000000000171a0                __bss_end__ = .
                0x00000000000171a0                __rodata_start__ = .

.rodata         0x00000000000171a0     0x1314
 *(.rodata*)
 .rodata        0x00000000000171a0       0x34 build/fb.o
 .rodata        0x00000000000171d4       0x18 build/hw.o
 .rodata        0x00000000000171ec       0x10 build/syscall.o
 .rodata        0x00000000000171fc       0x28 build/uart.o
 .rodata        0x0000000000017224     0x1038 build/kmain.o
 .rodata        0x000000000001825c      0x248 ./libcsud.a(usbd.c.o)
 .rodata.str1.4
                0x00000000000184a4       0x10 ./libcsud.a(usbd.c.o)
                0x00000000000184b4                __rodata_end__ = .
                0x00000000000184b4                __data_start__ = .

.rel.dyn        0x00000000000184b4        0x0
 .rel.iplt      0x0000000000000000        0x0 build/asm_tools.o

.data           0x00000000000184b8    0xb13f8
 *(.data)
 .data          0x00000000000184b8        0x0 build/asm_tools.o
 .data          0x00000000000184b8      0x404 build/fb.o
                0x00000000000184b8                font8x8_basic
                0x00000000000188b8                redC
                0x00000000000188b9                greenC
                0x00000000000188ba                blueC
 .data          0x00000000000188bc        0x0 build/hw.o
 .data          0x00000000000188bc        0x0 build/init.o
 *fill*         0x00000000000188bc        0x4 
 .data          0x00000000000188c0       0xe0 build/keyboard.o
 .data          0x00000000000189a0        0x0 build/kheap.o
 .data          0x00000000000189a0        0xc build/pwm.o
 .data          0x00000000000189ac        0x0 build/sched.o
 .data          0x00000000000189ac        0x0 build/syscall.o
 .data          0x00000000000189ac        0x0 build/uart.o
 .data          0x00000000000189ac        0x0 build/util.o
 .data          0x00000000000189ac    0x56ad0 build/kmain.o
                0x00000000000189ac                snoopLine
                0x00000000000189b0                snoopSize
                0x00000000000189b4                snoopWidth
                0x00000000000189b8                snoopIMG
                0x00000000000189bc                snoopArray
 .data          0x000000000006f47c     0x9ee5 tune1.o
                0x000000000006f47c                _binary_tune1_wav_start
                0x0000000000079361                _binary_tune1_wav_end
 .data          0x0000000000079361    0x3cef4 tune2.o
                0x0000000000079361                _binary_tune2_wav_start
                0x00000000000b6255                _binary_tune2_wav_end
 .data          0x00000000000b6255    0x135f2 tune3.o
                0x00000000000b6255                _binary_tune3_wav_start
                0x00000000000c9847                _binary_tune3_wav_end
 .data          0x00000000000c9847        0x0 ./libcsud.a(device.keyboard.c.o)
 *fill*         0x00000000000c9847        0x1 
 .data          0x00000000000c9848        0x4 ./libcsud.a(platform.c.o)
                0x00000000000c9848                FirstAllocation
 .data          0x00000000000c984c        0x0 ./libcsud.a(usbd.c.o)
 .data          0x00000000000c984c        0x0 ./libcsud.a(device.hid.c.o)
 .data          0x00000000000c984c        0x0 ./libcsud.a(device.hub.c.o)
 .data          0x00000000000c984c        0x0 ./libcsud.a(hcd.designware20.c.o)
 .data          0x00000000000c984c       0x64 ./libcsud.a(hcd.designware20.roothub.c.o)
                0x00000000000c984c                DeviceDescriptor
                0x00000000000c9860                ConfigurationDescriptor
                0x00000000000c987c                String0
                0x00000000000c9880                String1
                0x00000000000c98a4                HubDescriptor
 .data          0x00000000000c98b0        0x0 ./libcsud.a(platform.armv6.c.o)
 .data          0x00000000000c98b0        0x0 ./libcsud.a(platform.broadcom2835.c.o)
                0x00000000000c98b0                __data_end__ = .

.igot.plt       0x00000000000c98b0        0x0
 .igot.plt      0x0000000000000000        0x0 build/asm_tools.o

.stack          0x00000000000c98b0      0x600
                0x00000000000c98b0                __stack_start__ = .
                0x00000000000c9ab0                . = (. + KERNEL_STACK_SIZE)
 *fill*         0x00000000000c98b0      0x200 
                0x00000000000c9ab0                . = ALIGN (0x4)
                0x00000000000c9ab0                __svc_stack_end__ = .
                0x00000000000c9cb0                . = (. + SYS_STACK_SIZE)
 *fill*         0x00000000000c9ab0      0x200 
                0x00000000000c9cb0                . = ALIGN (0x4)
                0x00000000000c9cb0                __sys_stack_end__ = .
                0x00000000000c9eb0                . = (. + IRQ_STACK_SIZE)
 *fill*         0x00000000000c9cb0      0x200 
                0x00000000000c9eb0                . = ALIGN (0x4)
                0x00000000000c9eb0                __irq_stack_end__ = .
                0x00000000000c9eb0                __stacks_end__ = .
                0x00000000000ca000                . = ALIGN (0x1000)
                0x00000000000ca000                __kernel_heap_start__ = .
                0x0000000000ffffff                . = 0xffffff
                0x0000000000ffffff                __kernel_heap_end__ = .
                0x0000000001000000                . = ALIGN (0x1000)
                0x0000000001000000                __after_kernel_heap__ = .
                0x0000000020000000                . = 0x20000000

.devices        0x0000000020000000   0xffffff
                0x0000000020000000                __devices_start__ = .
                0x0000000020ffffff                . = (. + 0xffffff)
 *fill*         0x0000000020000000   0xffffff 
                0x0000000020ffffff                __devices_end__ = .
LOAD ./libcsud.a
OUTPUT(build/kernel.elf elf32-littlearm)

.ARM.attributes
                0x0000000000000000       0x36
 .ARM.attributes
                0x0000000000000000       0x26 build/asm_tools.o
 .ARM.attributes
                0x0000000000000026       0x38 build/fb.o
 .ARM.attributes
                0x000000000000005e       0x38 build/hw.o
 .ARM.attributes
                0x0000000000000096       0x26 build/init.o
 .ARM.attributes
                0x00000000000000bc       0x26 build/keyboard.o
 .ARM.attributes
                0x00000000000000e2       0x38 build/kheap.o
 .ARM.attributes
                0x000000000000011a       0x38 build/pwm.o
 .ARM.attributes
                0x0000000000000152       0x38 build/sched.o
 .ARM.attributes
                0x000000000000018a       0x38 build/syscall.o
 .ARM.attributes
                0x00000000000001c2       0x38 build/uart.o
 .ARM.attributes
                0x00000000000001fa       0x38 build/util.o
 .ARM.attributes
                0x0000000000000232       0x38 build/kmain.o
 .ARM.attributes
                0x000000000000026a       0x32 ./libcsud.a(device.keyboard.c.o)
 .ARM.attributes
                0x000000000000029c       0x32 ./libcsud.a(platform.c.o)
 .ARM.attributes
                0x00000000000002ce       0x32 ./libcsud.a(usbd.c.o)
 .ARM.attributes
                0x0000000000000300       0x32 ./libcsud.a(device.hid.c.o)
 .ARM.attributes
                0x0000000000000332       0x32 ./libcsud.a(device.hub.c.o)
 .ARM.attributes
                0x0000000000000364       0x32 ./libcsud.a(hcd.designware20.c.o)
 .ARM.attributes
                0x0000000000000396       0x32 ./libcsud.a(hcd.designware20.roothub.c.o)
 .ARM.attributes
                0x00000000000003c8       0x32 ./libcsud.a(platform.armv6.c.o)
 .ARM.attributes
                0x00000000000003fa       0x32 ./libcsud.a(platform.broadcom2835.c.o)

.comment        0x0000000000000000       0x30
 .comment       0x0000000000000000       0x1f build/fb.o
                                         0x20 (size before relaxing)
 .comment       0x0000000000000000       0x20 build/hw.o
 .comment       0x0000000000000000       0x20 build/kheap.o
 .comment       0x0000000000000000       0x20 build/pwm.o
 .comment       0x0000000000000000       0x20 build/sched.o
 .comment       0x0000000000000000       0x20 build/syscall.o
 .comment       0x0000000000000000       0x20 build/uart.o
 .comment       0x0000000000000000       0x20 build/util.o
 .comment       0x0000000000000000       0x20 build/kmain.o
 .comment       0x000000000000001f       0x11 ./libcsud.a(device.keyboard.c.o)
                                         0x12 (size before relaxing)
 .comment       0x0000000000000000       0x12 ./libcsud.a(platform.c.o)
 .comment       0x0000000000000000       0x12 ./libcsud.a(usbd.c.o)
 .comment       0x0000000000000000       0x12 ./libcsud.a(device.hid.c.o)
 .comment       0x0000000000000000       0x12 ./libcsud.a(device.hub.c.o)
 .comment       0x0000000000000000       0x12 ./libcsud.a(hcd.designware20.c.o)
 .comment       0x0000000000000000       0x12 ./libcsud.a(hcd.designware20.roothub.c.o)
 .comment       0x0000000000000000       0x12 ./libcsud.a(platform.armv6.c.o)
 .comment       0x0000000000000000       0x12 ./libcsud.a(platform.broadcom2835.c.o)

.debug_line     0x0000000000000000      0xaff
 .debug_line    0x0000000000000000       0x4e build/asm_tools.o
 .debug_line    0x000000000000004e      0x25d build/fb.o
 .debug_line    0x00000000000002ab       0xe0 build/hw.o
 .debug_line    0x000000000000038b       0x67 build/init.o
 .debug_line    0x00000000000003f2       0x9b build/keyboard.o
 .debug_line    0x000000000000048d       0xf4 build/kheap.o
 .debug_line    0x0000000000000581       0x8a build/pwm.o
 .debug_line    0x000000000000060b      0x12b build/sched.o
 .debug_line    0x0000000000000736       0xc6 build/syscall.o
 .debug_line    0x00000000000007fc       0xf5 build/uart.o
 .debug_line    0x00000000000008f1       0x3d build/util.o
 .debug_line    0x000000000000092e      0x1d1 build/kmain.o

.debug_info     0x0000000000000000     0x1c2d
 .debug_info    0x0000000000000000       0x5b build/asm_tools.o
 .debug_info    0x000000000000005b      0x744 build/fb.o
 .debug_info    0x000000000000079f      0x29a build/hw.o
 .debug_info    0x0000000000000a39       0x56 build/init.o
 .debug_info    0x0000000000000a8f       0x5a build/keyboard.o
 .debug_info    0x0000000000000ae9      0x28b build/kheap.o
 .debug_info    0x0000000000000d74      0x1b3 build/pwm.o
 .debug_info    0x0000000000000f27      0x39e build/sched.o
 .debug_info    0x00000000000012c5      0x234 build/syscall.o
 .debug_info    0x00000000000014f9      0x261 build/uart.o
 .debug_info    0x000000000000175a       0x6c build/util.o
 .debug_info    0x00000000000017c6      0x467 build/kmain.o

.debug_abbrev   0x0000000000000000      0xac3
 .debug_abbrev  0x0000000000000000       0x14 build/asm_tools.o
 .debug_abbrev  0x0000000000000014      0x22d build/fb.o
 .debug_abbrev  0x0000000000000241      0x146 build/hw.o
 .debug_abbrev  0x0000000000000387       0x14 build/init.o
 .debug_abbrev  0x000000000000039b       0x14 build/keyboard.o
 .debug_abbrev  0x00000000000003af      0x12d build/kheap.o
 .debug_abbrev  0x00000000000004dc       0xd1 build/pwm.o
 .debug_abbrev  0x00000000000005ad      0x16b build/sched.o
 .debug_abbrev  0x0000000000000718      0x105 build/syscall.o
 .debug_abbrev  0x000000000000081d      0x10a build/uart.o
 .debug_abbrev  0x0000000000000927       0x5c build/util.o
 .debug_abbrev  0x0000000000000983      0x140 build/kmain.o

.debug_aranges  0x0000000000000000      0x180
 .debug_aranges
                0x0000000000000000       0x20 build/asm_tools.o
 .debug_aranges
                0x0000000000000020       0x20 build/fb.o
 .debug_aranges
                0x0000000000000040       0x20 build/hw.o
 .debug_aranges
                0x0000000000000060       0x20 build/init.o
 .debug_aranges
                0x0000000000000080       0x20 build/keyboard.o
 .debug_aranges
                0x00000000000000a0       0x20 build/kheap.o
 .debug_aranges
                0x00000000000000c0       0x20 build/pwm.o
 .debug_aranges
                0x00000000000000e0       0x20 build/sched.o
 .debug_aranges
                0x0000000000000100       0x20 build/syscall.o
 .debug_aranges
                0x0000000000000120       0x20 build/uart.o
 .debug_aranges
                0x0000000000000140       0x20 build/util.o
 .debug_aranges
                0x0000000000000160       0x20 build/kmain.o

.debug_str      0x0000000000000000      0x993
 .debug_str     0x0000000000000000      0x338 build/fb.o
                                        0x37d (size before relaxing)
 .debug_str     0x0000000000000338      0x10b build/hw.o
                                        0x218 (size before relaxing)
 .debug_str     0x0000000000000443       0xd8 build/kheap.o
                                        0x1f1 (size before relaxing)
 .debug_str     0x000000000000051b       0xdc build/pwm.o
                                        0x1e4 (size before relaxing)
 .debug_str     0x00000000000005f7      0x12c build/sched.o
                                        0x25f (size before relaxing)
 .debug_str     0x0000000000000723       0x64 build/syscall.o
                                        0x1bd (size before relaxing)
 .debug_str     0x0000000000000787       0xbd build/uart.o
                                        0x1cc (size before relaxing)
 .debug_str     0x0000000000000844       0x1f build/util.o
                                         0xa3 (size before relaxing)
 .debug_str     0x0000000000000863      0x130 build/kmain.o
                                        0x254 (size before relaxing)

.debug_frame    0x0000000000000000      0x7c0
 .debug_frame   0x0000000000000000      0x208 build/fb.o
 .debug_frame   0x0000000000000208      0x14c build/hw.o
 .debug_frame   0x0000000000000354       0x84 build/kheap.o
 .debug_frame   0x00000000000003d8       0x54 build/pwm.o
 .debug_frame   0x000000000000042c       0xf8 build/sched.o
 .debug_frame   0x0000000000000524       0xe0 build/syscall.o
 .debug_frame   0x0000000000000604       0xa0 build/uart.o
 .debug_frame   0x00000000000006a4       0x24 build/util.o
 .debug_frame   0x00000000000006c8       0xf8 build/kmain.o
