Archive member included because of file (symbol)

./libcsud.a(device.keyboard.c.o)
                              build/keyboard.o (KeyboardGetAddress)
./libcsud.a(platform.c.o)     ./libcsud.a(device.keyboard.c.o) (MemoryAllocate)
./libcsud.a(usbd.c.o)         build/kmain.o (UsbInitialise)
./libcsud.a(device.hid.c.o)   ./libcsud.a(device.keyboard.c.o) (HidReadDevice)
./libcsud.a(device.hub.c.o)   ./libcsud.a(usbd.c.o) (HubPortReset)
./libcsud.a(hcd.designware20.c.o)
                              ./libcsud.a(usbd.c.o) (HcdSumbitControlMessage)
./libcsud.a(hcd.designware20.roothub.c.o)
                              ./libcsud.a(hcd.designware20.c.o) (HcdProcessRootHubMessage)
./libcsud.a(platform.armv6.c.o)
                              ./libcsud.a(hcd.designware20.c.o) (__aeabi_uidiv)
./libcsud.a(platform.broadcom2835.c.o)
                              ./libcsud.a(usbd.c.o) (MicroDelay)

Allocating common symbols
Common symbol       size              file

lr_irq              0x4               build/sched.o
CorePhysical        0x4               ./libcsud.a(hcd.designware20.c.o)
call                0x4               build/syscall.o
commandLine         0x100             build/kmain.o
kernel_heap_limit   0x4               build/kheap.o
command             0x100             build/kmain.o
DeviceNumbers       0x4               ./libcsud.a(usbd.c.o)
kmain_process       0x58              build/sched.o
HostPhysical        0x4               ./libcsud.a(hcd.designware20.c.o)
stackPointer2       0x4               build/sched.o
oneParameterSize    0x28              build/kmain.o
history             0x100             build/kmain.o
kernel_heap_top     0x4               build/kheap.o
parameters          0x100             build/kmain.o
oneParameter        0xa00             build/kmain.o
keyboards           0x10              ./libcsud.a(device.keyboard.c.o)
PowerPhysical       0x4               ./libcsud.a(hcd.designware20.c.o)
current_process     0x4               build/sched.o
Heap                0x4000            ./libcsud.a(platform.c.o)
Allocations         0xc00             ./libcsud.a(platform.c.o)
stackPointer        0x4               build/syscall.o
uart_error          0x4               build/uart.o

Memory Configuration

Name             Origin             Length             Attributes
RAM              0x0000000000008000 0x000000001fff8000
PERIPHERALS      0x0000000020000000 0x0000000000ffffff
*default*        0x0000000000000000 0xffffffffffffffff

Linker script and memory map

LOAD build/asm_tools.o
LOAD build/fb.o
LOAD build/hw.o
LOAD build/init.o
LOAD build/keyboard.o
LOAD build/kheap.o
LOAD build/pwm.o
LOAD build/sched.o
LOAD build/syscall.o
LOAD build/uart.o
LOAD build/util.o
LOAD build/kmain.o
LOAD tune1.o
LOAD tune2.o
LOAD tune3.o
                0x0000000000000200                KERNEL_STACK_SIZE = 0x200
                0x0000000000000200                SYS_STACK_SIZE = 0x200
                0x0000000000000200                IRQ_STACK_SIZE = 0x200
                0x0000000000100000                USER_STACKS_SIZE = 0x100000

.text           0x0000000000008000     0xa368
 build/init.o(.text*)
 .text          0x0000000000008000       0xc4 build/init.o
                0x0000000000008000                _start
 *(.text*)
 .text          0x00000000000080c4       0x48 build/asm_tools.o
                0x00000000000080c4                Set32
                0x00000000000080cc                Get32
                0x00000000000080d4                delay
                0x00000000000080e8                memory_barrier
                0x0000000000008100                invalidate_cache
 .text          0x000000000000810c      0xe98 build/fb.o
                0x0000000000008160                MailboxWrite
                0x00000000000081d8                MailboxRead
                0x0000000000008278                FramebufferInitialize
                0x0000000000008794                put_pixel_RGB24
                0x0000000000008830                draw
                0x0000000000008950                drawRed
                0x00000000000089ec                drawBlue
                0x0000000000008a88                render
                0x0000000000008b90                newLine
                0x0000000000008bbc                drawChar
                0x0000000000008bf4                drawString
                0x0000000000008c50                drawStringWithoutNewLine
                0x0000000000008ca8                drawVerticalLine
                0x0000000000008d18                drawHorizontalLine
                0x0000000000008d98                prompt
                0x0000000000008db0                drawHelloConsole
                0x0000000000008dfc                clear
                0x0000000000008e98                setColor
                0x0000000000008eec                drawError
                0x0000000000008f88                increaseOffsetY
 .text          0x0000000000008fa4      0x3a4 build/hw.o
                0x0000000000008fa4                divide
                0x000000000000900c                get_date_ms
                0x0000000000009030                set_date_ms
                0x00000000000090c8                set_next_tick
                0x0000000000009120                set_next_tick_default
                0x000000000000916c                timer_init
                0x0000000000009198                led_on
                0x00000000000091d4                led_off
                0x0000000000009210                led_switch
                0x000000000000923c                led_status
                0x0000000000009250                led_init
                0x0000000000009284                led_blink
                0x0000000000009318                hw_init
                0x0000000000009328                terminate_kernel
 .text          0x0000000000009348      0x144 build/keyboard.o
                0x0000000000009348                KeyboardUpdate
                0x00000000000093cc                KeyWasDown
                0x00000000000093fc                KeyboardGetChar
 .text          0x000000000000948c      0x360 build/kheap.o
                0x000000000000948c                aligned_value
                0x00000000000094d8                kAlloc_aligned
                0x000000000000968c                kAlloc
                0x0000000000009778                kFree
                0x00000000000097c0                kheap_init
 .text          0x00000000000097ec      0x2e0 build/pwm.o
                0x0000000000009994                audio_test
 .text          0x0000000000009acc      0x690 build/sched.o
                0x0000000000009acc                irq_handler
                0x0000000000009b58                sys_exit
                0x0000000000009b84                do_sys_exit
                0x0000000000009c2c                sys_yield
                0x0000000000009c4c                do_sys_yield
                0x0000000000009db0                sched_init
                0x0000000000009de8                create_process
                0x0000000000009e98                elect
                0x0000000000009eb4                pouetpouet
                0x0000000000009eb8                sys_yieldto
                0x0000000000009ee8                do_sys_yieldto
 .text          0x000000000000a15c      0x298 build/syscall.o
                0x000000000000a15c                swi_handler
                0x000000000000a23c                sys_settime
                0x000000000000a274                sys_gettime
                0x000000000000a2e4                sys_reboot
                0x000000000000a304                pouet
                0x000000000000a308                sys_nop
                0x000000000000a334                do_sys_reboot
                0x000000000000a340                do_sys_nop
                0x000000000000a348                do_sys_settime
                0x000000000000a3c4                do_sys_gettime
 .text          0x000000000000a3f4      0x658 build/uart.o
                0x000000000000a3f4                uart_init
                0x000000000000a510                uart_send_str
                0x000000000000a5a4                uart_send_int
                0x000000000000a794                uart_receive_str
                0x000000000000a870                uart_receive_int
                0x000000000000aa18                uart_is_receive_fifo_empty
 .text          0x000000000000aa4c       0x10 build/util.o
                0x000000000000aa4c                kernel_panic
 .text          0x000000000000aa5c      0xa88 build/kmain.o
                0x000000000000aa5c                effacerPrecedenteCommande
                0x000000000000aad8                drawSnoop
                0x000000000000ac58                printSnoop
                0x000000000000ad08                strcmp
                0x000000000000ad7c                testAffichage
                0x000000000000ade8                commandProcess
                0x000000000000b274                applyMethod
                0x000000000000b2a4                keyboardLoop
                0x000000000000b450                printHeader
                0x000000000000b474                dummy
                0x000000000000b490                kmain
 .text          0x000000000000b4e4     0x1000 ./libcsud.a(device.keyboard.c.o)
                0x000000000000b4e4                KeyboardDetached
                0x000000000000b560                KeyboardDeallocate
                0x000000000000b5d8                KeyboardIndex
                0x000000000000b630                KeyboardGetAddress
                0x000000000000b678                KeyboardScan
                0x000000000000bd44                KeyboardCount
                0x000000000000bd54                KeyboardSetLeds
                0x000000000000bf70                KeyboardGetLedSupport
                0x000000000000bfbc                KeyboardPoll
                0x000000000000c300                KeyboardGetModifiers
                0x000000000000c34c                KeyboardGetKeyDownCount
                0x000000000000c3b0                KeyboadGetKeyIsDown
                0x000000000000c468                KeyboardGetKeyDown
 .text          0x000000000000c4e4      0x5c0 ./libcsud.a(platform.c.o)
                0x000000000000c4e4                MemoryReserve
                0x000000000000c4ec                MemoryAllocate
                0x000000000000c93c                MemoryDeallocate
                0x000000000000ca54                MemoryCopy
 .text          0x000000000000caa4     0x10e8 ./libcsud.a(usbd.c.o)
                0x000000000000caa4                UsbGetRootHub
                0x000000000000cab4                UsbPrintDeviceTree
                0x000000000000cb80                UsbControlMessage
                0x000000000000cc78                UsbGetDescriptor
                0x000000000000cd64                UsbGetString
                0x000000000000cdd0                UsbReadStringLang
                0x000000000000ce54                UsbReadString
                0x000000000000cf54                UsbReadDeviceDescriptor
                0x000000000000d094                UsbSetAddress
                0x000000000000d174                UsbSetConfiguration
                0x000000000000d248                UsbConfigure
                0x000000000000d418                UsbGetDescription
                0x000000000000d6c8                UsbScanDevice
                0x000000000000d8f0                UsbAllocateDevice
                0x000000000000d9ac                UsbDeallocateDevice
                0x000000000000dac4                UsbScanRootHub
                0x000000000000db14                UsbInitialise
                0x000000000000db70                UsbCheckForChange
 .text          0x000000000000db8c     0x1b24 ./libcsud.a(device.hid.c.o)
                0x000000000000db8c                HidEnumerateActionCountField
                0x000000000000dcb4                HidDetached
                0x000000000000dcf0                HidEnumerateActionAddField
                0x000000000000e4f8                HidDeallocate
                0x000000000000e64c                HidEnumerateActionCountReport
                0x000000000000e704                HidGetReport
                0x000000000000e7c0                HidSetReport
                0x000000000000e870                BitSet
                0x000000000000e99c                BitGetUnsigned
                0x000000000000eaa4                BitGetSigned
                0x000000000000ead0                HidReadDevice
                0x000000000000eccc                HidWriteDevice
                0x000000000000ee78                HidSetProtocol
                0x000000000000ef28                HidEnumerateReport
                0x000000000000f080                HidParseReportDescriptor
                0x000000000000f3b0                HidScan
                0x000000000000f6a0                HidGetFieldValue
 .text          0x000000000000f6b0      0xd34 ./libcsud.a(device.hub.c.o)
                0x000000000000f6b0                HubDetached
                0x000000000000f750                HubDeallocate
                0x000000000000f82c                HubReadDescriptor
                0x000000000000f924                HubGetStatus
                0x000000000000f9fc                HubPortGetStatus
                0x000000000000fadc                HubChangeFeature
                0x000000000000fb90                HubChangePortFeature
                0x000000000000fc4c                HubPowerOn
                0x000000000000fcf4                HubPortReset
                0x000000000000fdc8                HubPortConnectionChanged
                0x000000000000ffd0                HubCheckConnection
                0x0000000000010104                HubRecursiveCheck
                0x00000000000101cc                HubScan
 .text          0x00000000000103e4     0x160c ./libcsud.a(hcd.designware20.c.o)
                0x00000000000103e4                WriteThroughRegMask
                0x0000000000010478                WriteThroughReg
                0x0000000000010480                ReadBackReg
                0x0000000000010524                ClearReg
                0x000000000001058c                SetReg
                0x0000000000010628                HcdReset
                0x00000000000106d8                HcdTransmitFifoFlush
                0x000000000001076c                HcdReceiveFifoFlush
                0x00000000000107e4                HcdPrepareChannel
                0x0000000000010afc                HcdTransmitChannel
                0x0000000000010ba8                HcdChannelInterruptToError
                0x0000000000010c84                HcdChannelSendWaitOne
                0x0000000000010f40                HcdChannelSendWait
                0x0000000000011058                HcdSumbitControlMessage
                0x00000000000112a0                HcdInitialise
                0x0000000000011434                HcdStart
                0x0000000000011990                HcdStop
                0x00000000000119b4                HcdDeinitialise
 .text          0x00000000000119f0      0x6f0 ./libcsud.a(hcd.designware20.roothub.c.o)
                0x00000000000119f0                HcdProcessRootHubMessage
 .text          0x00000000000120e0      0x16c ./libcsud.a(platform.armv6.c.o)
                0x00000000000120e0                __aeabi_uidivmod
                0x0000000000012214                __aeabi_uidiv
 .text          0x000000000001224c      0x11c ./libcsud.a(platform.broadcom2835.c.o)
                0x000000000001224c                MicroDelay
                0x00000000000122bc                PowerOnUsb
                0x0000000000012368                __bss_start = .

.glue_7         0x0000000000012368        0x0
 .glue_7        0x0000000000000000        0x0 linker stubs

.glue_7t        0x0000000000012368        0x0
 .glue_7t       0x0000000000000000        0x0 linker stubs

.vfp11_veneer   0x0000000000012368        0x0
 .vfp11_veneer  0x0000000000000000        0x0 linker stubs

.v4_bx          0x0000000000012368        0x0
 .v4_bx         0x0000000000000000        0x0 linker stubs

.iplt           0x0000000000012368        0x0
 .iplt          0x0000000000000000        0x0 build/asm_tools.o

.bss            0x0000000000012368     0x5b38
 *(.bss*)
 .bss           0x0000000000012368        0x0 build/asm_tools.o
 .bss           0x0000000000012368       0x20 build/fb.o
                0x0000000000012368                offsetX
                0x000000000001236c                offsetY
 .bss           0x0000000000012388        0x4 build/hw.o
 .bss           0x000000000001238c        0x0 build/init.o
 .bss           0x000000000001238c        0x0 build/keyboard.o
 .bss           0x000000000001238c        0x4 build/kheap.o
                0x000000000001238c                freelist
 .bss           0x0000000000012390        0x0 build/pwm.o
 .bss           0x0000000000012390        0x0 build/sched.o
 .bss           0x0000000000012390        0x0 build/syscall.o
 .bss           0x0000000000012390        0x0 build/uart.o
 .bss           0x0000000000012390        0x0 build/util.o
 .bss           0x0000000000012390       0x14 build/kmain.o
                0x0000000000012390                commandLineSize
                0x0000000000012394                commandSize
                0x0000000000012398                parametersSize
                0x000000000001239c                numberOfParameters
                0x00000000000123a0                historySize
 .bss           0x00000000000123a4       0x14 ./libcsud.a(device.keyboard.c.o)
                0x00000000000123a4                keyboardAddresses
                0x00000000000123b4                keyboardCount
 .bss           0x00000000000123b8        0x8 ./libcsud.a(platform.c.o)
                0x00000000000123b8                FirstFreeAllocation
                0x00000000000123bc                allocated
 .bss           0x00000000000123c0        0x4 ./libcsud.a(usbd.c.o)
                0x00000000000123c0                RootHub
 .bss           0x00000000000123c4        0x0 ./libcsud.a(device.hid.c.o)
 .bss           0x00000000000123c4        0x0 ./libcsud.a(device.hub.c.o)
 .bss           0x00000000000123c4       0x14 ./libcsud.a(hcd.designware20.c.o)
                0x00000000000123c4                Core
                0x00000000000123c8                Host
                0x00000000000123cc                Power
                0x00000000000123d0                databuffer
                0x00000000000123d4                PhyInitialised
 .bss           0x00000000000123d8        0x4 ./libcsud.a(hcd.designware20.roothub.c.o)
                0x00000000000123d8                RootHubDeviceNumber
 .bss           0x00000000000123dc        0x0 ./libcsud.a(platform.armv6.c.o)
 .bss           0x00000000000123dc        0x0 ./libcsud.a(platform.broadcom2835.c.o)
 COMMON         0x00000000000123dc        0x8 build/kheap.o
                0x00000000000123dc                kernel_heap_limit
                0x00000000000123e0                kernel_heap_top
 COMMON         0x00000000000123e4       0x64 build/sched.o
                0x00000000000123e4                lr_irq
                0x00000000000123e8                kmain_process
                0x0000000000012440                stackPointer2
                0x0000000000012444                current_process
 COMMON         0x0000000000012448        0x8 build/syscall.o
                0x0000000000012448                call
                0x000000000001244c                stackPointer
 COMMON         0x0000000000012450        0x4 build/uart.o
                0x0000000000012450                uart_error
 COMMON         0x0000000000012454      0xe28 build/kmain.o
                0x0000000000012454                commandLine
                0x0000000000012554                command
                0x0000000000012654                oneParameterSize
                0x000000000001267c                history
                0x000000000001277c                parameters
                0x000000000001287c                oneParameter
 COMMON         0x000000000001327c       0x10 ./libcsud.a(device.keyboard.c.o)
                0x000000000001327c                keyboards
 *fill*         0x000000000001328c        0x4 
 COMMON         0x0000000000013290     0x4c00 ./libcsud.a(platform.c.o)
                0x0000000000013290                Heap
                0x0000000000017290                Allocations
 COMMON         0x0000000000017e90        0x4 ./libcsud.a(usbd.c.o)
                0x0000000000017e90                DeviceNumbers
 COMMON         0x0000000000017e94        0xc ./libcsud.a(hcd.designware20.c.o)
                0x0000000000017e94                CorePhysical
                0x0000000000017e98                HostPhysical
                0x0000000000017e9c                PowerPhysical
                0x0000000000017ea0                __bss_end__ = .
                0x0000000000017ea0                __rodata_start__ = .

.rodata         0x0000000000017ea0     0x139c
 *(.rodata*)
 .rodata        0x0000000000017ea0       0x34 build/fb.o
 .rodata        0x0000000000017ed4       0x18 build/hw.o
 .rodata        0x0000000000017eec       0x10 build/syscall.o
 .rodata        0x0000000000017efc       0x28 build/uart.o
 .rodata        0x0000000000017f24     0x10c0 build/kmain.o
 .rodata        0x0000000000018fe4      0x248 ./libcsud.a(usbd.c.o)
 .rodata.str1.4
                0x000000000001922c       0x10 ./libcsud.a(usbd.c.o)
                0x000000000001923c                __rodata_end__ = .
                0x000000000001923c                __data_start__ = .

.rel.dyn        0x000000000001923c        0x0
 .rel.iplt      0x0000000000000000        0x0 build/asm_tools.o

.data           0x0000000000019240    0xb13f8
 *(.data)
 .data          0x0000000000019240        0x0 build/asm_tools.o
 .data          0x0000000000019240      0x404 build/fb.o
                0x0000000000019240                font8x8_basic
                0x0000000000019640                redC
                0x0000000000019641                greenC
                0x0000000000019642                blueC
 .data          0x0000000000019644        0x0 build/hw.o
 .data          0x0000000000019644        0x0 build/init.o
 *fill*         0x0000000000019644        0x4 
 .data          0x0000000000019648       0xe0 build/keyboard.o
 .data          0x0000000000019728        0x0 build/kheap.o
 .data          0x0000000000019728        0xc build/pwm.o
 .data          0x0000000000019734        0x0 build/sched.o
 .data          0x0000000000019734        0x0 build/syscall.o
 .data          0x0000000000019734        0x0 build/uart.o
 .data          0x0000000000019734        0x0 build/util.o
 .data          0x0000000000019734    0x56ad0 build/kmain.o
                0x0000000000019734                snoopLine
                0x0000000000019738                snoopSize
                0x000000000001973c                snoopWidth
                0x0000000000019740                snoopIMG
                0x0000000000019744                snoopArray
 .data          0x0000000000070204     0x9ee5 tune1.o
                0x0000000000070204                _binary_tune1_wav_start
                0x000000000007a0e9                _binary_tune1_wav_end
 .data          0x000000000007a0e9    0x3cef4 tune2.o
                0x000000000007a0e9                _binary_tune2_wav_start
                0x00000000000b6fdd                _binary_tune2_wav_end
 .data          0x00000000000b6fdd    0x135f2 tune3.o
                0x00000000000b6fdd                _binary_tune3_wav_start
                0x00000000000ca5cf                _binary_tune3_wav_end
 .data          0x00000000000ca5cf        0x0 ./libcsud.a(device.keyboard.c.o)
 *fill*         0x00000000000ca5cf        0x1 
 .data          0x00000000000ca5d0        0x4 ./libcsud.a(platform.c.o)
                0x00000000000ca5d0                FirstAllocation
 .data          0x00000000000ca5d4        0x0 ./libcsud.a(usbd.c.o)
 .data          0x00000000000ca5d4        0x0 ./libcsud.a(device.hid.c.o)
 .data          0x00000000000ca5d4        0x0 ./libcsud.a(device.hub.c.o)
 .data          0x00000000000ca5d4        0x0 ./libcsud.a(hcd.designware20.c.o)
 .data          0x00000000000ca5d4       0x64 ./libcsud.a(hcd.designware20.roothub.c.o)
                0x00000000000ca5d4                DeviceDescriptor
                0x00000000000ca5e8                ConfigurationDescriptor
                0x00000000000ca604                String0
                0x00000000000ca608                String1
                0x00000000000ca62c                HubDescriptor
 .data          0x00000000000ca638        0x0 ./libcsud.a(platform.armv6.c.o)
 .data          0x00000000000ca638        0x0 ./libcsud.a(platform.broadcom2835.c.o)
                0x00000000000ca638                __data_end__ = .

.igot.plt       0x00000000000ca638        0x0
 .igot.plt      0x0000000000000000        0x0 build/asm_tools.o

.stack          0x00000000000ca638      0x600
                0x00000000000ca638                __stack_start__ = .
                0x00000000000ca838                . = (. + KERNEL_STACK_SIZE)
 *fill*         0x00000000000ca638      0x200 
                0x00000000000ca838                . = ALIGN (0x4)
                0x00000000000ca838                __svc_stack_end__ = .
                0x00000000000caa38                . = (. + SYS_STACK_SIZE)
 *fill*         0x00000000000ca838      0x200 
                0x00000000000caa38                . = ALIGN (0x4)
                0x00000000000caa38                __sys_stack_end__ = .
                0x00000000000cac38                . = (. + IRQ_STACK_SIZE)
 *fill*         0x00000000000caa38      0x200 
                0x00000000000cac38                . = ALIGN (0x4)
                0x00000000000cac38                __irq_stack_end__ = .
                0x00000000000cac38                __stacks_end__ = .
                0x00000000000cb000                . = ALIGN (0x1000)
                0x00000000000cb000                __kernel_heap_start__ = .
                0x0000000000ffffff                . = 0xffffff
                0x0000000000ffffff                __kernel_heap_end__ = .
                0x0000000001000000                . = ALIGN (0x1000)
                0x0000000001000000                __after_kernel_heap__ = .
                0x0000000020000000                . = 0x20000000

.devices        0x0000000020000000   0xffffff
                0x0000000020000000                __devices_start__ = .
                0x0000000020ffffff                . = (. + 0xffffff)
 *fill*         0x0000000020000000   0xffffff 
                0x0000000020ffffff                __devices_end__ = .
LOAD ./libcsud.a
OUTPUT(build/kernel.elf elf32-littlearm)

.ARM.attributes
                0x0000000000000000       0x36
 .ARM.attributes
                0x0000000000000000       0x26 build/asm_tools.o
 .ARM.attributes
                0x0000000000000026       0x38 build/fb.o
 .ARM.attributes
                0x000000000000005e       0x38 build/hw.o
 .ARM.attributes
                0x0000000000000096       0x26 build/init.o
 .ARM.attributes
                0x00000000000000bc       0x26 build/keyboard.o
 .ARM.attributes
                0x00000000000000e2       0x38 build/kheap.o
 .ARM.attributes
                0x000000000000011a       0x38 build/pwm.o
 .ARM.attributes
                0x0000000000000152       0x38 build/sched.o
 .ARM.attributes
                0x000000000000018a       0x38 build/syscall.o
 .ARM.attributes
                0x00000000000001c2       0x38 build/uart.o
 .ARM.attributes
                0x00000000000001fa       0x38 build/util.o
 .ARM.attributes
                0x0000000000000232       0x38 build/kmain.o
 .ARM.attributes
                0x000000000000026a       0x32 ./libcsud.a(device.keyboard.c.o)
 .ARM.attributes
                0x000000000000029c       0x32 ./libcsud.a(platform.c.o)
 .ARM.attributes
                0x00000000000002ce       0x32 ./libcsud.a(usbd.c.o)
 .ARM.attributes
                0x0000000000000300       0x32 ./libcsud.a(device.hid.c.o)
 .ARM.attributes
                0x0000000000000332       0x32 ./libcsud.a(device.hub.c.o)
 .ARM.attributes
                0x0000000000000364       0x32 ./libcsud.a(hcd.designware20.c.o)
 .ARM.attributes
                0x0000000000000396       0x32 ./libcsud.a(hcd.designware20.roothub.c.o)
 .ARM.attributes
                0x00000000000003c8       0x32 ./libcsud.a(platform.armv6.c.o)
 .ARM.attributes
                0x00000000000003fa       0x32 ./libcsud.a(platform.broadcom2835.c.o)

.comment        0x0000000000000000       0x30
 .comment       0x0000000000000000       0x1f build/fb.o
                                         0x20 (size before relaxing)
 .comment       0x0000000000000000       0x20 build/hw.o
 .comment       0x0000000000000000       0x20 build/kheap.o
 .comment       0x0000000000000000       0x20 build/pwm.o
 .comment       0x0000000000000000       0x20 build/sched.o
 .comment       0x0000000000000000       0x20 build/syscall.o
 .comment       0x0000000000000000       0x20 build/uart.o
 .comment       0x0000000000000000       0x20 build/util.o
 .comment       0x0000000000000000       0x20 build/kmain.o
 .comment       0x000000000000001f       0x11 ./libcsud.a(device.keyboard.c.o)
                                         0x12 (size before relaxing)
 .comment       0x0000000000000000       0x12 ./libcsud.a(platform.c.o)
 .comment       0x0000000000000000       0x12 ./libcsud.a(usbd.c.o)
 .comment       0x0000000000000000       0x12 ./libcsud.a(device.hid.c.o)
 .comment       0x0000000000000000       0x12 ./libcsud.a(device.hub.c.o)
 .comment       0x0000000000000000       0x12 ./libcsud.a(hcd.designware20.c.o)
 .comment       0x0000000000000000       0x12 ./libcsud.a(hcd.designware20.roothub.c.o)
 .comment       0x0000000000000000       0x12 ./libcsud.a(platform.armv6.c.o)
 .comment       0x0000000000000000       0x12 ./libcsud.a(platform.broadcom2835.c.o)

.debug_line     0x0000000000000000      0xb6a
 .debug_line    0x0000000000000000       0x4e build/asm_tools.o
 .debug_line    0x000000000000004e      0x25d build/fb.o
 .debug_line    0x00000000000002ab       0xe0 build/hw.o
 .debug_line    0x000000000000038b       0x67 build/init.o
 .debug_line    0x00000000000003f2       0x9b build/keyboard.o
 .debug_line    0x000000000000048d       0xf4 build/kheap.o
 .debug_line    0x0000000000000581       0x8a build/pwm.o
 .debug_line    0x000000000000060b      0x12b build/sched.o
 .debug_line    0x0000000000000736       0xc6 build/syscall.o
 .debug_line    0x00000000000007fc       0xf5 build/uart.o
 .debug_line    0x00000000000008f1       0x3d build/util.o
 .debug_line    0x000000000000092e      0x23c build/kmain.o

.debug_info     0x0000000000000000     0x1d1a
 .debug_info    0x0000000000000000       0x5b build/asm_tools.o
 .debug_info    0x000000000000005b      0x744 build/fb.o
 .debug_info    0x000000000000079f      0x29a build/hw.o
 .debug_info    0x0000000000000a39       0x56 build/init.o
 .debug_info    0x0000000000000a8f       0x5a build/keyboard.o
 .debug_info    0x0000000000000ae9      0x28b build/kheap.o
 .debug_info    0x0000000000000d74      0x1b3 build/pwm.o
 .debug_info    0x0000000000000f27      0x39e build/sched.o
 .debug_info    0x00000000000012c5      0x234 build/syscall.o
 .debug_info    0x00000000000014f9      0x261 build/uart.o
 .debug_info    0x000000000000175a       0x6c build/util.o
 .debug_info    0x00000000000017c6      0x554 build/kmain.o

.debug_abbrev   0x0000000000000000      0xac3
 .debug_abbrev  0x0000000000000000       0x14 build/asm_tools.o
 .debug_abbrev  0x0000000000000014      0x22d build/fb.o
 .debug_abbrev  0x0000000000000241      0x146 build/hw.o
 .debug_abbrev  0x0000000000000387       0x14 build/init.o
 .debug_abbrev  0x000000000000039b       0x14 build/keyboard.o
 .debug_abbrev  0x00000000000003af      0x12d build/kheap.o
 .debug_abbrev  0x00000000000004dc       0xd1 build/pwm.o
 .debug_abbrev  0x00000000000005ad      0x16b build/sched.o
 .debug_abbrev  0x0000000000000718      0x105 build/syscall.o
 .debug_abbrev  0x000000000000081d      0x10a build/uart.o
 .debug_abbrev  0x0000000000000927       0x5c build/util.o
 .debug_abbrev  0x0000000000000983      0x140 build/kmain.o

.debug_aranges  0x0000000000000000      0x180
 .debug_aranges
                0x0000000000000000       0x20 build/asm_tools.o
 .debug_aranges
                0x0000000000000020       0x20 build/fb.o
 .debug_aranges
                0x0000000000000040       0x20 build/hw.o
 .debug_aranges
                0x0000000000000060       0x20 build/init.o
 .debug_aranges
                0x0000000000000080       0x20 build/keyboard.o
 .debug_aranges
                0x00000000000000a0       0x20 build/kheap.o
 .debug_aranges
                0x00000000000000c0       0x20 build/pwm.o
 .debug_aranges
                0x00000000000000e0       0x20 build/sched.o
 .debug_aranges
                0x0000000000000100       0x20 build/syscall.o
 .debug_aranges
                0x0000000000000120       0x20 build/uart.o
 .debug_aranges
                0x0000000000000140       0x20 build/util.o
 .debug_aranges
                0x0000000000000160       0x20 build/kmain.o

.debug_str      0x0000000000000000      0xa18
 .debug_str     0x0000000000000000      0x338 build/fb.o
                                        0x37d (size before relaxing)
 .debug_str     0x0000000000000338      0x10b build/hw.o
                                        0x218 (size before relaxing)
 .debug_str     0x0000000000000443       0xd8 build/kheap.o
                                        0x1f1 (size before relaxing)
 .debug_str     0x000000000000051b       0xdc build/pwm.o
                                        0x1e4 (size before relaxing)
 .debug_str     0x00000000000005f7      0x12c build/sched.o
                                        0x25f (size before relaxing)
 .debug_str     0x0000000000000723       0x64 build/syscall.o
                                        0x1bd (size before relaxing)
 .debug_str     0x0000000000000787       0xbd build/uart.o
                                        0x1cc (size before relaxing)
 .debug_str     0x0000000000000844       0x1f build/util.o
                                         0xa3 (size before relaxing)
 .debug_str     0x0000000000000863      0x1b5 build/kmain.o
                                        0x2d9 (size before relaxing)

.debug_frame    0x0000000000000000      0x7d4
 .debug_frame   0x0000000000000000      0x208 build/fb.o
 .debug_frame   0x0000000000000208      0x14c build/hw.o
 .debug_frame   0x0000000000000354       0x84 build/kheap.o
 .debug_frame   0x00000000000003d8       0x54 build/pwm.o
 .debug_frame   0x000000000000042c       0xf8 build/sched.o
 .debug_frame   0x0000000000000524       0xe0 build/syscall.o
 .debug_frame   0x0000000000000604       0xa0 build/uart.o
 .debug_frame   0x00000000000006a4       0x24 build/util.o
 .debug_frame   0x00000000000006c8      0x10c build/kmain.o
