
Allocating common symbols
Common symbol       size              file

lr_irq              0x4               build/sched.o
call                0x4               build/syscall.o
kernel_heap_limit   0x4               build/kheap.o
kmain_process       0x58              build/sched.o
stackPointer2       0x4               build/sched.o
kernel_heap_top     0x4               build/kheap.o
current_process     0x4               build/sched.o
stackPointer        0x4               build/syscall.o
uart_error          0x4               build/uart.o

Memory Configuration

Name             Origin             Length             Attributes
RAM              0x0000000000008000 0x000000001fff8000
PERIPHERALS      0x0000000020000000 0x0000000000ffffff
*default*        0x0000000000000000 0xffffffffffffffff

Linker script and memory map

LOAD build/kheap.o
LOAD build/syscall.o
LOAD build/init.o
LOAD build/hw.o
LOAD build/uart.o
LOAD build/pwm.o
LOAD build/sched.o
LOAD build/util.o
LOAD build/asm_tools.o
LOAD build/kmain.o
LOAD tune.o
                0x0000000000000200                KERNEL_STACK_SIZE = 0x200
                0x0000000000000200                SYS_STACK_SIZE = 0x200
                0x0000000000000200                IRQ_STACK_SIZE = 0x200
                0x0000000000100000                USER_STACKS_SIZE = 0x100000

.text           0x0000000000008000     0x1a3c
 build/init.o(.text*)
 .text          0x0000000000008000       0xc4 build/init.o
                0x0000000000008000                _start
 *(.text*)
 .text          0x00000000000080c4      0x360 build/kheap.o
                0x00000000000080c4                aligned_value
                0x0000000000008110                kAlloc_aligned
                0x00000000000082c4                kAlloc
                0x00000000000083b0                kFree
                0x00000000000083f8                kheap_init
 .text          0x0000000000008424      0x298 build/syscall.o
                0x0000000000008424                swi_handler
                0x0000000000008504                sys_settime
                0x000000000000853c                sys_gettime
                0x00000000000085ac                sys_reboot
                0x00000000000085cc                pouet
                0x00000000000085d0                sys_nop
                0x00000000000085fc                do_sys_reboot
                0x0000000000008608                do_sys_nop
                0x0000000000008610                do_sys_settime
                0x000000000000868c                do_sys_gettime
 .text          0x00000000000086bc      0x3e8 build/hw.o
                0x00000000000086bc                divide
                0x0000000000008724                get_date_ms
                0x00000000000087ac                set_date_ms
                0x0000000000008844                set_next_tick
                0x000000000000889c                set_next_tick_default
                0x00000000000088e8                timer_init
                0x0000000000008914                led_on
                0x0000000000008950                led_off
                0x000000000000898c                led_switch
                0x00000000000089b8                led_status
                0x00000000000089cc                led_init
                0x0000000000008a00                led_blink
                0x0000000000008a94                hw_init
                0x0000000000008aa0                terminate_kernel
 .text          0x0000000000008aa4      0x664 build/uart.o
                0x0000000000008aa4                uart_init
                0x0000000000008bc0                uart_send_str
                0x0000000000008c60                uart_send_int
                0x0000000000008e50                uart_receive_str
                0x0000000000008f2c                uart_receive_int
                0x00000000000090d4                uart_is_receive_fifo_empty
 .text          0x0000000000009108      0x234 build/pwm.o
                0x0000000000009288                audio_test
 .text          0x000000000000933c      0x68c build/sched.o
                0x000000000000933c                irq_handler
                0x00000000000093c4                sys_exit
                0x00000000000093f0                do_sys_exit
                0x0000000000009498                sys_yield
                0x00000000000094b8                do_sys_yield
                0x000000000000961c                sched_init
                0x0000000000009654                create_process
                0x0000000000009704                elect
                0x0000000000009720                pouetpouet
                0x0000000000009724                sys_yieldto
                0x0000000000009754                do_sys_yieldto
 .text          0x00000000000099c8       0x10 build/util.o
                0x00000000000099c8                kernel_panic
 .text          0x00000000000099d8       0x48 build/asm_tools.o
                0x00000000000099d8                Set32
                0x00000000000099e0                Get32
                0x00000000000099e8                delay
                0x00000000000099fc                memory_barrier
                0x0000000000009a14                invalidate_cache
 .text          0x0000000000009a20       0x1c build/kmain.o
                0x0000000000009a20                kmain
                0x0000000000009a3c                __bss_start = .

.glue_7         0x0000000000009a3c        0x0
 .glue_7        0x0000000000009a3c        0x0 linker stubs

.glue_7t        0x0000000000009a3c        0x0
 .glue_7t       0x0000000000009a3c        0x0 linker stubs

.vfp11_veneer   0x0000000000009a3c        0x0
 .vfp11_veneer  0x0000000000009a3c        0x0 linker stubs

.v4_bx          0x0000000000009a3c        0x0
 .v4_bx         0x0000000000009a3c        0x0 linker stubs

.iplt           0x0000000000009a3c        0x0
 .iplt          0x0000000000009a3c        0x0 build/kheap.o

.bss            0x0000000000009a3c       0x80
 *(.bss*)
 .bss           0x0000000000009a3c        0x4 build/kheap.o
                0x0000000000009a3c                freelist
 .bss           0x0000000000009a40        0x0 build/syscall.o
 .bss           0x0000000000009a40        0x0 build/init.o
 .bss           0x0000000000009a40        0x4 build/hw.o
 .bss           0x0000000000009a44        0x0 build/uart.o
 .bss           0x0000000000009a44        0x0 build/pwm.o
 .bss           0x0000000000009a44        0x0 build/sched.o
 .bss           0x0000000000009a44        0x0 build/util.o
 .bss           0x0000000000009a44        0x0 build/asm_tools.o
 .bss           0x0000000000009a44        0x0 build/kmain.o
 COMMON         0x0000000000009a44        0x8 build/kheap.o
                0x0000000000009a44                kernel_heap_limit
                0x0000000000009a48                kernel_heap_top
 COMMON         0x0000000000009a4c        0x8 build/syscall.o
                0x0000000000009a4c                call
                0x0000000000009a50                stackPointer
 COMMON         0x0000000000009a54        0x4 build/uart.o
                0x0000000000009a54                uart_error
 COMMON         0x0000000000009a58       0x64 build/sched.o
                0x0000000000009a58                lr_irq
                0x0000000000009a5c                kmain_process
                0x0000000000009ab4                stackPointer2
                0x0000000000009ab8                current_process
                0x0000000000009abc                __bss_end__ = .
                0x0000000000009abc                __rodata_start__ = .

.rodata         0x0000000000009abc       0x38
 *(.rodata*)
 .rodata        0x0000000000009abc       0x10 build/syscall.o
 .rodata        0x0000000000009acc       0x28 build/uart.o
                0x0000000000009af4                __rodata_end__ = .
                0x0000000000009af4                __data_start__ = .

.rel.dyn        0x0000000000009af4        0x0
 .rel.iplt      0x0000000000009af4        0x0 build/kheap.o

.data           0x0000000000009af4    0x9223c
 *(.data)
 .data          0x0000000000009af4        0x0 build/kheap.o
 .data          0x0000000000009af4        0x0 build/syscall.o
 .data          0x0000000000009af4        0x0 build/init.o
 .data          0x0000000000009af4        0x0 build/hw.o
 .data          0x0000000000009af4        0x0 build/uart.o
 .data          0x0000000000009af4       0x10 build/pwm.o
                0x0000000000009b00                audio_data
 .data          0x0000000000009b04        0x0 build/sched.o
 .data          0x0000000000009b04        0x0 build/util.o
 .data          0x0000000000009b04        0x0 build/asm_tools.o
 .data          0x0000000000009b04        0x0 build/kmain.o
 .data          0x0000000000009b04    0x9222c tune.o
                0x0000000000009b04                _binary_tune_wav_start
                0x000000000009bd30                _binary_tune_wav_end
                0x000000000009bd30                __data_end__ = .

.igot.plt       0x000000000009bd30        0x0
 .igot.plt      0x000000000009bd30        0x0 build/kheap.o

.stack          0x000000000009bd30      0x600
                0x000000000009bd30                __stack_start__ = .
                0x000000000009bf30                . = (. + KERNEL_STACK_SIZE)
 *fill*         0x000000000009bd30      0x200 
                0x000000000009bf30                . = ALIGN (0x4)
                0x000000000009bf30                __svc_stack_end__ = .
                0x000000000009c130                . = (. + SYS_STACK_SIZE)
 *fill*         0x000000000009bf30      0x200 
                0x000000000009c130                . = ALIGN (0x4)
                0x000000000009c130                __sys_stack_end__ = .
                0x000000000009c330                . = (. + IRQ_STACK_SIZE)
 *fill*         0x000000000009c130      0x200 
                0x000000000009c330                . = ALIGN (0x4)
                0x000000000009c330                __irq_stack_end__ = .
                0x000000000009c330                __stacks_end__ = .
                0x000000000009d000                . = ALIGN (0x1000)
                0x000000000009d000                __kernel_heap_start__ = .
                0x0000000000ffffff                . = 0xffffff
                0x0000000000ffffff                __kernel_heap_end__ = .
                0x0000000001000000                . = ALIGN (0x1000)
                0x0000000001000000                __after_kernel_heap__ = .
                0x0000000020000000                . = 0x20000000

.devices        0x0000000020000000   0xffffff
                0x0000000020000000                __devices_start__ = .
                0x0000000020ffffff                . = (. + 0xffffff)
 *fill*         0x0000000020000000   0xffffff 
                0x0000000020ffffff                __devices_end__ = .
OUTPUT(build/kernel.elf elf32-littlearm)

.debug_info     0x0000000000000000     0x1059
 .debug_info    0x0000000000000000      0x28b build/kheap.o
 .debug_info    0x000000000000028b      0x234 build/syscall.o
 .debug_info    0x00000000000004bf       0x48 build/init.o
 .debug_info    0x0000000000000507      0x2b6 build/hw.o
 .debug_info    0x00000000000007bd      0x261 build/uart.o
 .debug_info    0x0000000000000a1e      0x163 build/pwm.o
 .debug_info    0x0000000000000b81      0x39e build/sched.o
 .debug_info    0x0000000000000f1f       0x6c build/util.o
 .debug_info    0x0000000000000f8b       0x4d build/asm_tools.o
 .debug_info    0x0000000000000fd8       0x81 build/kmain.o

.debug_abbrev   0x0000000000000000      0x79c
 .debug_abbrev  0x0000000000000000      0x12d build/kheap.o
 .debug_abbrev  0x000000000000012d      0x105 build/syscall.o
 .debug_abbrev  0x0000000000000232       0x14 build/init.o
 .debug_abbrev  0x0000000000000246      0x15c build/hw.o
 .debug_abbrev  0x00000000000003a2      0x10a build/uart.o
 .debug_abbrev  0x00000000000004ac       0xd1 build/pwm.o
 .debug_abbrev  0x000000000000057d      0x16b build/sched.o
 .debug_abbrev  0x00000000000006e8       0x5c build/util.o
 .debug_abbrev  0x0000000000000744       0x14 build/asm_tools.o
 .debug_abbrev  0x0000000000000758       0x44 build/kmain.o

.debug_aranges  0x0000000000000000      0x140
 .debug_aranges
                0x0000000000000000       0x20 build/kheap.o
 .debug_aranges
                0x0000000000000020       0x20 build/syscall.o
 .debug_aranges
                0x0000000000000040       0x20 build/init.o
 .debug_aranges
                0x0000000000000060       0x20 build/hw.o
 .debug_aranges
                0x0000000000000080       0x20 build/uart.o
 .debug_aranges
                0x00000000000000a0       0x20 build/pwm.o
 .debug_aranges
                0x00000000000000c0       0x20 build/sched.o
 .debug_aranges
                0x00000000000000e0       0x20 build/util.o
 .debug_aranges
                0x0000000000000100       0x20 build/asm_tools.o
 .debug_aranges
                0x0000000000000120       0x20 build/kmain.o

.debug_line     0x0000000000000000      0x658
 .debug_line    0x0000000000000000       0xf2 build/kheap.o
 .debug_line    0x00000000000000f2       0xc4 build/syscall.o
 .debug_line    0x00000000000001b6       0x67 build/init.o
 .debug_line    0x000000000000021d       0xdf build/hw.o
 .debug_line    0x00000000000002fc       0xf6 build/uart.o
 .debug_line    0x00000000000003f2       0x7a build/pwm.o
 .debug_line    0x000000000000046c      0x128 build/sched.o
 .debug_line    0x0000000000000594       0x3d build/util.o
 .debug_line    0x00000000000005d1       0x4e build/asm_tools.o
 .debug_line    0x000000000000061f       0x39 build/kmain.o

.debug_str      0x0000000000000000      0x592
 .debug_str     0x0000000000000000      0x1a5 build/kheap.o
                                        0x1e0 (size before relaxing)
 .debug_str     0x00000000000001a5       0x7f build/syscall.o
                                        0x1ac (size before relaxing)
 .debug_str     0x0000000000000224      0x102 build/hw.o
                                        0x207 (size before relaxing)
 .debug_str     0x0000000000000326       0xc6 build/uart.o
                                        0x1bb (size before relaxing)
 .debug_str     0x00000000000003ec       0x58 build/pwm.o
                                        0x14f (size before relaxing)
 .debug_str     0x0000000000000444      0x11a build/sched.o
                                        0x24e (size before relaxing)
 .debug_str     0x000000000000055e       0x26 build/util.o
                                         0x92 (size before relaxing)
 .debug_str     0x0000000000000584        0xe build/kmain.o
                                         0xf9 (size before relaxing)

.comment        0x0000000000000000       0x20
 .comment       0x0000000000000000       0x20 build/kheap.o
                                         0x21 (size before relaxing)
 .comment       0x0000000000000020       0x21 build/syscall.o
 .comment       0x0000000000000020       0x21 build/hw.o
 .comment       0x0000000000000020       0x21 build/uart.o
 .comment       0x0000000000000020       0x21 build/pwm.o
 .comment       0x0000000000000020       0x21 build/sched.o
 .comment       0x0000000000000020       0x21 build/util.o
 .comment       0x0000000000000020       0x21 build/kmain.o

.ARM.attributes
                0x0000000000000000       0x36
 .ARM.attributes
                0x0000000000000000       0x38 build/kheap.o
 .ARM.attributes
                0x0000000000000038       0x38 build/syscall.o
 .ARM.attributes
                0x0000000000000070       0x26 build/init.o
 .ARM.attributes
                0x0000000000000096       0x38 build/hw.o
 .ARM.attributes
                0x00000000000000ce       0x38 build/uart.o
 .ARM.attributes
                0x0000000000000106       0x38 build/pwm.o
 .ARM.attributes
                0x000000000000013e       0x38 build/sched.o
 .ARM.attributes
                0x0000000000000176       0x38 build/util.o
 .ARM.attributes
                0x00000000000001ae       0x26 build/asm_tools.o
 .ARM.attributes
                0x00000000000001d4       0x38 build/kmain.o

.debug_frame    0x0000000000000000      0x4e8
 .debug_frame   0x0000000000000000       0x84 build/kheap.o
 .debug_frame   0x0000000000000084       0xe0 build/syscall.o
 .debug_frame   0x0000000000000164      0x14c build/hw.o
 .debug_frame   0x00000000000002b0       0xa0 build/uart.o
 .debug_frame   0x0000000000000350       0x54 build/pwm.o
 .debug_frame   0x00000000000003a4       0xf8 build/sched.o
 .debug_frame   0x000000000000049c       0x24 build/util.o
 .debug_frame   0x00000000000004c0       0x28 build/kmain.o
