
Allocating common symbols
Common symbol       size              file

stackHead           0x4               build/syscall.o
pcb2                0x40              build/kmain.o
p2                  0x4               build/kmain.o
kernel_heap_limit   0x4               build/kheap.o
kmain_process       0x40              build/sched.o
p1                  0x4               build/kmain.o
kernel_heap_top     0x4               build/kheap.o
pcb1                0x40              build/kmain.o
current_process     0x4               build/sched.o
uart_error          0x4               build/uart.o

Memory Configuration

Name             Origin             Length             Attributes
RAM              0x0000000000008000 0x000000001fff8000
PERIPHERALS      0x0000000020000000 0x0000000000ffffff
*default*        0x0000000000000000 0xffffffffffffffff

Linker script and memory map

LOAD build/kheap.o
LOAD build/syscall.o
LOAD build/init.o
LOAD build/hw.o
LOAD build/uart.o
LOAD build/sched.o
LOAD build/pwm.o
LOAD build/asm_tools.o
LOAD build/util.o
LOAD build/kmain.o
                0x0000000000000200                KERNEL_STACK_SIZE = 0x200
                0x0000000000000200                SYS_STACK_SIZE = 0x200
                0x0000000000000200                IRQ_STACK_SIZE = 0x200
                0x0000000000100000                USER_STACKS_SIZE = 0x100000

.text           0x0000000000008000     0x152c
 build/init.o(.text*)
 .text          0x0000000000008000       0xc4 build/init.o
                0x0000000000008000                _start
 *(.text*)
 .text          0x00000000000080c4      0x360 build/kheap.o
                0x00000000000080c4                aligned_value
                0x0000000000008110                kAlloc_aligned
                0x00000000000082c4                kAlloc
                0x00000000000083b0                kFree
                0x00000000000083f8                kheap_init
 .text          0x0000000000008424      0x218 build/syscall.o
                0x0000000000008424                swi_handler
                0x00000000000084a0                sys_reboot
                0x00000000000084b4                sys_nop
                0x00000000000084c8                sys_settime
                0x0000000000008514                sys_gettime
                0x0000000000008588                do_sys_nop
                0x000000000000858c                do_sys_reboot
                0x0000000000008598                do_sys_settime
                0x0000000000008610                do_sys_gettime
 .text          0x000000000000863c      0x3a4 build/hw.o
                0x000000000000863c                divide
                0x00000000000086a4                get_date_ms
                0x00000000000086c8                set_date_ms
                0x0000000000008760                set_next_tick
                0x00000000000087b8                set_next_tick_default
                0x0000000000008804                timer_init
                0x0000000000008830                led_on
                0x000000000000886c                led_off
                0x00000000000088a8                led_switch
                0x00000000000088d4                led_status
                0x00000000000088e8                led_init
                0x000000000000891c                led_blink
                0x00000000000089b0                hw_init
                0x00000000000089c0                terminate_kernel
 .text          0x00000000000089e0      0x658 build/uart.o
                0x00000000000089e0                uart_init
                0x0000000000008afc                uart_send_str
                0x0000000000008b90                uart_send_int
                0x0000000000008d80                uart_receive_str
                0x0000000000008e5c                uart_receive_int
                0x0000000000009004                uart_is_receive_fifo_empty
 .text          0x0000000000009038      0x190 build/sched.o
                0x0000000000009038                sched_init
                0x0000000000009050                sys_yieldto
                0x0000000000009078                do_sys_yieldto
 .text          0x00000000000091c8      0x224 build/pwm.o
                0x0000000000009360                audio_test
 .text          0x00000000000093ec       0x48 build/asm_tools.o
                0x00000000000093ec                Set32
                0x00000000000093f4                Get32
                0x00000000000093fc                delay
                0x0000000000009410                memory_barrier
                0x0000000000009428                invalidate_cache
 .text          0x0000000000009434       0x10 build/util.o
                0x0000000000009434                kernel_panic
 .text          0x0000000000009444       0xe8 build/kmain.o
                0x0000000000009444                user_process_1
                0x0000000000009478                user_process_2
                0x00000000000094ac                kmain
                0x000000000000952c                __bss_start = .

.glue_7         0x000000000000952c        0x0
 .glue_7        0x000000000000952c        0x0 linker stubs

.glue_7t        0x000000000000952c        0x0
 .glue_7t       0x000000000000952c        0x0 linker stubs

.vfp11_veneer   0x000000000000952c        0x0
 .vfp11_veneer  0x000000000000952c        0x0 linker stubs

.v4_bx          0x000000000000952c        0x0
 .v4_bx         0x000000000000952c        0x0 linker stubs

.iplt           0x000000000000952c        0x0
 .iplt          0x000000000000952c        0x0 build/kheap.o

.bss            0x000000000000952c       0xe4
 *(.bss*)
 .bss           0x000000000000952c        0x4 build/kheap.o
                0x000000000000952c                freelist
 .bss           0x0000000000009530        0x0 build/syscall.o
 .bss           0x0000000000009530        0x0 build/init.o
 .bss           0x0000000000009530        0x4 build/hw.o
 .bss           0x0000000000009534        0x0 build/uart.o
 .bss           0x0000000000009534        0x0 build/sched.o
 .bss           0x0000000000009534        0x0 build/pwm.o
 .bss           0x0000000000009534        0x0 build/asm_tools.o
 .bss           0x0000000000009534        0x0 build/util.o
 .bss           0x0000000000009534        0x0 build/kmain.o
 COMMON         0x0000000000009534        0x8 build/kheap.o
                0x0000000000009534                kernel_heap_limit
                0x0000000000009538                kernel_heap_top
 COMMON         0x000000000000953c        0x4 build/syscall.o
                0x000000000000953c                stackHead
 COMMON         0x0000000000009540        0x4 build/uart.o
                0x0000000000009540                uart_error
 COMMON         0x0000000000009544       0x44 build/sched.o
                0x0000000000009544                kmain_process
                0x0000000000009584                current_process
 COMMON         0x0000000000009588       0x88 build/kmain.o
                0x0000000000009588                pcb2
                0x00000000000095c8                p2
                0x00000000000095cc                p1
                0x00000000000095d0                pcb1
                0x0000000000009610                __bss_end__ = .
                0x0000000000009610                __rodata_start__ = .

.rodata         0x0000000000009610       0x58
 *(.rodata*)
 .rodata        0x0000000000009610       0x10 build/syscall.o
 .rodata        0x0000000000009620       0x18 build/hw.o
 .rodata        0x0000000000009638       0x28 build/uart.o
 .rodata        0x0000000000009660        0x8 build/kmain.o
                0x0000000000009668                __rodata_end__ = .
                0x0000000000009668                __data_start__ = .

.rel.dyn        0x0000000000009668        0x0
 .rel.iplt      0x0000000000009668        0x0 build/kheap.o

.data           0x0000000000009668        0xc
 *(.data)
 .data          0x0000000000009668        0x0 build/kheap.o
 .data          0x0000000000009668        0x0 build/syscall.o
 .data          0x0000000000009668        0x0 build/init.o
 .data          0x0000000000009668        0x0 build/hw.o
 .data          0x0000000000009668        0x0 build/uart.o
 .data          0x0000000000009668        0x0 build/sched.o
 .data          0x0000000000009668        0xc build/pwm.o
 .data          0x0000000000009674        0x0 build/asm_tools.o
 .data          0x0000000000009674        0x0 build/util.o
 .data          0x0000000000009674        0x0 build/kmain.o
                0x0000000000009674                __data_end__ = .

.igot.plt       0x0000000000009674        0x0
 .igot.plt      0x0000000000009674        0x0 build/kheap.o

.stack          0x0000000000009674      0x600
                0x0000000000009674                __stack_start__ = .
                0x0000000000009874                . = (. + KERNEL_STACK_SIZE)
 *fill*         0x0000000000009674      0x200 
                0x0000000000009874                . = ALIGN (0x4)
                0x0000000000009874                __svc_stack_end__ = .
                0x0000000000009a74                . = (. + SYS_STACK_SIZE)
 *fill*         0x0000000000009874      0x200 
                0x0000000000009a74                . = ALIGN (0x4)
                0x0000000000009a74                __sys_stack_end__ = .
                0x0000000000009c74                . = (. + IRQ_STACK_SIZE)
 *fill*         0x0000000000009a74      0x200 
                0x0000000000009c74                . = ALIGN (0x4)
                0x0000000000009c74                __irq_stack_end__ = .
                0x0000000000009c74                __stacks_end__ = .
                0x000000000000a000                . = ALIGN (0x1000)
                0x000000000000a000                __kernel_heap_start__ = .
                0x0000000000ffffff                . = 0xffffff
                0x0000000000ffffff                __kernel_heap_end__ = .
                0x0000000001000000                . = ALIGN (0x1000)
                0x0000000001000000                __after_kernel_heap__ = .
                0x0000000020000000                . = 0x20000000

.devices        0x0000000020000000   0xffffff
                0x0000000020000000                __devices_start__ = .
                0x0000000020ffffff                . = (. + 0xffffff)
 *fill*         0x0000000020000000   0xffffff 
                0x0000000020ffffff                __devices_end__ = .
OUTPUT(build/kernel.elf elf32-littlearm)

.debug_info     0x0000000000000000      0xf15
 .debug_info    0x0000000000000000      0x28b build/kheap.o
 .debug_info    0x000000000000028b      0x20b build/syscall.o
 .debug_info    0x0000000000000496       0x6a build/init.o
 .debug_info    0x0000000000000500      0x29a build/hw.o
 .debug_info    0x000000000000079a      0x261 build/uart.o
 .debug_info    0x00000000000009fb      0x19b build/sched.o
 .debug_info    0x0000000000000b96      0x13a build/pwm.o
 .debug_info    0x0000000000000cd0       0x6f build/asm_tools.o
 .debug_info    0x0000000000000d3f       0x6c build/util.o
 .debug_info    0x0000000000000dab      0x16a build/kmain.o

.debug_abbrev   0x0000000000000000      0x79a
 .debug_abbrev  0x0000000000000000      0x12d build/kheap.o
 .debug_abbrev  0x000000000000012d       0xe0 build/syscall.o
 .debug_abbrev  0x000000000000020d       0x14 build/init.o
 .debug_abbrev  0x0000000000000221      0x146 build/hw.o
 .debug_abbrev  0x0000000000000367      0x10a build/uart.o
 .debug_abbrev  0x0000000000000471      0x12a build/sched.o
 .debug_abbrev  0x000000000000059b       0xaf build/pwm.o
 .debug_abbrev  0x000000000000064a       0x14 build/asm_tools.o
 .debug_abbrev  0x000000000000065e       0x5c build/util.o
 .debug_abbrev  0x00000000000006ba       0xe0 build/kmain.o

.debug_aranges  0x0000000000000000      0x140
 .debug_aranges
                0x0000000000000000       0x20 build/kheap.o
 .debug_aranges
                0x0000000000000020       0x20 build/syscall.o
 .debug_aranges
                0x0000000000000040       0x20 build/init.o
 .debug_aranges
                0x0000000000000060       0x20 build/hw.o
 .debug_aranges
                0x0000000000000080       0x20 build/uart.o
 .debug_aranges
                0x00000000000000a0       0x20 build/sched.o
 .debug_aranges
                0x00000000000000c0       0x20 build/pwm.o
 .debug_aranges
                0x00000000000000e0       0x20 build/asm_tools.o
 .debug_aranges
                0x0000000000000100       0x20 build/util.o
 .debug_aranges
                0x0000000000000120       0x20 build/kmain.o

.debug_line     0x0000000000000000      0x647
 .debug_line    0x0000000000000000       0xf2 build/kheap.o
 .debug_line    0x00000000000000f2       0xb3 build/syscall.o
 .debug_line    0x00000000000001a5       0x67 build/init.o
 .debug_line    0x000000000000020c       0xde build/hw.o
 .debug_line    0x00000000000002ea       0xf5 build/uart.o
 .debug_line    0x00000000000003df       0xb9 build/sched.o
 .debug_line    0x0000000000000498       0x7e build/pwm.o
 .debug_line    0x0000000000000516       0x4e build/asm_tools.o
 .debug_line    0x0000000000000564       0x3d build/util.o
 .debug_line    0x00000000000005a1       0xa6 build/kmain.o

.debug_str      0x0000000000000000      0x518
 .debug_str     0x0000000000000000      0x1c7 build/kheap.o
                                        0x202 (size before relaxing)
 .debug_str     0x00000000000001c7       0x91 build/syscall.o
                                        0x1df (size before relaxing)
 .debug_str     0x0000000000000258      0x102 build/hw.o
                                        0x229 (size before relaxing)
 .debug_str     0x000000000000035a       0xc2 build/uart.o
                                        0x1dd (size before relaxing)
 .debug_str     0x000000000000041c       0x6a build/sched.o
                                        0x19f (size before relaxing)
 .debug_str     0x0000000000000486       0x36 build/pwm.o
                                        0x14a (size before relaxing)
 .debug_str     0x00000000000004bc       0x26 build/util.o
                                         0xb4 (size before relaxing)
 .debug_str     0x00000000000004e2       0x36 build/kmain.o
                                        0x176 (size before relaxing)

.comment        0x0000000000000000       0x20
 .comment       0x0000000000000000       0x20 build/kheap.o
                                         0x21 (size before relaxing)
 .comment       0x0000000000000020       0x21 build/syscall.o
 .comment       0x0000000000000020       0x21 build/hw.o
 .comment       0x0000000000000020       0x21 build/uart.o
 .comment       0x0000000000000020       0x21 build/sched.o
 .comment       0x0000000000000020       0x21 build/pwm.o
 .comment       0x0000000000000020       0x21 build/util.o
 .comment       0x0000000000000020       0x21 build/kmain.o

.ARM.attributes
                0x0000000000000000       0x36
 .ARM.attributes
                0x0000000000000000       0x38 build/kheap.o
 .ARM.attributes
                0x0000000000000038       0x38 build/syscall.o
 .ARM.attributes
                0x0000000000000070       0x26 build/init.o
 .ARM.attributes
                0x0000000000000096       0x38 build/hw.o
 .ARM.attributes
                0x00000000000000ce       0x38 build/uart.o
 .ARM.attributes
                0x0000000000000106       0x38 build/sched.o
 .ARM.attributes
                0x000000000000013e       0x38 build/pwm.o
 .ARM.attributes
                0x0000000000000176       0x26 build/asm_tools.o
 .ARM.attributes
                0x000000000000019c       0x38 build/util.o
 .ARM.attributes
                0x00000000000001d4       0x38 build/kmain.o

.debug_frame    0x0000000000000000      0x45c
 .debug_frame   0x0000000000000000       0x84 build/kheap.o
 .debug_frame   0x0000000000000084       0xd0 build/syscall.o
 .debug_frame   0x0000000000000154      0x14c build/hw.o
 .debug_frame   0x00000000000002a0       0xa0 build/uart.o
 .debug_frame   0x0000000000000340       0x4c build/sched.o
 .debug_frame   0x000000000000038c       0x54 build/pwm.o
 .debug_frame   0x00000000000003e0       0x24 build/util.o
 .debug_frame   0x0000000000000404       0x58 build/kmain.o
