
Allocating common symbols
Common symbol       size              file

stackHead           0x4               build/syscall.o
kernel_heap_limit   0x4               build/kheap.o
kernel_heap_top     0x4               build/kheap.o
uart_error          0x4               build/uart.o

Memory Configuration

Name             Origin             Length             Attributes
RAM              0x0000000000008000 0x000000001fff8000
PERIPHERALS      0x0000000020000000 0x0000000000ffffff
*default*        0x0000000000000000 0xffffffffffffffff

Linker script and memory map

LOAD build/kheap.o
LOAD build/syscall.o
LOAD build/init.o
LOAD build/hw.o
LOAD build/uart.o
LOAD build/pwm.o
LOAD build/asm_tools.o
LOAD build/util.o
LOAD build/kmain.o
                0x0000000000000200                KERNEL_STACK_SIZE = 0x200
                0x0000000000000200                SYS_STACK_SIZE = 0x200
                0x0000000000000200                IRQ_STACK_SIZE = 0x200
                0x0000000000100000                USER_STACKS_SIZE = 0x100000

.text           0x0000000000008000     0x11a8
 build/init.o(.text*)
 .text          0x0000000000008000       0xc4 build/init.o
                0x0000000000008000                _start
 *(.text*)
 .text          0x00000000000080c4      0x360 build/kheap.o
                0x00000000000080c4                aligned_value
                0x0000000000008110                kAlloc_aligned
                0x00000000000082c4                kAlloc
                0x00000000000083b0                kFree
                0x00000000000083f8                kheap_init
 .text          0x0000000000008424       0xec build/syscall.o
                0x0000000000008424                sys_reboot
                0x0000000000008438                sys_nop
                0x000000000000844c                sys_settime
                0x0000000000008474                swi_handler
                0x00000000000084d4                do_sys_nop
                0x00000000000084d8                do_sys_reboot
                0x00000000000084e4                do_sys_settime
 .text          0x0000000000008510      0x3a4 build/hw.o
                0x0000000000008510                divide
                0x0000000000008578                get_date_ms
                0x000000000000859c                set_date_ms
                0x0000000000008634                set_next_tick
                0x000000000000868c                set_next_tick_default
                0x00000000000086d8                timer_init
                0x0000000000008704                led_on
                0x0000000000008740                led_off
                0x000000000000877c                led_switch
                0x00000000000087a8                led_status
                0x00000000000087bc                led_init
                0x00000000000087f0                led_blink
                0x0000000000008884                hw_init
                0x0000000000008894                terminate_kernel
 .text          0x00000000000088b4      0x658 build/uart.o
                0x00000000000088b4                uart_init
                0x00000000000089d0                uart_send_str
                0x0000000000008a64                uart_send_int
                0x0000000000008c54                uart_receive_str
                0x0000000000008d30                uart_receive_int
                0x0000000000008ed8                uart_is_receive_fifo_empty
 .text          0x0000000000008f0c      0x224 build/pwm.o
                0x00000000000090a4                audio_test
 .text          0x0000000000009130       0x48 build/asm_tools.o
                0x0000000000009130                Set32
                0x0000000000009138                Get32
                0x0000000000009140                delay
                0x0000000000009154                memory_barrier
                0x000000000000916c                invalidate_cache
 .text          0x0000000000009178       0x10 build/util.o
                0x0000000000009178                kernel_panic
 .text          0x0000000000009188       0x20 build/kmain.o
                0x0000000000009188                kmain
                0x00000000000091a8                __bss_start = .

.glue_7         0x00000000000091a8        0x0
 .glue_7        0x00000000000091a8        0x0 linker stubs

.glue_7t        0x00000000000091a8        0x0
 .glue_7t       0x00000000000091a8        0x0 linker stubs

.vfp11_veneer   0x00000000000091a8        0x0
 .vfp11_veneer  0x00000000000091a8        0x0 linker stubs

.v4_bx          0x00000000000091a8        0x0
 .v4_bx         0x00000000000091a8        0x0 linker stubs

.iplt           0x00000000000091a8        0x0
 .iplt          0x00000000000091a8        0x0 build/kheap.o

.bss            0x00000000000091a8       0x18
 *(.bss*)
 .bss           0x00000000000091a8        0x4 build/kheap.o
                0x00000000000091a8                freelist
 .bss           0x00000000000091ac        0x0 build/syscall.o
 .bss           0x00000000000091ac        0x0 build/init.o
 .bss           0x00000000000091ac        0x4 build/hw.o
 .bss           0x00000000000091b0        0x0 build/uart.o
 .bss           0x00000000000091b0        0x0 build/pwm.o
 .bss           0x00000000000091b0        0x0 build/asm_tools.o
 .bss           0x00000000000091b0        0x0 build/util.o
 .bss           0x00000000000091b0        0x0 build/kmain.o
 COMMON         0x00000000000091b0        0x8 build/kheap.o
                0x00000000000091b0                kernel_heap_limit
                0x00000000000091b4                kernel_heap_top
 COMMON         0x00000000000091b8        0x4 build/syscall.o
                0x00000000000091b8                stackHead
 COMMON         0x00000000000091bc        0x4 build/uart.o
                0x00000000000091bc                uart_error
                0x00000000000091c0                __bss_end__ = .
                0x00000000000091c0                __rodata_start__ = .

.rodata         0x00000000000091c0       0x50
 *(.rodata*)
 .rodata        0x00000000000091c0       0x10 build/syscall.o
 .rodata        0x00000000000091d0       0x18 build/hw.o
 .rodata        0x00000000000091e8       0x28 build/uart.o
                0x0000000000009210                __rodata_end__ = .
                0x0000000000009210                __data_start__ = .

.rel.dyn        0x0000000000009210        0x0
 .rel.iplt      0x0000000000009210        0x0 build/kheap.o

.data           0x0000000000009210        0xc
 *(.data)
 .data          0x0000000000009210        0x0 build/kheap.o
 .data          0x0000000000009210        0x0 build/syscall.o
 .data          0x0000000000009210        0x0 build/init.o
 .data          0x0000000000009210        0x0 build/hw.o
 .data          0x0000000000009210        0x0 build/uart.o
 .data          0x0000000000009210        0xc build/pwm.o
 .data          0x000000000000921c        0x0 build/asm_tools.o
 .data          0x000000000000921c        0x0 build/util.o
 .data          0x000000000000921c        0x0 build/kmain.o
                0x000000000000921c                __data_end__ = .

.igot.plt       0x000000000000921c        0x0
 .igot.plt      0x000000000000921c        0x0 build/kheap.o

.stack          0x000000000000921c      0x600
                0x000000000000921c                __stack_start__ = .
                0x000000000000941c                . = (. + KERNEL_STACK_SIZE)
 *fill*         0x000000000000921c      0x200 
                0x000000000000941c                . = ALIGN (0x4)
                0x000000000000941c                __svc_stack_end__ = .
                0x000000000000961c                . = (. + SYS_STACK_SIZE)
 *fill*         0x000000000000941c      0x200 
                0x000000000000961c                . = ALIGN (0x4)
                0x000000000000961c                __sys_stack_end__ = .
                0x000000000000981c                . = (. + IRQ_STACK_SIZE)
 *fill*         0x000000000000961c      0x200 
                0x000000000000981c                . = ALIGN (0x4)
                0x000000000000981c                __irq_stack_end__ = .
                0x000000000000981c                __stacks_end__ = .
                0x000000000000a000                . = ALIGN (0x1000)
                0x000000000000a000                __kernel_heap_start__ = .
                0x0000000000ffffff                . = 0xffffff
                0x0000000000ffffff                __kernel_heap_end__ = .
                0x0000000001000000                . = ALIGN (0x1000)
                0x0000000001000000                __after_kernel_heap__ = .
                0x0000000020000000                . = 0x20000000

.devices        0x0000000020000000   0xffffff
                0x0000000020000000                __devices_start__ = .
                0x0000000020ffffff                . = (. + 0xffffff)
 *fill*         0x0000000020000000   0xffffff 
                0x0000000020ffffff                __devices_end__ = .
OUTPUT(build/kernel.elf elf32-littlearm)

.debug_info     0x0000000000000000      0xbbb
 .debug_info    0x0000000000000000      0x28b build/kheap.o
 .debug_info    0x000000000000028b      0x13d build/syscall.o
 .debug_info    0x00000000000003c8       0x6a build/init.o
 .debug_info    0x0000000000000432      0x29a build/hw.o
 .debug_info    0x00000000000006cc      0x261 build/uart.o
 .debug_info    0x000000000000092d      0x13a build/pwm.o
 .debug_info    0x0000000000000a67       0x6f build/asm_tools.o
 .debug_info    0x0000000000000ad6       0x6c build/util.o
 .debug_info    0x0000000000000b42       0x79 build/kmain.o

.debug_abbrev   0x0000000000000000      0x5a7
 .debug_abbrev  0x0000000000000000      0x12d build/kheap.o
 .debug_abbrev  0x000000000000012d       0xb7 build/syscall.o
 .debug_abbrev  0x00000000000001e4       0x14 build/init.o
 .debug_abbrev  0x00000000000001f8      0x146 build/hw.o
 .debug_abbrev  0x000000000000033e      0x10a build/uart.o
 .debug_abbrev  0x0000000000000448       0xaf build/pwm.o
 .debug_abbrev  0x00000000000004f7       0x14 build/asm_tools.o
 .debug_abbrev  0x000000000000050b       0x5c build/util.o
 .debug_abbrev  0x0000000000000567       0x40 build/kmain.o

.debug_aranges  0x0000000000000000      0x120
 .debug_aranges
                0x0000000000000000       0x20 build/kheap.o
 .debug_aranges
                0x0000000000000020       0x20 build/syscall.o
 .debug_aranges
                0x0000000000000040       0x20 build/init.o
 .debug_aranges
                0x0000000000000060       0x20 build/hw.o
 .debug_aranges
                0x0000000000000080       0x20 build/uart.o
 .debug_aranges
                0x00000000000000a0       0x20 build/pwm.o
 .debug_aranges
                0x00000000000000c0       0x20 build/asm_tools.o
 .debug_aranges
                0x00000000000000e0       0x20 build/util.o
 .debug_aranges
                0x0000000000000100       0x20 build/kmain.o

.debug_line     0x0000000000000000      0x547
 .debug_line    0x0000000000000000       0xf2 build/kheap.o
 .debug_line    0x00000000000000f2       0x97 build/syscall.o
 .debug_line    0x0000000000000189       0x67 build/init.o
 .debug_line    0x00000000000001f0       0xde build/hw.o
 .debug_line    0x00000000000002ce       0xf5 build/uart.o
 .debug_line    0x00000000000003c3       0x7e build/pwm.o
 .debug_line    0x0000000000000441       0x4e build/asm_tools.o
 .debug_line    0x000000000000048f       0x3d build/util.o
 .debug_line    0x00000000000004cc       0x7b build/kmain.o

.debug_str      0x0000000000000000      0x4a6
 .debug_str     0x0000000000000000      0x1c7 build/kheap.o
                                        0x202 (size before relaxing)
 .debug_str     0x00000000000001c7       0x65 build/syscall.o
                                        0x199 (size before relaxing)
 .debug_str     0x000000000000022c      0x102 build/hw.o
                                        0x229 (size before relaxing)
 .debug_str     0x000000000000032e       0xcb build/uart.o
                                        0x1dd (size before relaxing)
 .debug_str     0x00000000000003f9       0x36 build/pwm.o
                                        0x14a (size before relaxing)
 .debug_str     0x000000000000042f       0x26 build/util.o
                                         0xb4 (size before relaxing)
 .debug_str     0x0000000000000455       0x51 build/kmain.o
                                        0x128 (size before relaxing)

.comment        0x0000000000000000       0x20
 .comment       0x0000000000000000       0x20 build/kheap.o
                                         0x21 (size before relaxing)
 .comment       0x0000000000000020       0x21 build/syscall.o
 .comment       0x0000000000000020       0x21 build/hw.o
 .comment       0x0000000000000020       0x21 build/uart.o
 .comment       0x0000000000000020       0x21 build/pwm.o
 .comment       0x0000000000000020       0x21 build/util.o
 .comment       0x0000000000000020       0x21 build/kmain.o

.ARM.attributes
                0x0000000000000000       0x36
 .ARM.attributes
                0x0000000000000000       0x38 build/kheap.o
 .ARM.attributes
                0x0000000000000038       0x38 build/syscall.o
 .ARM.attributes
                0x0000000000000070       0x26 build/init.o
 .ARM.attributes
                0x0000000000000096       0x38 build/hw.o
 .ARM.attributes
                0x00000000000000ce       0x38 build/uart.o
 .ARM.attributes
                0x0000000000000106       0x38 build/pwm.o
 .ARM.attributes
                0x000000000000013e       0x26 build/asm_tools.o
 .ARM.attributes
                0x0000000000000164       0x38 build/util.o
 .ARM.attributes
                0x000000000000019c       0x38 build/kmain.o

.debug_frame    0x0000000000000000      0x3b0
 .debug_frame   0x0000000000000000       0x84 build/kheap.o
 .debug_frame   0x0000000000000084       0xa0 build/syscall.o
 .debug_frame   0x0000000000000124      0x14c build/hw.o
 .debug_frame   0x0000000000000270       0xa0 build/uart.o
 .debug_frame   0x0000000000000310       0x54 build/pwm.o
 .debug_frame   0x0000000000000364       0x24 build/util.o
 .debug_frame   0x0000000000000388       0x28 build/kmain.o
