
Allocating common symbols
Common symbol       size              file

lr_irq              0x4               build/sched.o
call                0x4               build/syscall.o
kernel_heap_limit   0x4               build/kheap.o
kmain_process       0x58              build/sched.o
stackPointer2       0x4               build/sched.o
kernel_heap_top     0x4               build/kheap.o
current_process     0x4               build/sched.o
stackPointer        0x4               build/syscall.o
uart_error          0x4               build/uart.o

Memory Configuration

Name             Origin             Length             Attributes
RAM              0x0000000000008000 0x000000001fff8000
PERIPHERALS      0x0000000020000000 0x0000000000ffffff
*default*        0x0000000000000000 0xffffffffffffffff

Linker script and memory map

LOAD build/asm_tools.o
LOAD build/fb.o
LOAD build/hw.o
LOAD build/init.o
LOAD build/kheap.o
LOAD build/pwm.o
LOAD build/sched.o
LOAD build/syscall.o
LOAD build/uart.o
LOAD build/util.o
LOAD build/kmain.o
                0x0000000000000200                KERNEL_STACK_SIZE = 0x200
                0x0000000000000200                SYS_STACK_SIZE = 0x200
                0x0000000000000200                IRQ_STACK_SIZE = 0x200
                0x0000000000100000                USER_STACKS_SIZE = 0x100000

.text           0x0000000000008000     0x271c
 build/init.o(.text*)
 .text          0x0000000000008000       0xc4 build/init.o
                0x0000000000008000                _start
 *(.text*)
 .text          0x00000000000080c4       0x48 build/asm_tools.o
                0x00000000000080c4                Set32
                0x00000000000080cc                Get32
                0x00000000000080d4                delay
                0x00000000000080e8                memory_barrier
                0x0000000000008100                invalidate_cache
 .text          0x000000000000810c      0xcb8 build/fb.o
                0x0000000000008160                MailboxWrite
                0x00000000000081d8                MailboxRead
                0x0000000000008278                FramebufferInitialize
                0x0000000000008794                put_pixel_RGB24
                0x0000000000008830                draw
                0x0000000000008950                drawRed
                0x00000000000089ec                drawBlue
                0x0000000000008a88                render
                0x0000000000008b80                newLine
                0x0000000000008bac                drawChar
                0x0000000000008be4                drawString
                0x0000000000008c40                drawStringWithoutNewLine
                0x0000000000008c98                drawVerticalLine
                0x0000000000008cf4                drawHorizontalLine
                0x0000000000008d60                prompt
                0x0000000000008d78                drawHelloConsole
 .text          0x0000000000008dc4      0x3a4 build/hw.o
                0x0000000000008dc4                divide
                0x0000000000008e2c                get_date_ms
                0x0000000000008e50                set_date_ms
                0x0000000000008ee8                set_next_tick
                0x0000000000008f40                set_next_tick_default
                0x0000000000008f8c                timer_init
                0x0000000000008fb8                led_on
                0x0000000000008ff4                led_off
                0x0000000000009030                led_switch
                0x000000000000905c                led_status
                0x0000000000009070                led_init
                0x00000000000090a4                led_blink
                0x0000000000009138                hw_init
                0x0000000000009148                terminate_kernel
 .text          0x0000000000009168      0x360 build/kheap.o
                0x0000000000009168                aligned_value
                0x00000000000091b4                kAlloc_aligned
                0x0000000000009368                kAlloc
                0x0000000000009454                kFree
                0x000000000000949c                kheap_init
 .text          0x00000000000094c8      0x224 build/pwm.o
                0x0000000000009660                audio_test
 .text          0x00000000000096ec      0x68c build/sched.o
                0x00000000000096ec                irq_handler
                0x0000000000009774                sys_exit
                0x00000000000097a0                do_sys_exit
                0x0000000000009848                sys_yield
                0x0000000000009868                do_sys_yield
                0x00000000000099cc                sched_init
                0x0000000000009a04                create_process
                0x0000000000009ab4                elect
                0x0000000000009ad0                pouetpouet
                0x0000000000009ad4                sys_yieldto
                0x0000000000009b04                do_sys_yieldto
 .text          0x0000000000009d78      0x298 build/syscall.o
                0x0000000000009d78                swi_handler
                0x0000000000009e58                sys_settime
                0x0000000000009e90                sys_gettime
                0x0000000000009f00                sys_reboot
                0x0000000000009f20                pouet
                0x0000000000009f24                sys_nop
                0x0000000000009f50                do_sys_reboot
                0x0000000000009f5c                do_sys_nop
                0x0000000000009f64                do_sys_settime
                0x0000000000009fe0                do_sys_gettime
 .text          0x000000000000a010      0x658 build/uart.o
                0x000000000000a010                uart_init
                0x000000000000a12c                uart_send_str
                0x000000000000a1c0                uart_send_int
                0x000000000000a3b0                uart_receive_str
                0x000000000000a48c                uart_receive_int
                0x000000000000a634                uart_is_receive_fifo_empty
 .text          0x000000000000a668       0x10 build/util.o
                0x000000000000a668                kernel_panic
 .text          0x000000000000a678       0xa4 build/kmain.o
                0x000000000000a678                user_process_1
                0x000000000000a694                user_process_2
                0x000000000000a6b0                user_process_3
                0x000000000000a6cc                kmain
                0x000000000000a71c                __bss_start = .

.glue_7         0x000000000000a71c        0x0
 .glue_7        0x0000000000000000        0x0 linker stubs

.glue_7t        0x000000000000a71c        0x0
 .glue_7t       0x0000000000000000        0x0 linker stubs

.vfp11_veneer   0x000000000000a71c        0x0
 .vfp11_veneer  0x0000000000000000        0x0 linker stubs

.v4_bx          0x000000000000a71c        0x0
 .v4_bx         0x0000000000000000        0x0 linker stubs

.iplt           0x000000000000a71c        0x0
 .iplt          0x0000000000000000        0x0 build/asm_tools.o

.bss            0x000000000000a71c       0xa0
 *(.bss*)
 .bss           0x000000000000a71c        0x0 build/asm_tools.o
 .bss           0x000000000000a71c       0x20 build/fb.o
                0x000000000000a71c                offsetX
                0x000000000000a720                offsetY
 .bss           0x000000000000a73c        0x4 build/hw.o
 .bss           0x000000000000a740        0x0 build/init.o
 .bss           0x000000000000a740        0x4 build/kheap.o
                0x000000000000a740                freelist
 .bss           0x000000000000a744        0x0 build/pwm.o
 .bss           0x000000000000a744        0x0 build/sched.o
 .bss           0x000000000000a744        0x0 build/syscall.o
 .bss           0x000000000000a744        0x0 build/uart.o
 .bss           0x000000000000a744        0x0 build/util.o
 .bss           0x000000000000a744        0x0 build/kmain.o
 COMMON         0x000000000000a744        0x8 build/kheap.o
                0x000000000000a744                kernel_heap_limit
                0x000000000000a748                kernel_heap_top
 COMMON         0x000000000000a74c       0x64 build/sched.o
                0x000000000000a74c                lr_irq
                0x000000000000a750                kmain_process
                0x000000000000a7a8                stackPointer2
                0x000000000000a7ac                current_process
 COMMON         0x000000000000a7b0        0x8 build/syscall.o
                0x000000000000a7b0                call
                0x000000000000a7b4                stackPointer
 COMMON         0x000000000000a7b8        0x4 build/uart.o
                0x000000000000a7b8                uart_error
                0x000000000000a7bc                __bss_end__ = .
                0x000000000000a7bc                __rodata_start__ = .

.rodata         0x000000000000a7bc       0x84
 *(.rodata*)
 .rodata        0x000000000000a7bc       0x34 build/fb.o
 .rodata        0x000000000000a7f0       0x18 build/hw.o
 .rodata        0x000000000000a808       0x10 build/syscall.o
 .rodata        0x000000000000a818       0x28 build/uart.o
                0x000000000000a840                __rodata_end__ = .
                0x000000000000a840                __data_start__ = .

.rel.dyn        0x000000000000a840        0x0
 .rel.iplt      0x0000000000000000        0x0 build/asm_tools.o

.data           0x000000000000a840      0x40c
 *(.data)
 .data          0x000000000000a840        0x0 build/asm_tools.o
 .data          0x000000000000a840      0x400 build/fb.o
                0x000000000000a840                font8x8_basic
 .data          0x000000000000ac40        0x0 build/hw.o
 .data          0x000000000000ac40        0x0 build/init.o
 .data          0x000000000000ac40        0x0 build/kheap.o
 .data          0x000000000000ac40        0xc build/pwm.o
 .data          0x000000000000ac4c        0x0 build/sched.o
 .data          0x000000000000ac4c        0x0 build/syscall.o
 .data          0x000000000000ac4c        0x0 build/uart.o
 .data          0x000000000000ac4c        0x0 build/util.o
 .data          0x000000000000ac4c        0x0 build/kmain.o
                0x000000000000ac4c                __data_end__ = .

.igot.plt       0x000000000000ac4c        0x0
 .igot.plt      0x0000000000000000        0x0 build/asm_tools.o

.stack          0x000000000000ac4c      0x600
                0x000000000000ac4c                __stack_start__ = .
                0x000000000000ae4c                . = (. + KERNEL_STACK_SIZE)
 *fill*         0x000000000000ac4c      0x200 
                0x000000000000ae4c                . = ALIGN (0x4)
                0x000000000000ae4c                __svc_stack_end__ = .
                0x000000000000b04c                . = (. + SYS_STACK_SIZE)
 *fill*         0x000000000000ae4c      0x200 
                0x000000000000b04c                . = ALIGN (0x4)
                0x000000000000b04c                __sys_stack_end__ = .
                0x000000000000b24c                . = (. + IRQ_STACK_SIZE)
 *fill*         0x000000000000b04c      0x200 
                0x000000000000b24c                . = ALIGN (0x4)
                0x000000000000b24c                __irq_stack_end__ = .
                0x000000000000b24c                __stacks_end__ = .
                0x000000000000c000                . = ALIGN (0x1000)
                0x000000000000c000                __kernel_heap_start__ = .
                0x0000000000ffffff                . = 0xffffff
                0x0000000000ffffff                __kernel_heap_end__ = .
                0x0000000001000000                . = ALIGN (0x1000)
                0x0000000001000000                __after_kernel_heap__ = .
                0x0000000020000000                . = 0x20000000

.devices        0x0000000020000000   0xffffff
                0x0000000020000000                __devices_start__ = .
                0x0000000020ffffff                . = (. + 0xffffff)
 *fill*         0x0000000020000000   0xffffff 
                0x0000000020ffffff                __devices_end__ = .
OUTPUT(build/kernel.elf elf32-littlearm)

.ARM.attributes
                0x0000000000000000       0x34
 .ARM.attributes
                0x0000000000000000       0x26 build/asm_tools.o
 .ARM.attributes
                0x0000000000000026       0x38 build/fb.o
 .ARM.attributes
                0x000000000000005e       0x38 build/hw.o
 .ARM.attributes
                0x0000000000000096       0x26 build/init.o
 .ARM.attributes
                0x00000000000000bc       0x38 build/kheap.o
 .ARM.attributes
                0x00000000000000f4       0x38 build/pwm.o
 .ARM.attributes
                0x000000000000012c       0x38 build/sched.o
 .ARM.attributes
                0x0000000000000164       0x38 build/syscall.o
 .ARM.attributes
                0x000000000000019c       0x38 build/uart.o
 .ARM.attributes
                0x00000000000001d4       0x38 build/util.o
 .ARM.attributes
                0x000000000000020c       0x38 build/kmain.o

.comment        0x0000000000000000       0x1f
 .comment       0x0000000000000000       0x1f build/fb.o
                                         0x20 (size before relaxing)
 .comment       0x0000000000000000       0x20 build/hw.o
 .comment       0x0000000000000000       0x20 build/kheap.o
 .comment       0x0000000000000000       0x20 build/pwm.o
 .comment       0x0000000000000000       0x20 build/sched.o
 .comment       0x0000000000000000       0x20 build/syscall.o
 .comment       0x0000000000000000       0x20 build/uart.o
 .comment       0x0000000000000000       0x20 build/util.o
 .comment       0x0000000000000000       0x20 build/kmain.o

.debug_line     0x0000000000000000      0x8ca
 .debug_line    0x0000000000000000       0x4e build/asm_tools.o
 .debug_line    0x000000000000004e      0x22b build/fb.o
 .debug_line    0x0000000000000279       0xe0 build/hw.o
 .debug_line    0x0000000000000359       0x67 build/init.o
 .debug_line    0x00000000000003c0       0xf4 build/kheap.o
 .debug_line    0x00000000000004b4       0x7e build/pwm.o
 .debug_line    0x0000000000000532      0x12a build/sched.o
 .debug_line    0x000000000000065c       0xc6 build/syscall.o
 .debug_line    0x0000000000000722       0xf5 build/uart.o
 .debug_line    0x0000000000000817       0x3d build/util.o
 .debug_line    0x0000000000000854       0x76 build/kmain.o

.debug_info     0x0000000000000000     0x16bd
 .debug_info    0x0000000000000000       0x5b build/asm_tools.o
 .debug_info    0x000000000000005b      0x614 build/fb.o
 .debug_info    0x000000000000066f      0x29a build/hw.o
 .debug_info    0x0000000000000909       0x56 build/init.o
 .debug_info    0x000000000000095f      0x28b build/kheap.o
 .debug_info    0x0000000000000bea      0x13a build/pwm.o
 .debug_info    0x0000000000000d24      0x39e build/sched.o
 .debug_info    0x00000000000010c2      0x234 build/syscall.o
 .debug_info    0x00000000000012f6      0x261 build/uart.o
 .debug_info    0x0000000000001557       0x6c build/util.o
 .debug_info    0x00000000000015c3       0xfa build/kmain.o

.debug_abbrev   0x0000000000000000      0x9b4
 .debug_abbrev  0x0000000000000000       0x14 build/asm_tools.o
 .debug_abbrev  0x0000000000000014      0x213 build/fb.o
 .debug_abbrev  0x0000000000000227      0x146 build/hw.o
 .debug_abbrev  0x000000000000036d       0x14 build/init.o
 .debug_abbrev  0x0000000000000381      0x12d build/kheap.o
 .debug_abbrev  0x00000000000004ae       0xaf build/pwm.o
 .debug_abbrev  0x000000000000055d      0x16b build/sched.o
 .debug_abbrev  0x00000000000006c8      0x105 build/syscall.o
 .debug_abbrev  0x00000000000007cd      0x10a build/uart.o
 .debug_abbrev  0x00000000000008d7       0x5c build/util.o
 .debug_abbrev  0x0000000000000933       0x81 build/kmain.o

.debug_aranges  0x0000000000000000      0x160
 .debug_aranges
                0x0000000000000000       0x20 build/asm_tools.o
 .debug_aranges
                0x0000000000000020       0x20 build/fb.o
 .debug_aranges
                0x0000000000000040       0x20 build/hw.o
 .debug_aranges
                0x0000000000000060       0x20 build/init.o
 .debug_aranges
                0x0000000000000080       0x20 build/kheap.o
 .debug_aranges
                0x00000000000000a0       0x20 build/pwm.o
 .debug_aranges
                0x00000000000000c0       0x20 build/sched.o
 .debug_aranges
                0x00000000000000e0       0x20 build/syscall.o
 .debug_aranges
                0x0000000000000100       0x20 build/uart.o
 .debug_aranges
                0x0000000000000120       0x20 build/util.o
 .debug_aranges
                0x0000000000000140       0x20 build/kmain.o

.debug_str      0x0000000000000000      0x792
 .debug_str     0x0000000000000000      0x2d2 build/fb.o
                                        0x312 (size before relaxing)
 .debug_str     0x00000000000002d2      0x10b build/hw.o
                                        0x218 (size before relaxing)
 .debug_str     0x00000000000003dd       0xd8 build/kheap.o
                                        0x1f1 (size before relaxing)
 .debug_str     0x00000000000004b5       0x36 build/pwm.o
                                        0x139 (size before relaxing)
 .debug_str     0x00000000000004eb      0x12c build/sched.o
                                        0x25f (size before relaxing)
 .debug_str     0x0000000000000617       0x64 build/syscall.o
                                        0x1bd (size before relaxing)
 .debug_str     0x000000000000067b       0xbd build/uart.o
                                        0x1cc (size before relaxing)
 .debug_str     0x0000000000000738       0x1f build/util.o
                                         0xa3 (size before relaxing)
 .debug_str     0x0000000000000757       0x3b build/kmain.o
                                        0x13e (size before relaxing)

.debug_frame    0x0000000000000000      0x6d8
 .debug_frame   0x0000000000000000      0x1b4 build/fb.o
 .debug_frame   0x00000000000001b4      0x14c build/hw.o
 .debug_frame   0x0000000000000300       0x84 build/kheap.o
 .debug_frame   0x0000000000000384       0x54 build/pwm.o
 .debug_frame   0x00000000000003d8       0xf8 build/sched.o
 .debug_frame   0x00000000000004d0       0xe0 build/syscall.o
 .debug_frame   0x00000000000005b0       0xa0 build/uart.o
 .debug_frame   0x0000000000000650       0x24 build/util.o
 .debug_frame   0x0000000000000674       0x64 build/kmain.o
