Archive member included because of file (symbol)

./libcsud.a(device.keyboard.c.o)
                              build/keyboard.o (KeyboardGetAddress)
./libcsud.a(platform.c.o)     ./libcsud.a(device.keyboard.c.o) (MemoryAllocate)
./libcsud.a(usbd.c.o)         build/kmain.o (UsbInitialise)
./libcsud.a(device.hid.c.o)   ./libcsud.a(device.keyboard.c.o) (HidReadDevice)
./libcsud.a(device.hub.c.o)   ./libcsud.a(usbd.c.o) (HubPortReset)
./libcsud.a(hcd.designware20.c.o)
                              ./libcsud.a(usbd.c.o) (HcdSumbitControlMessage)
./libcsud.a(hcd.designware20.roothub.c.o)
                              ./libcsud.a(hcd.designware20.c.o) (HcdProcessRootHubMessage)
./libcsud.a(platform.armv6.c.o)
                              ./libcsud.a(hcd.designware20.c.o) (__aeabi_uidiv)
./libcsud.a(platform.broadcom2835.c.o)
                              ./libcsud.a(usbd.c.o) (MicroDelay)

Allocating common symbols
Common symbol       size              file

lr_irq              0x4               build/sched.o
CorePhysical        0x4               ./libcsud.a(hcd.designware20.c.o)
call                0x4               build/syscall.o
commandLine         0x100             build/kmain.o
kernel_heap_limit   0x4               build/kheap.o
command             0x100             build/kmain.o
DeviceNumbers       0x4               ./libcsud.a(usbd.c.o)
kmain_process       0x58              build/sched.o
HostPhysical        0x4               ./libcsud.a(hcd.designware20.c.o)
stackPointer2       0x4               build/sched.o
history             0x100             build/kmain.o
kernel_heap_top     0x4               build/kheap.o
parameters          0x100             build/kmain.o
keyboards           0x10              ./libcsud.a(device.keyboard.c.o)
PowerPhysical       0x4               ./libcsud.a(hcd.designware20.c.o)
current_process     0x4               build/sched.o
Heap                0x4000            ./libcsud.a(platform.c.o)
Allocations         0xc00             ./libcsud.a(platform.c.o)
stackPointer        0x4               build/syscall.o
uart_error          0x4               build/uart.o

Memory Configuration

Name             Origin             Length             Attributes
RAM              0x0000000000008000 0x000000001fff8000
PERIPHERALS      0x0000000020000000 0x0000000000ffffff
*default*        0x0000000000000000 0xffffffffffffffff

Linker script and memory map

LOAD build/asm_tools.o
LOAD build/fb.o
LOAD build/hw.o
LOAD build/init.o
LOAD build/keyboard.o
LOAD build/kheap.o
LOAD build/pwm.o
LOAD build/sched.o
LOAD build/syscall.o
LOAD build/uart.o
LOAD build/util.o
LOAD build/kmain.o
LOAD tune.o
                0x0000000000000200                KERNEL_STACK_SIZE = 0x200
                0x0000000000000200                SYS_STACK_SIZE = 0x200
                0x0000000000000200                IRQ_STACK_SIZE = 0x200
                0x0000000000100000                USER_STACKS_SIZE = 0x100000

.text           0x0000000000008000     0x9fe4
 build/init.o(.text*)
 .text          0x0000000000008000       0xc4 build/init.o
                0x0000000000008000                _start
 *(.text*)
 .text          0x00000000000080c4       0x48 build/asm_tools.o
                0x00000000000080c4                Set32
                0x00000000000080cc                Get32
                0x00000000000080d4                delay
                0x00000000000080e8                memory_barrier
                0x0000000000008100                invalidate_cache
 .text          0x000000000000810c      0xe98 build/fb.o
                0x0000000000008160                MailboxWrite
                0x00000000000081d8                MailboxRead
                0x0000000000008278                FramebufferInitialize
                0x0000000000008794                put_pixel_RGB24
                0x0000000000008830                draw
                0x0000000000008950                drawRed
                0x00000000000089ec                drawBlue
                0x0000000000008a88                render
                0x0000000000008b90                newLine
                0x0000000000008bbc                drawChar
                0x0000000000008bf4                drawString
                0x0000000000008c50                drawStringWithoutNewLine
                0x0000000000008ca8                drawVerticalLine
                0x0000000000008d18                drawHorizontalLine
                0x0000000000008d98                prompt
                0x0000000000008db0                drawHelloConsole
                0x0000000000008dfc                clear
                0x0000000000008e98                setColor
                0x0000000000008eec                drawError
                0x0000000000008f88                increaseOffsetY
 .text          0x0000000000008fa4      0x3a4 build/hw.o
                0x0000000000008fa4                divide
                0x000000000000900c                get_date_ms
                0x0000000000009030                set_date_ms
                0x00000000000090c8                set_next_tick
                0x0000000000009120                set_next_tick_default
                0x000000000000916c                timer_init
                0x0000000000009198                led_on
                0x00000000000091d4                led_off
                0x0000000000009210                led_switch
                0x000000000000923c                led_status
                0x0000000000009250                led_init
                0x0000000000009284                led_blink
                0x0000000000009318                hw_init
                0x0000000000009328                terminate_kernel
 .text          0x0000000000009348      0x144 build/keyboard.o
                0x0000000000009348                KeyboardUpdate
                0x00000000000093cc                KeyWasDown
                0x00000000000093fc                KeyboardGetChar
 .text          0x000000000000948c      0x360 build/kheap.o
                0x000000000000948c                aligned_value
                0x00000000000094d8                kAlloc_aligned
                0x000000000000968c                kAlloc
                0x0000000000009778                kFree
                0x00000000000097c0                kheap_init
 .text          0x00000000000097ec      0x234 build/pwm.o
                0x000000000000996c                audio_test
 .text          0x0000000000009a20      0x690 build/sched.o
                0x0000000000009a20                irq_handler
                0x0000000000009aac                sys_exit
                0x0000000000009ad8                do_sys_exit
                0x0000000000009b80                sys_yield
                0x0000000000009ba0                do_sys_yield
                0x0000000000009d04                sched_init
                0x0000000000009d3c                create_process
                0x0000000000009dec                elect
                0x0000000000009e08                pouetpouet
                0x0000000000009e0c                sys_yieldto
                0x0000000000009e3c                do_sys_yieldto
 .text          0x000000000000a0b0      0x298 build/syscall.o
                0x000000000000a0b0                swi_handler
                0x000000000000a190                sys_settime
                0x000000000000a1c8                sys_gettime
                0x000000000000a238                sys_reboot
                0x000000000000a258                pouet
                0x000000000000a25c                sys_nop
                0x000000000000a288                do_sys_reboot
                0x000000000000a294                do_sys_nop
                0x000000000000a29c                do_sys_settime
                0x000000000000a318                do_sys_gettime
 .text          0x000000000000a348      0x658 build/uart.o
                0x000000000000a348                uart_init
                0x000000000000a464                uart_send_str
                0x000000000000a4f8                uart_send_int
                0x000000000000a6e8                uart_receive_str
                0x000000000000a7c4                uart_receive_int
                0x000000000000a96c                uart_is_receive_fifo_empty
 .text          0x000000000000a9a0       0x10 build/util.o
                0x000000000000a9a0                kernel_panic
 .text          0x000000000000a9b0      0x7b0 build/kmain.o
                0x000000000000a9b0                drawSnoop
                0x000000000000ab30                printSnoop
                0x000000000000abe0                strcmp
                0x000000000000ac54                testAffichage
                0x000000000000acc0                commandProcess
                0x000000000000aef0                applyMethod
                0x000000000000af20                keyboardLoop
                0x000000000000b0cc                printHeader
                0x000000000000b0f0                dummy
                0x000000000000b10c                kmain
 .text          0x000000000000b160     0x1000 ./libcsud.a(device.keyboard.c.o)
                0x000000000000b160                KeyboardDetached
                0x000000000000b1dc                KeyboardDeallocate
                0x000000000000b254                KeyboardIndex
                0x000000000000b2ac                KeyboardGetAddress
                0x000000000000b2f4                KeyboardScan
                0x000000000000b9c0                KeyboardCount
                0x000000000000b9d0                KeyboardSetLeds
                0x000000000000bbec                KeyboardGetLedSupport
                0x000000000000bc38                KeyboardPoll
                0x000000000000bf7c                KeyboardGetModifiers
                0x000000000000bfc8                KeyboardGetKeyDownCount
                0x000000000000c02c                KeyboadGetKeyIsDown
                0x000000000000c0e4                KeyboardGetKeyDown
 .text          0x000000000000c160      0x5c0 ./libcsud.a(platform.c.o)
                0x000000000000c160                MemoryReserve
                0x000000000000c168                MemoryAllocate
                0x000000000000c5b8                MemoryDeallocate
                0x000000000000c6d0                MemoryCopy
 .text          0x000000000000c720     0x10e8 ./libcsud.a(usbd.c.o)
                0x000000000000c720                UsbGetRootHub
                0x000000000000c730                UsbPrintDeviceTree
                0x000000000000c7fc                UsbControlMessage
                0x000000000000c8f4                UsbGetDescriptor
                0x000000000000c9e0                UsbGetString
                0x000000000000ca4c                UsbReadStringLang
                0x000000000000cad0                UsbReadString
                0x000000000000cbd0                UsbReadDeviceDescriptor
                0x000000000000cd10                UsbSetAddress
                0x000000000000cdf0                UsbSetConfiguration
                0x000000000000cec4                UsbConfigure
                0x000000000000d094                UsbGetDescription
                0x000000000000d344                UsbScanDevice
                0x000000000000d56c                UsbAllocateDevice
                0x000000000000d628                UsbDeallocateDevice
                0x000000000000d740                UsbScanRootHub
                0x000000000000d790                UsbInitialise
                0x000000000000d7ec                UsbCheckForChange
 .text          0x000000000000d808     0x1b24 ./libcsud.a(device.hid.c.o)
                0x000000000000d808                HidEnumerateActionCountField
                0x000000000000d930                HidDetached
                0x000000000000d96c                HidEnumerateActionAddField
                0x000000000000e174                HidDeallocate
                0x000000000000e2c8                HidEnumerateActionCountReport
                0x000000000000e380                HidGetReport
                0x000000000000e43c                HidSetReport
                0x000000000000e4ec                BitSet
                0x000000000000e618                BitGetUnsigned
                0x000000000000e720                BitGetSigned
                0x000000000000e74c                HidReadDevice
                0x000000000000e948                HidWriteDevice
                0x000000000000eaf4                HidSetProtocol
                0x000000000000eba4                HidEnumerateReport
                0x000000000000ecfc                HidParseReportDescriptor
                0x000000000000f02c                HidScan
                0x000000000000f31c                HidGetFieldValue
 .text          0x000000000000f32c      0xd34 ./libcsud.a(device.hub.c.o)
                0x000000000000f32c                HubDetached
                0x000000000000f3cc                HubDeallocate
                0x000000000000f4a8                HubReadDescriptor
                0x000000000000f5a0                HubGetStatus
                0x000000000000f678                HubPortGetStatus
                0x000000000000f758                HubChangeFeature
                0x000000000000f80c                HubChangePortFeature
                0x000000000000f8c8                HubPowerOn
                0x000000000000f970                HubPortReset
                0x000000000000fa44                HubPortConnectionChanged
                0x000000000000fc4c                HubCheckConnection
                0x000000000000fd80                HubRecursiveCheck
                0x000000000000fe48                HubScan
 .text          0x0000000000010060     0x160c ./libcsud.a(hcd.designware20.c.o)
                0x0000000000010060                WriteThroughRegMask
                0x00000000000100f4                WriteThroughReg
                0x00000000000100fc                ReadBackReg
                0x00000000000101a0                ClearReg
                0x0000000000010208                SetReg
                0x00000000000102a4                HcdReset
                0x0000000000010354                HcdTransmitFifoFlush
                0x00000000000103e8                HcdReceiveFifoFlush
                0x0000000000010460                HcdPrepareChannel
                0x0000000000010778                HcdTransmitChannel
                0x0000000000010824                HcdChannelInterruptToError
                0x0000000000010900                HcdChannelSendWaitOne
                0x0000000000010bbc                HcdChannelSendWait
                0x0000000000010cd4                HcdSumbitControlMessage
                0x0000000000010f1c                HcdInitialise
                0x00000000000110b0                HcdStart
                0x000000000001160c                HcdStop
                0x0000000000011630                HcdDeinitialise
 .text          0x000000000001166c      0x6f0 ./libcsud.a(hcd.designware20.roothub.c.o)
                0x000000000001166c                HcdProcessRootHubMessage
 .text          0x0000000000011d5c      0x16c ./libcsud.a(platform.armv6.c.o)
                0x0000000000011d5c                __aeabi_uidivmod
                0x0000000000011e90                __aeabi_uidiv
 .text          0x0000000000011ec8      0x11c ./libcsud.a(platform.broadcom2835.c.o)
                0x0000000000011ec8                MicroDelay
                0x0000000000011f38                PowerOnUsb
                0x0000000000011fe4                __bss_start = .

.glue_7         0x0000000000011fe4        0x0
 .glue_7        0x0000000000000000        0x0 linker stubs

.glue_7t        0x0000000000011fe4        0x0
 .glue_7t       0x0000000000000000        0x0 linker stubs

.vfp11_veneer   0x0000000000011fe4        0x0
 .vfp11_veneer  0x0000000000000000        0x0 linker stubs

.v4_bx          0x0000000000011fe4        0x0
 .v4_bx         0x0000000000000000        0x0 linker stubs

.iplt           0x0000000000011fe4        0x0
 .iplt          0x0000000000000000        0x0 build/asm_tools.o

.bss            0x0000000000011fe8     0x5108
 *(.bss*)
 .bss           0x0000000000011fe8        0x0 build/asm_tools.o
 .bss           0x0000000000011fe8       0x20 build/fb.o
                0x0000000000011fe8                offsetX
                0x0000000000011fec                offsetY
 .bss           0x0000000000012008        0x4 build/hw.o
 .bss           0x000000000001200c        0x0 build/init.o
 .bss           0x000000000001200c        0x0 build/keyboard.o
 .bss           0x000000000001200c        0x4 build/kheap.o
                0x000000000001200c                freelist
 .bss           0x0000000000012010        0x0 build/pwm.o
 .bss           0x0000000000012010        0x0 build/sched.o
 .bss           0x0000000000012010        0x0 build/syscall.o
 .bss           0x0000000000012010        0x0 build/uart.o
 .bss           0x0000000000012010        0x0 build/util.o
 .bss           0x0000000000012010       0x10 build/kmain.o
                0x0000000000012010                commandLineSize
                0x0000000000012014                commandSize
                0x0000000000012018                parametersSize
                0x000000000001201c                historySize
 .bss           0x0000000000012020       0x14 ./libcsud.a(device.keyboard.c.o)
                0x0000000000012020                keyboardAddresses
                0x0000000000012030                keyboardCount
 .bss           0x0000000000012034        0x8 ./libcsud.a(platform.c.o)
                0x0000000000012034                FirstFreeAllocation
                0x0000000000012038                allocated
 .bss           0x000000000001203c        0x4 ./libcsud.a(usbd.c.o)
                0x000000000001203c                RootHub
 .bss           0x0000000000012040        0x0 ./libcsud.a(device.hid.c.o)
 .bss           0x0000000000012040        0x0 ./libcsud.a(device.hub.c.o)
 .bss           0x0000000000012040       0x14 ./libcsud.a(hcd.designware20.c.o)
                0x0000000000012040                Core
                0x0000000000012044                Host
                0x0000000000012048                Power
                0x000000000001204c                databuffer
                0x0000000000012050                PhyInitialised
 .bss           0x0000000000012054        0x4 ./libcsud.a(hcd.designware20.roothub.c.o)
                0x0000000000012054                RootHubDeviceNumber
 .bss           0x0000000000012058        0x0 ./libcsud.a(platform.armv6.c.o)
 .bss           0x0000000000012058        0x0 ./libcsud.a(platform.broadcom2835.c.o)
 COMMON         0x0000000000012058        0x8 build/kheap.o
                0x0000000000012058                kernel_heap_limit
                0x000000000001205c                kernel_heap_top
 COMMON         0x0000000000012060       0x64 build/sched.o
                0x0000000000012060                lr_irq
                0x0000000000012064                kmain_process
                0x00000000000120bc                stackPointer2
                0x00000000000120c0                current_process
 COMMON         0x00000000000120c4        0x8 build/syscall.o
                0x00000000000120c4                call
                0x00000000000120c8                stackPointer
 COMMON         0x00000000000120cc        0x4 build/uart.o
                0x00000000000120cc                uart_error
 COMMON         0x00000000000120d0      0x400 build/kmain.o
                0x00000000000120d0                commandLine
                0x00000000000121d0                command
                0x00000000000122d0                history
                0x00000000000123d0                parameters
 COMMON         0x00000000000124d0       0x10 ./libcsud.a(device.keyboard.c.o)
                0x00000000000124d0                keyboards
 COMMON         0x00000000000124e0     0x4c00 ./libcsud.a(platform.c.o)
                0x00000000000124e0                Heap
                0x00000000000164e0                Allocations
 COMMON         0x00000000000170e0        0x4 ./libcsud.a(usbd.c.o)
                0x00000000000170e0                DeviceNumbers
 COMMON         0x00000000000170e4        0xc ./libcsud.a(hcd.designware20.c.o)
                0x00000000000170e4                CorePhysical
                0x00000000000170e8                HostPhysical
                0x00000000000170ec                PowerPhysical
                0x00000000000170f0                __bss_end__ = .
                0x00000000000170f0                __rodata_start__ = .

.rodata         0x00000000000170f0     0x1314
 *(.rodata*)
 .rodata        0x00000000000170f0       0x34 build/fb.o
 .rodata        0x0000000000017124       0x18 build/hw.o
 .rodata        0x000000000001713c       0x10 build/syscall.o
 .rodata        0x000000000001714c       0x28 build/uart.o
 .rodata        0x0000000000017174     0x1038 build/kmain.o
 .rodata        0x00000000000181ac      0x248 ./libcsud.a(usbd.c.o)
 .rodata.str1.4
                0x00000000000183f4       0x10 ./libcsud.a(usbd.c.o)
                0x0000000000018404                __rodata_end__ = .
                0x0000000000018404                __data_start__ = .

.rel.dyn        0x0000000000018404        0x0
 .rel.iplt      0x0000000000000000        0x0 build/asm_tools.o

.data           0x0000000000018408     0xa4b4
 *(.data)
 .data          0x0000000000018408        0x0 build/asm_tools.o
 .data          0x0000000000018408      0x404 build/fb.o
                0x0000000000018408                font8x8_basic
                0x0000000000018808                redC
                0x0000000000018809                greenC
                0x000000000001880a                blueC
 .data          0x000000000001880c        0x0 build/hw.o
 .data          0x000000000001880c        0x0 build/init.o
 *fill*         0x000000000001880c        0x4 
 .data          0x0000000000018810       0xe0 build/keyboard.o
 .data          0x00000000000188f0        0x0 build/kheap.o
 .data          0x00000000000188f0       0x10 build/pwm.o
                0x00000000000188fc                audio_data
 .data          0x0000000000018900        0x0 build/sched.o
 .data          0x0000000000018900        0x0 build/syscall.o
 .data          0x0000000000018900        0x0 build/uart.o
 .data          0x0000000000018900        0x0 build/util.o
 .data          0x0000000000018900       0x6c build/kmain.o
                0x0000000000018900                snoopIMG
                0x0000000000018904                snoopLine
                0x0000000000018908                snoopSize
                0x000000000001890c                snoopWidth
                0x0000000000018910                snoopArray
 .data          0x000000000001896c     0x9ee5 tune.o
                0x000000000001896c                _binary_tune_wav_start
                0x0000000000022851                _binary_tune_wav_end
 .data          0x0000000000022851        0x0 ./libcsud.a(device.keyboard.c.o)
 *fill*         0x0000000000022851        0x3 
 .data          0x0000000000022854        0x4 ./libcsud.a(platform.c.o)
                0x0000000000022854                FirstAllocation
 .data          0x0000000000022858        0x0 ./libcsud.a(usbd.c.o)
 .data          0x0000000000022858        0x0 ./libcsud.a(device.hid.c.o)
 .data          0x0000000000022858        0x0 ./libcsud.a(device.hub.c.o)
 .data          0x0000000000022858        0x0 ./libcsud.a(hcd.designware20.c.o)
 .data          0x0000000000022858       0x64 ./libcsud.a(hcd.designware20.roothub.c.o)
                0x0000000000022858                DeviceDescriptor
                0x000000000002286c                ConfigurationDescriptor
                0x0000000000022888                String0
                0x000000000002288c                String1
                0x00000000000228b0                HubDescriptor
 .data          0x00000000000228bc        0x0 ./libcsud.a(platform.armv6.c.o)
 .data          0x00000000000228bc        0x0 ./libcsud.a(platform.broadcom2835.c.o)
                0x00000000000228bc                __data_end__ = .

.igot.plt       0x00000000000228bc        0x0
 .igot.plt      0x0000000000000000        0x0 build/asm_tools.o

.stack          0x00000000000228bc      0x600
                0x00000000000228bc                __stack_start__ = .
                0x0000000000022abc                . = (. + KERNEL_STACK_SIZE)
 *fill*         0x00000000000228bc      0x200 
                0x0000000000022abc                . = ALIGN (0x4)
                0x0000000000022abc                __svc_stack_end__ = .
                0x0000000000022cbc                . = (. + SYS_STACK_SIZE)
 *fill*         0x0000000000022abc      0x200 
                0x0000000000022cbc                . = ALIGN (0x4)
                0x0000000000022cbc                __sys_stack_end__ = .
                0x0000000000022ebc                . = (. + IRQ_STACK_SIZE)
 *fill*         0x0000000000022cbc      0x200 
                0x0000000000022ebc                . = ALIGN (0x4)
                0x0000000000022ebc                __irq_stack_end__ = .
                0x0000000000022ebc                __stacks_end__ = .
                0x0000000000023000                . = ALIGN (0x1000)
                0x0000000000023000                __kernel_heap_start__ = .
                0x0000000000ffffff                . = 0xffffff
                0x0000000000ffffff                __kernel_heap_end__ = .
                0x0000000001000000                . = ALIGN (0x1000)
                0x0000000001000000                __after_kernel_heap__ = .
                0x0000000020000000                . = 0x20000000

.devices        0x0000000020000000   0xffffff
                0x0000000020000000                __devices_start__ = .
                0x0000000020ffffff                . = (. + 0xffffff)
 *fill*         0x0000000020000000   0xffffff 
                0x0000000020ffffff                __devices_end__ = .
LOAD ./libcsud.a
OUTPUT(build/kernel.elf elf32-littlearm)

.ARM.attributes
                0x0000000000000000       0x36
 .ARM.attributes
                0x0000000000000000       0x26 build/asm_tools.o
 .ARM.attributes
                0x0000000000000026       0x38 build/fb.o
 .ARM.attributes
                0x000000000000005e       0x38 build/hw.o
 .ARM.attributes
                0x0000000000000096       0x26 build/init.o
 .ARM.attributes
                0x00000000000000bc       0x26 build/keyboard.o
 .ARM.attributes
                0x00000000000000e2       0x38 build/kheap.o
 .ARM.attributes
                0x000000000000011a       0x38 build/pwm.o
 .ARM.attributes
                0x0000000000000152       0x38 build/sched.o
 .ARM.attributes
                0x000000000000018a       0x38 build/syscall.o
 .ARM.attributes
                0x00000000000001c2       0x38 build/uart.o
 .ARM.attributes
                0x00000000000001fa       0x38 build/util.o
 .ARM.attributes
                0x0000000000000232       0x38 build/kmain.o
 .ARM.attributes
                0x000000000000026a       0x32 ./libcsud.a(device.keyboard.c.o)
 .ARM.attributes
                0x000000000000029c       0x32 ./libcsud.a(platform.c.o)
 .ARM.attributes
                0x00000000000002ce       0x32 ./libcsud.a(usbd.c.o)
 .ARM.attributes
                0x0000000000000300       0x32 ./libcsud.a(device.hid.c.o)
 .ARM.attributes
                0x0000000000000332       0x32 ./libcsud.a(device.hub.c.o)
 .ARM.attributes
                0x0000000000000364       0x32 ./libcsud.a(hcd.designware20.c.o)
 .ARM.attributes
                0x0000000000000396       0x32 ./libcsud.a(hcd.designware20.roothub.c.o)
 .ARM.attributes
                0x00000000000003c8       0x32 ./libcsud.a(platform.armv6.c.o)
 .ARM.attributes
                0x00000000000003fa       0x32 ./libcsud.a(platform.broadcom2835.c.o)

.comment        0x0000000000000000       0x30
 .comment       0x0000000000000000       0x1f build/fb.o
                                         0x20 (size before relaxing)
 .comment       0x0000000000000000       0x20 build/hw.o
 .comment       0x0000000000000000       0x20 build/kheap.o
 .comment       0x0000000000000000       0x20 build/pwm.o
 .comment       0x0000000000000000       0x20 build/sched.o
 .comment       0x0000000000000000       0x20 build/syscall.o
 .comment       0x0000000000000000       0x20 build/uart.o
 .comment       0x0000000000000000       0x20 build/util.o
 .comment       0x0000000000000000       0x20 build/kmain.o
 .comment       0x000000000000001f       0x11 ./libcsud.a(device.keyboard.c.o)
                                         0x12 (size before relaxing)
 .comment       0x0000000000000000       0x12 ./libcsud.a(platform.c.o)
 .comment       0x0000000000000000       0x12 ./libcsud.a(usbd.c.o)
 .comment       0x0000000000000000       0x12 ./libcsud.a(device.hid.c.o)
 .comment       0x0000000000000000       0x12 ./libcsud.a(device.hub.c.o)
 .comment       0x0000000000000000       0x12 ./libcsud.a(hcd.designware20.c.o)
 .comment       0x0000000000000000       0x12 ./libcsud.a(hcd.designware20.roothub.c.o)
 .comment       0x0000000000000000       0x12 ./libcsud.a(platform.armv6.c.o)
 .comment       0x0000000000000000       0x12 ./libcsud.a(platform.broadcom2835.c.o)

.debug_line     0x0000000000000000      0xaf1
 .debug_line    0x0000000000000000       0x4e build/asm_tools.o
 .debug_line    0x000000000000004e      0x25d build/fb.o
 .debug_line    0x00000000000002ab       0xe0 build/hw.o
 .debug_line    0x000000000000038b       0x67 build/init.o
 .debug_line    0x00000000000003f2       0x9b build/keyboard.o
 .debug_line    0x000000000000048d       0xf4 build/kheap.o
 .debug_line    0x0000000000000581       0x7a build/pwm.o
 .debug_line    0x00000000000005fb      0x12b build/sched.o
 .debug_line    0x0000000000000726       0xc6 build/syscall.o
 .debug_line    0x00000000000007ec       0xf5 build/uart.o
 .debug_line    0x00000000000008e1       0x3d build/util.o
 .debug_line    0x000000000000091e      0x1d3 build/kmain.o

.debug_info     0x0000000000000000     0x1bbf
 .debug_info    0x0000000000000000       0x5b build/asm_tools.o
 .debug_info    0x000000000000005b      0x744 build/fb.o
 .debug_info    0x000000000000079f      0x29a build/hw.o
 .debug_info    0x0000000000000a39       0x56 build/init.o
 .debug_info    0x0000000000000a8f       0x5a build/keyboard.o
 .debug_info    0x0000000000000ae9      0x28b build/kheap.o
 .debug_info    0x0000000000000d74      0x163 build/pwm.o
 .debug_info    0x0000000000000ed7      0x39e build/sched.o
 .debug_info    0x0000000000001275      0x234 build/syscall.o
 .debug_info    0x00000000000014a9      0x261 build/uart.o
 .debug_info    0x000000000000170a       0x6c build/util.o
 .debug_info    0x0000000000001776      0x449 build/kmain.o

.debug_abbrev   0x0000000000000000      0xae1
 .debug_abbrev  0x0000000000000000       0x14 build/asm_tools.o
 .debug_abbrev  0x0000000000000014      0x22d build/fb.o
 .debug_abbrev  0x0000000000000241      0x146 build/hw.o
 .debug_abbrev  0x0000000000000387       0x14 build/init.o
 .debug_abbrev  0x000000000000039b       0x14 build/keyboard.o
 .debug_abbrev  0x00000000000003af      0x12d build/kheap.o
 .debug_abbrev  0x00000000000004dc       0xd1 build/pwm.o
 .debug_abbrev  0x00000000000005ad      0x16b build/sched.o
 .debug_abbrev  0x0000000000000718      0x105 build/syscall.o
 .debug_abbrev  0x000000000000081d      0x10a build/uart.o
 .debug_abbrev  0x0000000000000927       0x5c build/util.o
 .debug_abbrev  0x0000000000000983      0x15e build/kmain.o

.debug_aranges  0x0000000000000000      0x180
 .debug_aranges
                0x0000000000000000       0x20 build/asm_tools.o
 .debug_aranges
                0x0000000000000020       0x20 build/fb.o
 .debug_aranges
                0x0000000000000040       0x20 build/hw.o
 .debug_aranges
                0x0000000000000060       0x20 build/init.o
 .debug_aranges
                0x0000000000000080       0x20 build/keyboard.o
 .debug_aranges
                0x00000000000000a0       0x20 build/kheap.o
 .debug_aranges
                0x00000000000000c0       0x20 build/pwm.o
 .debug_aranges
                0x00000000000000e0       0x20 build/sched.o
 .debug_aranges
                0x0000000000000100       0x20 build/syscall.o
 .debug_aranges
                0x0000000000000120       0x20 build/uart.o
 .debug_aranges
                0x0000000000000140       0x20 build/util.o
 .debug_aranges
                0x0000000000000160       0x20 build/kmain.o

.debug_str      0x0000000000000000      0x90f
 .debug_str     0x0000000000000000      0x338 build/fb.o
                                        0x37d (size before relaxing)
 .debug_str     0x0000000000000338      0x10b build/hw.o
                                        0x218 (size before relaxing)
 .debug_str     0x0000000000000443       0xd8 build/kheap.o
                                        0x1f1 (size before relaxing)
 .debug_str     0x000000000000051b       0x58 build/pwm.o
                                        0x160 (size before relaxing)
 .debug_str     0x0000000000000573      0x12c build/sched.o
                                        0x25f (size before relaxing)
 .debug_str     0x000000000000069f       0x64 build/syscall.o
                                        0x1bd (size before relaxing)
 .debug_str     0x0000000000000703       0xbd build/uart.o
                                        0x1cc (size before relaxing)
 .debug_str     0x00000000000007c0       0x1f build/util.o
                                         0xa3 (size before relaxing)
 .debug_str     0x00000000000007df      0x130 build/kmain.o
                                        0x254 (size before relaxing)

.debug_frame    0x0000000000000000      0x7c0
 .debug_frame   0x0000000000000000      0x208 build/fb.o
 .debug_frame   0x0000000000000208      0x14c build/hw.o
 .debug_frame   0x0000000000000354       0x84 build/kheap.o
 .debug_frame   0x00000000000003d8       0x54 build/pwm.o
 .debug_frame   0x000000000000042c       0xf8 build/sched.o
 .debug_frame   0x0000000000000524       0xe0 build/syscall.o
 .debug_frame   0x0000000000000604       0xa0 build/uart.o
 .debug_frame   0x00000000000006a4       0x24 build/util.o
 .debug_frame   0x00000000000006c8       0xf8 build/kmain.o
